[2022-11-18T23:24:48.505+0100][gc] Using G1
[2022-11-18T23:24:48.511+0100][gc,init] Version: 17+35 (release)
[2022-11-18T23:24:48.511+0100][gc,init] CPUs: 8 total, 8 available
[2022-11-18T23:24:48.511+0100][gc,init] Memory: 8192M
[2022-11-18T23:24:48.511+0100][gc,init] Large Page Support: Disabled
[2022-11-18T23:24:48.511+0100][gc,init] NUMA Support: Disabled
[2022-11-18T23:24:48.511+0100][gc,init] Compressed Oops: Enabled (Zero based)
[2022-11-18T23:24:48.511+0100][gc,init] Heap Region Size: 1M
[2022-11-18T23:24:48.511+0100][gc,init] Heap Min Capacity: 1G
[2022-11-18T23:24:48.511+0100][gc,init] Heap Initial Capacity: 1G
[2022-11-18T23:24:48.511+0100][gc,init] Heap Max Capacity: 1G
[2022-11-18T23:24:48.511+0100][gc,init] Pre-touch: Disabled
[2022-11-18T23:24:48.511+0100][gc,init] Parallel Workers: 8
[2022-11-18T23:24:48.511+0100][gc,init] Concurrent Workers: 2
[2022-11-18T23:24:48.511+0100][gc,init] Concurrent Refinement Workers: 8
[2022-11-18T23:24:48.511+0100][gc,init] Periodic GC: Disabled
[2022-11-18T23:24:48.512+0100][gc,metaspace] CDS archive(s) mapped at: [0x0000000800000000-0x0000000800bcd000-0x0000000800bcd000), size 12374016, SharedBaseAddress: 0x0000000800000000, ArchiveRelocationMode: 0.
[2022-11-18T23:24:48.512+0100][gc,metaspace] Compressed class space mapped at: 0x0000000800c00000-0x0000000840c00000, reserved size: 1073741824
[2022-11-18T23:24:48.512+0100][gc,metaspace] Narrow klass base: 0x0000000800000000, Narrow klass shift: 0, Narrow klass range: 0x100000000
[2022-11-18T23:24:49.973+0100][gc,start    ] GC(0) Pause Young (Normal) (G1 Evacuation Pause)
[2022-11-18T23:24:49.973+0100][gc,task     ] GC(0) Using 8 workers of 8 for evacuation
[2022-11-18T23:24:49.980+0100][gc,phases   ] GC(0)   Pre Evacuate Collection Set: 0.1ms
[2022-11-18T23:24:49.980+0100][gc,phases   ] GC(0)   Merge Heap Roots: 0.0ms
[2022-11-18T23:24:49.980+0100][gc,phases   ] GC(0)   Evacuate Collection Set: 5.8ms
[2022-11-18T23:24:49.980+0100][gc,phases   ] GC(0)   Post Evacuate Collection Set: 0.5ms
[2022-11-18T23:24:49.980+0100][gc,phases   ] GC(0)   Other: 0.5ms
[2022-11-18T23:24:49.980+0100][gc,heap     ] GC(0) Eden regions: 51->0(44)
[2022-11-18T23:24:49.980+0100][gc,heap     ] GC(0) Survivor regions: 0->7(7)
[2022-11-18T23:24:49.980+0100][gc,heap     ] GC(0) Old regions: 0->1
[2022-11-18T23:24:49.980+0100][gc,heap     ] GC(0) Archive regions: 2->2
[2022-11-18T23:24:49.980+0100][gc,heap     ] GC(0) Humongous regions: 0->0
[2022-11-18T23:24:49.980+0100][gc,metaspace] GC(0) Metaspace: 17689K(17856K)->17689K(17856K) NonClass: 15550K(15616K)->15550K(15616K) Class: 2139K(2240K)->2139K(2240K)
[2022-11-18T23:24:49.980+0100][gc          ] GC(0) Pause Young (Normal) (G1 Evacuation Pause) 51M->8M(1024M) 7.034ms
[2022-11-18T23:24:49.980+0100][gc,cpu      ] GC(0) User=0.02s Sys=0.01s Real=0.01s
[2022-11-18T23:24:50.303+0100][gc,start    ] GC(1) Pause Young (Concurrent Start) (Metadata GC Threshold)
[2022-11-18T23:24:50.303+0100][gc,task     ] GC(1) Using 8 workers of 8 for evacuation
[2022-11-18T23:24:50.309+0100][gc,phases   ] GC(1)   Pre Evacuate Collection Set: 0.1ms
[2022-11-18T23:24:50.309+0100][gc,phases   ] GC(1)   Merge Heap Roots: 0.1ms
[2022-11-18T23:24:50.309+0100][gc,phases   ] GC(1)   Evacuate Collection Set: 4.1ms
[2022-11-18T23:24:50.309+0100][gc,phases   ] GC(1)   Post Evacuate Collection Set: 0.5ms
[2022-11-18T23:24:50.309+0100][gc,phases   ] GC(1)   Other: 1.4ms
[2022-11-18T23:24:50.309+0100][gc,heap     ] GC(1) Eden regions: 13->0(49)
[2022-11-18T23:24:50.309+0100][gc,heap     ] GC(1) Survivor regions: 7->2(7)
[2022-11-18T23:24:50.309+0100][gc,heap     ] GC(1) Old regions: 1->7
[2022-11-18T23:24:50.309+0100][gc,heap     ] GC(1) Archive regions: 2->2
[2022-11-18T23:24:50.309+0100][gc,heap     ] GC(1) Humongous regions: 0->0
[2022-11-18T23:24:50.309+0100][gc,metaspace] GC(1) Metaspace: 21248K(21504K)->21248K(21504K) NonClass: 18645K(18752K)->18645K(18752K) Class: 2602K(2752K)->2602K(2752K)
[2022-11-18T23:24:50.309+0100][gc          ] GC(1) Pause Young (Concurrent Start) (Metadata GC Threshold) 20M->9M(1024M) 6.308ms
[2022-11-18T23:24:50.309+0100][gc,cpu      ] GC(1) User=0.02s Sys=0.01s Real=0.00s
[2022-11-18T23:24:50.310+0100][gc          ] GC(2) Concurrent Mark Cycle
[2022-11-18T23:24:50.310+0100][gc,marking  ] GC(2) Concurrent Clear Claimed Marks
[2022-11-18T23:24:50.310+0100][gc,marking  ] GC(2) Concurrent Clear Claimed Marks 0.013ms
[2022-11-18T23:24:50.310+0100][gc,marking  ] GC(2) Concurrent Scan Root Regions
[2022-11-18T23:24:50.312+0100][gc,marking  ] GC(2) Concurrent Scan Root Regions 2.359ms
[2022-11-18T23:24:50.312+0100][gc,marking  ] GC(2) Concurrent Mark
[2022-11-18T23:24:50.312+0100][gc,marking  ] GC(2) Concurrent Mark From Roots
[2022-11-18T23:24:50.312+0100][gc,task     ] GC(2) Using 2 workers of 2 for marking
[2022-11-18T23:24:50.315+0100][gc,marking  ] GC(2) Concurrent Mark From Roots 2.633ms
[2022-11-18T23:24:50.315+0100][gc,marking  ] GC(2) Concurrent Preclean
[2022-11-18T23:24:50.315+0100][gc,marking  ] GC(2) Concurrent Preclean 0.063ms
[2022-11-18T23:24:50.315+0100][gc,start    ] GC(2) Pause Remark
[2022-11-18T23:24:50.317+0100][gc          ] GC(2) Pause Remark 9M->9M(1024M) 2.451ms
[2022-11-18T23:24:50.317+0100][gc,cpu      ] GC(2) User=0.00s Sys=0.00s Real=0.00s
[2022-11-18T23:24:50.317+0100][gc,marking  ] GC(2) Concurrent Mark 5.510ms
[2022-11-18T23:24:50.317+0100][gc,marking  ] GC(2) Concurrent Rebuild Remembered Sets
[2022-11-18T23:24:50.317+0100][gc,marking  ] GC(2) Concurrent Rebuild Remembered Sets 0.006ms
[2022-11-18T23:24:50.318+0100][gc,start    ] GC(2) Pause Cleanup
[2022-11-18T23:24:50.318+0100][gc          ] GC(2) Pause Cleanup 9M->9M(1024M) 0.037ms
[2022-11-18T23:24:50.318+0100][gc,cpu      ] GC(2) User=0.00s Sys=0.00s Real=0.00s
[2022-11-18T23:24:50.318+0100][gc,marking  ] GC(2) Concurrent Cleanup for Next Mark
[2022-11-18T23:24:50.324+0100][gc,marking  ] GC(2) Concurrent Cleanup for Next Mark 6.299ms
[2022-11-18T23:24:50.324+0100][gc          ] GC(2) Concurrent Mark Cycle 14.690ms
[2022-11-18T23:24:52.601+0100][gc,start    ] GC(3) Pause Young (Normal) (G1 Evacuation Pause)
[2022-11-18T23:24:52.601+0100][gc,task     ] GC(3) Using 8 workers of 8 for evacuation
[2022-11-18T23:24:52.604+0100][gc,phases   ] GC(3)   Pre Evacuate Collection Set: 0.1ms
[2022-11-18T23:24:52.604+0100][gc,phases   ] GC(3)   Merge Heap Roots: 0.0ms
[2022-11-18T23:24:52.604+0100][gc,phases   ] GC(3)   Evacuate Collection Set: 2.7ms
[2022-11-18T23:24:52.604+0100][gc,phases   ] GC(3)   Post Evacuate Collection Set: 0.3ms
[2022-11-18T23:24:52.604+0100][gc,phases   ] GC(3)   Other: 0.1ms
[2022-11-18T23:24:52.604+0100][gc,heap     ] GC(3) Eden regions: 49->0(45)
[2022-11-18T23:24:52.604+0100][gc,heap     ] GC(3) Survivor regions: 2->6(7)
[2022-11-18T23:24:52.604+0100][gc,heap     ] GC(3) Old regions: 7->7
[2022-11-18T23:24:52.604+0100][gc,heap     ] GC(3) Archive regions: 2->2
[2022-11-18T23:24:52.604+0100][gc,heap     ] GC(3) Humongous regions: 129->129
[2022-11-18T23:24:52.604+0100][gc,metaspace] GC(3) Metaspace: 30528K(30784K)->30528K(30784K) NonClass: 27006K(27136K)->27006K(27136K) Class: 3521K(3648K)->3521K(3648K)
[2022-11-18T23:24:52.604+0100][gc          ] GC(3) Pause Young (Normal) (G1 Evacuation Pause) 187M->142M(1024M) 3.273ms
[2022-11-18T23:24:52.604+0100][gc,cpu      ] GC(3) User=0.02s Sys=0.00s Real=0.00s
[2022-11-18T23:24:52.822+0100][gc,start    ] GC(4) Pause Young (Concurrent Start) (Metadata GC Threshold)
[2022-11-18T23:24:52.833+0100][gc,task     ] GC(4) Using 8 workers of 8 for evacuation
[2022-11-18T23:24:52.839+0100][gc,phases   ] GC(4)   Pre Evacuate Collection Set: 0.1ms
[2022-11-18T23:24:52.839+0100][gc,phases   ] GC(4)   Merge Heap Roots: 0.0ms
[2022-11-18T23:24:52.839+0100][gc,phases   ] GC(4)   Evacuate Collection Set: 5.1ms
[2022-11-18T23:24:52.839+0100][gc,phases   ] GC(4)   Post Evacuate Collection Set: 0.5ms
[2022-11-18T23:24:52.839+0100][gc,phases   ] GC(4)   Other: 11.5ms
[2022-11-18T23:24:52.839+0100][gc,heap     ] GC(4) Eden regions: 23->0(49)
[2022-11-18T23:24:52.839+0100][gc,heap     ] GC(4) Survivor regions: 6->2(7)
[2022-11-18T23:24:52.839+0100][gc,heap     ] GC(4) Old regions: 7->13
[2022-11-18T23:24:52.839+0100][gc,heap     ] GC(4) Archive regions: 2->2
[2022-11-18T23:24:52.839+0100][gc,heap     ] GC(4) Humongous regions: 129->129
[2022-11-18T23:24:52.839+0100][gc,metaspace] GC(4) Metaspace: 35785K(36096K)->35785K(36096K) NonClass: 31651K(31808K)->31651K(31808K) Class: 4133K(4288K)->4133K(4288K)
[2022-11-18T23:24:52.839+0100][gc          ] GC(4) Pause Young (Concurrent Start) (Metadata GC Threshold) 164M->143M(1024M) 17.368ms
[2022-11-18T23:24:52.839+0100][gc,cpu      ] GC(4) User=0.02s Sys=0.00s Real=0.01s
[2022-11-18T23:24:52.840+0100][gc          ] GC(5) Concurrent Mark Cycle
[2022-11-18T23:24:52.840+0100][gc,marking  ] GC(5) Concurrent Clear Claimed Marks
[2022-11-18T23:24:52.840+0100][gc,marking  ] GC(5) Concurrent Clear Claimed Marks 0.022ms
[2022-11-18T23:24:52.840+0100][gc,marking  ] GC(5) Concurrent Scan Root Regions
[2022-11-18T23:24:52.843+0100][gc,marking  ] GC(5) Concurrent Scan Root Regions 3.295ms
[2022-11-18T23:24:52.843+0100][gc,marking  ] GC(5) Concurrent Mark
[2022-11-18T23:24:52.843+0100][gc,marking  ] GC(5) Concurrent Mark From Roots
[2022-11-18T23:24:52.843+0100][gc,task     ] GC(5) Using 2 workers of 2 for marking
[2022-11-18T23:24:52.849+0100][gc,marking  ] GC(5) Concurrent Mark From Roots 6.317ms
[2022-11-18T23:24:52.849+0100][gc,marking  ] GC(5) Concurrent Preclean
[2022-11-18T23:24:52.849+0100][gc,marking  ] GC(5) Concurrent Preclean 0.099ms
[2022-11-18T23:24:52.850+0100][gc,start    ] GC(5) Pause Remark
[2022-11-18T23:24:52.851+0100][gc          ] GC(5) Pause Remark 145M->145M(1024M) 1.349ms
[2022-11-18T23:24:52.851+0100][gc,cpu      ] GC(5) User=0.01s Sys=0.00s Real=0.00s
[2022-11-18T23:24:52.851+0100][gc,marking  ] GC(5) Concurrent Mark 8.055ms
[2022-11-18T23:24:52.851+0100][gc,marking  ] GC(5) Concurrent Rebuild Remembered Sets
[2022-11-18T23:24:52.856+0100][gc,marking  ] GC(5) Concurrent Rebuild Remembered Sets 5.093ms
[2022-11-18T23:24:52.856+0100][gc,start    ] GC(5) Pause Cleanup
[2022-11-18T23:24:52.856+0100][gc          ] GC(5) Pause Cleanup 145M->145M(1024M) 0.128ms
[2022-11-18T23:24:52.856+0100][gc,cpu      ] GC(5) User=0.00s Sys=0.00s Real=0.00s
[2022-11-18T23:24:52.857+0100][gc,marking  ] GC(5) Concurrent Cleanup for Next Mark
[2022-11-18T23:24:52.862+0100][gc,marking  ] GC(5) Concurrent Cleanup for Next Mark 5.737ms
[2022-11-18T23:24:52.862+0100][gc          ] GC(5) Concurrent Mark Cycle 22.762ms
[2022-11-18T23:47:46.770+0100][gc,start    ] GC(6) Pause Young (Normal) (G1 Evacuation Pause)
[2022-11-18T23:47:46.771+0100][gc,task     ] GC(6) Using 8 workers of 8 for evacuation
[2022-11-18T23:47:46.813+0100][gc,mmu      ] GC(6) MMU target violated: 21.0ms (20.0ms/21.0ms)
[2022-11-18T23:47:46.813+0100][gc,phases   ] GC(6)   Pre Evacuate Collection Set: 3.1ms
[2022-11-18T23:47:46.813+0100][gc,phases   ] GC(6)   Merge Heap Roots: 0.5ms
[2022-11-18T23:47:46.813+0100][gc,phases   ] GC(6)   Evacuate Collection Set: 37.5ms
[2022-11-18T23:47:46.813+0100][gc,phases   ] GC(6)   Post Evacuate Collection Set: 0.5ms
[2022-11-18T23:47:46.813+0100][gc,phases   ] GC(6)   Other: 2.2ms
[2022-11-18T23:47:46.813+0100][gc,heap     ] GC(6) Eden regions: 49->0(48)
[2022-11-18T23:47:46.813+0100][gc,heap     ] GC(6) Survivor regions: 2->3(7)
[2022-11-18T23:47:46.813+0100][gc,heap     ] GC(6) Old regions: 13->13
[2022-11-18T23:47:46.813+0100][gc,heap     ] GC(6) Archive regions: 2->2
[2022-11-18T23:47:46.813+0100][gc,heap     ] GC(6) Humongous regions: 135->129
[2022-11-18T23:47:46.813+0100][gc,metaspace] GC(6) Metaspace: 38545K(39040K)->38545K(39040K) NonClass: 33971K(34240K)->33971K(34240K) Class: 4574K(4800K)->4574K(4800K)
[2022-11-18T23:47:46.813+0100][gc          ] GC(6) Pause Young (Normal) (G1 Evacuation Pause) 198M->144M(1024M) 43.679ms
[2022-11-18T23:47:46.813+0100][gc,cpu      ] GC(6) User=0.03s Sys=0.17s Real=0.04s
[2022-11-19T00:22:53.134+0100][gc,start    ] GC(7) Pause Young (Normal) (G1 Evacuation Pause)
[2022-11-19T00:22:53.135+0100][gc,task     ] GC(7) Using 8 workers of 8 for evacuation
[2022-11-19T00:22:53.155+0100][gc,phases   ] GC(7)   Pre Evacuate Collection Set: 2.5ms
[2022-11-19T00:22:53.155+0100][gc,phases   ] GC(7)   Merge Heap Roots: 0.3ms
[2022-11-19T00:22:53.155+0100][gc,phases   ] GC(7)   Evacuate Collection Set: 15.7ms
[2022-11-19T00:22:53.155+0100][gc,phases   ] GC(7)   Post Evacuate Collection Set: 0.7ms
[2022-11-19T00:22:53.155+0100][gc,phases   ] GC(7)   Other: 2.1ms
[2022-11-19T00:22:53.155+0100][gc,heap     ] GC(7) Eden regions: 48->0(48)
[2022-11-19T00:22:53.155+0100][gc,heap     ] GC(7) Survivor regions: 3->3(7)
[2022-11-19T00:22:53.155+0100][gc,heap     ] GC(7) Old regions: 13->13
[2022-11-19T00:22:53.155+0100][gc,heap     ] GC(7) Archive regions: 2->2
[2022-11-19T00:22:53.155+0100][gc,heap     ] GC(7) Humongous regions: 129->129
[2022-11-19T00:22:53.155+0100][gc,metaspace] GC(7) Metaspace: 38798K(39296K)->38798K(39296K) NonClass: 34223K(34496K)->34223K(34496K) Class: 4574K(4800K)->4574K(4800K)
[2022-11-19T00:22:53.155+0100][gc          ] GC(7) Pause Young (Normal) (G1 Evacuation Pause) 192M->144M(1024M) 21.291ms
[2022-11-19T00:22:53.155+0100][gc,cpu      ] GC(7) User=0.03s Sys=0.07s Real=0.02s
[2022-11-19T00:46:50.240+0100][gc,heap,exit] Heap
[2022-11-19T00:46:50.241+0100][gc,heap,exit]  garbage-first heap   total 1048576K, used 182440K [0x00000007c0000000, 0x0000000800000000)
[2022-11-19T00:46:50.241+0100][gc,heap,exit]   region size 1024K, 37 young (37888K), 3 survivors (3072K)
[2022-11-19T00:46:50.241+0100][gc,heap,exit]  Metaspace       used 40372K, committed 40960K, reserved 1089536K
[2022-11-19T00:46:50.241+0100][gc,heap,exit]   class space    used 4818K, committed 5056K, reserved 1048576K
