[2022-11-19T00:47:37.058+0100][gc] Using G1
[2022-11-19T00:47:37.063+0100][gc,init] Version: 17+35 (release)
[2022-11-19T00:47:37.063+0100][gc,init] CPUs: 8 total, 8 available
[2022-11-19T00:47:37.063+0100][gc,init] Memory: 8192M
[2022-11-19T00:47:37.063+0100][gc,init] Large Page Support: Disabled
[2022-11-19T00:47:37.063+0100][gc,init] NUMA Support: Disabled
[2022-11-19T00:47:37.063+0100][gc,init] Compressed Oops: Enabled (Zero based)
[2022-11-19T00:47:37.063+0100][gc,init] Heap Region Size: 1M
[2022-11-19T00:47:37.063+0100][gc,init] Heap Min Capacity: 1G
[2022-11-19T00:47:37.063+0100][gc,init] Heap Initial Capacity: 1G
[2022-11-19T00:47:37.063+0100][gc,init] Heap Max Capacity: 1G
[2022-11-19T00:47:37.063+0100][gc,init] Pre-touch: Disabled
[2022-11-19T00:47:37.063+0100][gc,init] Parallel Workers: 8
[2022-11-19T00:47:37.063+0100][gc,init] Concurrent Workers: 2
[2022-11-19T00:47:37.064+0100][gc,init] Concurrent Refinement Workers: 8
[2022-11-19T00:47:37.064+0100][gc,init] Periodic GC: Disabled
[2022-11-19T00:47:37.064+0100][gc,metaspace] CDS archive(s) mapped at: [0x0000000800000000-0x0000000800bcd000-0x0000000800bcd000), size 12374016, SharedBaseAddress: 0x0000000800000000, ArchiveRelocationMode: 0.
[2022-11-19T00:47:37.064+0100][gc,metaspace] Compressed class space mapped at: 0x0000000800c00000-0x0000000840c00000, reserved size: 1073741824
[2022-11-19T00:47:37.064+0100][gc,metaspace] Narrow klass base: 0x0000000800000000, Narrow klass shift: 0, Narrow klass range: 0x100000000
[2022-11-19T00:47:41.028+0100][gc,start    ] GC(0) Pause Young (Normal) (G1 Evacuation Pause)
[2022-11-19T00:47:41.028+0100][gc,task     ] GC(0) Using 8 workers of 8 for evacuation
[2022-11-19T00:47:41.033+0100][gc,phases   ] GC(0)   Pre Evacuate Collection Set: 0.1ms
[2022-11-19T00:47:41.033+0100][gc,phases   ] GC(0)   Merge Heap Roots: 0.1ms
[2022-11-19T00:47:41.033+0100][gc,phases   ] GC(0)   Evacuate Collection Set: 3.6ms
[2022-11-19T00:47:41.033+0100][gc,phases   ] GC(0)   Post Evacuate Collection Set: 0.5ms
[2022-11-19T00:47:41.033+0100][gc,phases   ] GC(0)   Other: 0.5ms
[2022-11-19T00:47:41.033+0100][gc,heap     ] GC(0) Eden regions: 51->0(44)
[2022-11-19T00:47:41.033+0100][gc,heap     ] GC(0) Survivor regions: 0->7(7)
[2022-11-19T00:47:41.033+0100][gc,heap     ] GC(0) Old regions: 0->1
[2022-11-19T00:47:41.033+0100][gc,heap     ] GC(0) Archive regions: 2->2
[2022-11-19T00:47:41.033+0100][gc,heap     ] GC(0) Humongous regions: 0->0
[2022-11-19T00:47:41.033+0100][gc,metaspace] GC(0) Metaspace: 17766K(17984K)->17766K(17984K) NonClass: 15618K(15744K)->15618K(15744K) Class: 2147K(2240K)->2147K(2240K)
[2022-11-19T00:47:41.033+0100][gc          ] GC(0) Pause Young (Normal) (G1 Evacuation Pause) 51M->8M(1024M) 4.947ms
[2022-11-19T00:47:41.033+0100][gc,cpu      ] GC(0) User=0.02s Sys=0.00s Real=0.01s
[2022-11-19T00:47:41.312+0100][gc,start    ] GC(1) Pause Young (Concurrent Start) (Metadata GC Threshold)
[2022-11-19T00:47:41.312+0100][gc,task     ] GC(1) Using 8 workers of 8 for evacuation
[2022-11-19T00:47:41.317+0100][gc,phases   ] GC(1)   Pre Evacuate Collection Set: 0.1ms
[2022-11-19T00:47:41.317+0100][gc,phases   ] GC(1)   Merge Heap Roots: 0.1ms
[2022-11-19T00:47:41.317+0100][gc,phases   ] GC(1)   Evacuate Collection Set: 4.7ms
[2022-11-19T00:47:41.317+0100][gc,phases   ] GC(1)   Post Evacuate Collection Set: 0.5ms
[2022-11-19T00:47:41.317+0100][gc,phases   ] GC(1)   Other: 0.3ms
[2022-11-19T00:47:41.317+0100][gc,heap     ] GC(1) Eden regions: 13->0(49)
[2022-11-19T00:47:41.317+0100][gc,heap     ] GC(1) Survivor regions: 7->2(7)
[2022-11-19T00:47:41.317+0100][gc,heap     ] GC(1) Old regions: 1->7
[2022-11-19T00:47:41.317+0100][gc,heap     ] GC(1) Archive regions: 2->2
[2022-11-19T00:47:41.317+0100][gc,heap     ] GC(1) Humongous regions: 0->0
[2022-11-19T00:47:41.317+0100][gc,metaspace] GC(1) Metaspace: 21277K(21504K)->21277K(21504K) NonClass: 18668K(18752K)->18668K(18752K) Class: 2609K(2752K)->2609K(2752K)
[2022-11-19T00:47:41.317+0100][gc          ] GC(1) Pause Young (Concurrent Start) (Metadata GC Threshold) 20M->8M(1024M) 5.829ms
[2022-11-19T00:47:41.317+0100][gc,cpu      ] GC(1) User=0.02s Sys=0.01s Real=0.00s
[2022-11-19T00:47:41.318+0100][gc          ] GC(2) Concurrent Mark Cycle
[2022-11-19T00:47:41.318+0100][gc,marking  ] GC(2) Concurrent Clear Claimed Marks
[2022-11-19T00:47:41.318+0100][gc,marking  ] GC(2) Concurrent Clear Claimed Marks 0.014ms
[2022-11-19T00:47:41.318+0100][gc,marking  ] GC(2) Concurrent Scan Root Regions
[2022-11-19T00:47:41.320+0100][gc,marking  ] GC(2) Concurrent Scan Root Regions 2.224ms
[2022-11-19T00:47:41.320+0100][gc,marking  ] GC(2) Concurrent Mark
[2022-11-19T00:47:41.320+0100][gc,marking  ] GC(2) Concurrent Mark From Roots
[2022-11-19T00:47:41.320+0100][gc,task     ] GC(2) Using 2 workers of 2 for marking
[2022-11-19T00:47:41.321+0100][gc,marking  ] GC(2) Concurrent Mark From Roots 1.298ms
[2022-11-19T00:47:41.321+0100][gc,marking  ] GC(2) Concurrent Preclean
[2022-11-19T00:47:41.321+0100][gc,marking  ] GC(2) Concurrent Preclean 0.026ms
[2022-11-19T00:47:41.321+0100][gc,start    ] GC(2) Pause Remark
[2022-11-19T00:47:41.323+0100][gc          ] GC(2) Pause Remark 9M->9M(1024M) 1.117ms
[2022-11-19T00:47:41.323+0100][gc,cpu      ] GC(2) User=0.00s Sys=0.00s Real=0.00s
[2022-11-19T00:47:41.323+0100][gc,marking  ] GC(2) Concurrent Mark 2.744ms
[2022-11-19T00:47:41.323+0100][gc,marking  ] GC(2) Concurrent Rebuild Remembered Sets
[2022-11-19T00:47:41.323+0100][gc,marking  ] GC(2) Concurrent Rebuild Remembered Sets 0.007ms
[2022-11-19T00:47:41.323+0100][gc,start    ] GC(2) Pause Cleanup
[2022-11-19T00:47:41.323+0100][gc          ] GC(2) Pause Cleanup 9M->9M(1024M) 0.026ms
[2022-11-19T00:47:41.323+0100][gc,cpu      ] GC(2) User=0.00s Sys=0.00s Real=0.00s
[2022-11-19T00:47:41.323+0100][gc,marking  ] GC(2) Concurrent Cleanup for Next Mark
[2022-11-19T00:47:41.327+0100][gc,marking  ] GC(2) Concurrent Cleanup for Next Mark 4.550ms
[2022-11-19T00:47:41.328+0100][gc          ] GC(2) Concurrent Mark Cycle 10.209ms
[2022-11-19T00:47:43.497+0100][gc,start    ] GC(3) Pause Young (Normal) (G1 Evacuation Pause)
[2022-11-19T00:47:43.497+0100][gc,task     ] GC(3) Using 8 workers of 8 for evacuation
[2022-11-19T00:47:43.500+0100][gc,phases   ] GC(3)   Pre Evacuate Collection Set: 0.1ms
[2022-11-19T00:47:43.500+0100][gc,phases   ] GC(3)   Merge Heap Roots: 0.1ms
[2022-11-19T00:47:43.500+0100][gc,phases   ] GC(3)   Evacuate Collection Set: 2.3ms
[2022-11-19T00:47:43.500+0100][gc,phases   ] GC(3)   Post Evacuate Collection Set: 0.3ms
[2022-11-19T00:47:43.500+0100][gc,phases   ] GC(3)   Other: 0.1ms
[2022-11-19T00:47:43.500+0100][gc,heap     ] GC(3) Eden regions: 49->0(45)
[2022-11-19T00:47:43.500+0100][gc,heap     ] GC(3) Survivor regions: 2->6(7)
[2022-11-19T00:47:43.500+0100][gc,heap     ] GC(3) Old regions: 7->7
[2022-11-19T00:47:43.500+0100][gc,heap     ] GC(3) Archive regions: 2->2
[2022-11-19T00:47:43.500+0100][gc,heap     ] GC(3) Humongous regions: 129->129
[2022-11-19T00:47:43.500+0100][gc,metaspace] GC(3) Metaspace: 30361K(30656K)->30361K(30656K) NonClass: 26841K(27008K)->26841K(27008K) Class: 3519K(3648K)->3519K(3648K)
[2022-11-19T00:47:43.500+0100][gc          ] GC(3) Pause Young (Normal) (G1 Evacuation Pause) 186M->142M(1024M) 2.965ms
[2022-11-19T00:47:43.500+0100][gc,cpu      ] GC(3) User=0.02s Sys=0.00s Real=0.01s
[2022-11-19T00:47:45.155+0100][gc,heap,exit] Heap
[2022-11-19T00:47:45.155+0100][gc,heap,exit]  garbage-first heap   total 1048576K, used 154953K [0x00000007c0000000, 0x0000000800000000)
[2022-11-19T00:47:45.155+0100][gc,heap,exit]   region size 1024K, 16 young (16384K), 6 survivors (6144K)
[2022-11-19T00:47:45.155+0100][gc,heap,exit]  Metaspace       used 31221K, committed 31488K, reserved 1081344K
[2022-11-19T00:47:45.155+0100][gc,heap,exit]   class space    used 3684K, committed 3776K, reserved 1048576K
