[2022-12-07T10:07:47.919+0100][gc] Using G1
[2022-12-07T10:07:47.925+0100][gc,init] Version: 17+35 (release)
[2022-12-07T10:07:47.925+0100][gc,init] CPUs: 8 total, 8 available
[2022-12-07T10:07:47.925+0100][gc,init] Memory: 8192M
[2022-12-07T10:07:47.925+0100][gc,init] Large Page Support: Disabled
[2022-12-07T10:07:47.925+0100][gc,init] NUMA Support: Disabled
[2022-12-07T10:07:47.925+0100][gc,init] Compressed Oops: Enabled (Zero based)
[2022-12-07T10:07:47.925+0100][gc,init] Heap Region Size: 1M
[2022-12-07T10:07:47.925+0100][gc,init] Heap Min Capacity: 1G
[2022-12-07T10:07:47.925+0100][gc,init] Heap Initial Capacity: 1G
[2022-12-07T10:07:47.925+0100][gc,init] Heap Max Capacity: 1G
[2022-12-07T10:07:47.925+0100][gc,init] Pre-touch: Disabled
[2022-12-07T10:07:47.925+0100][gc,init] Parallel Workers: 8
[2022-12-07T10:07:47.925+0100][gc,init] Concurrent Workers: 2
[2022-12-07T10:07:47.925+0100][gc,init] Concurrent Refinement Workers: 8
[2022-12-07T10:07:47.925+0100][gc,init] Periodic GC: Disabled
[2022-12-07T10:07:47.925+0100][gc,metaspace] CDS archive(s) mapped at: [0x0000000800000000-0x0000000800bcd000-0x0000000800bcd000), size 12374016, SharedBaseAddress: 0x0000000800000000, ArchiveRelocationMode: 0.
[2022-12-07T10:07:47.925+0100][gc,metaspace] Compressed class space mapped at: 0x0000000800c00000-0x0000000840c00000, reserved size: 1073741824
[2022-12-07T10:07:47.925+0100][gc,metaspace] Narrow klass base: 0x0000000800000000, Narrow klass shift: 0, Narrow klass range: 0x100000000
[2022-12-07T10:07:49.581+0100][gc,start    ] GC(0) Pause Young (Normal) (G1 Evacuation Pause)
[2022-12-07T10:07:49.581+0100][gc,task     ] GC(0) Using 8 workers of 8 for evacuation
[2022-12-07T10:07:49.585+0100][gc,phases   ] GC(0)   Pre Evacuate Collection Set: 0.1ms
[2022-12-07T10:07:49.585+0100][gc,phases   ] GC(0)   Merge Heap Roots: 0.0ms
[2022-12-07T10:07:49.586+0100][gc,phases   ] GC(0)   Evacuate Collection Set: 3.5ms
[2022-12-07T10:07:49.586+0100][gc,phases   ] GC(0)   Post Evacuate Collection Set: 0.6ms
[2022-12-07T10:07:49.586+0100][gc,phases   ] GC(0)   Other: 0.4ms
[2022-12-07T10:07:49.586+0100][gc,heap     ] GC(0) Eden regions: 51->0(44)
[2022-12-07T10:07:49.586+0100][gc,heap     ] GC(0) Survivor regions: 0->7(7)
[2022-12-07T10:07:49.586+0100][gc,heap     ] GC(0) Old regions: 0->1
[2022-12-07T10:07:49.586+0100][gc,heap     ] GC(0) Archive regions: 2->2
[2022-12-07T10:07:49.586+0100][gc,heap     ] GC(0) Humongous regions: 0->0
[2022-12-07T10:07:49.586+0100][gc,metaspace] GC(0) Metaspace: 17596K(17792K)->17596K(17792K) NonClass: 15470K(15616K)->15470K(15616K) Class: 2125K(2176K)->2125K(2176K)
[2022-12-07T10:07:49.586+0100][gc          ] GC(0) Pause Young (Normal) (G1 Evacuation Pause) 51M->8M(1024M) 5.184ms
[2022-12-07T10:07:49.586+0100][gc,cpu      ] GC(0) User=0.02s Sys=0.01s Real=0.00s
[2022-12-07T10:07:50.072+0100][gc,start    ] GC(1) Pause Young (Concurrent Start) (Metadata GC Threshold)
[2022-12-07T10:07:50.072+0100][gc,task     ] GC(1) Using 8 workers of 8 for evacuation
[2022-12-07T10:07:50.077+0100][gc,phases   ] GC(1)   Pre Evacuate Collection Set: 0.1ms
[2022-12-07T10:07:50.077+0100][gc,phases   ] GC(1)   Merge Heap Roots: 0.0ms
[2022-12-07T10:07:50.077+0100][gc,phases   ] GC(1)   Evacuate Collection Set: 4.3ms
[2022-12-07T10:07:50.077+0100][gc,phases   ] GC(1)   Post Evacuate Collection Set: 0.5ms
[2022-12-07T10:07:50.077+0100][gc,phases   ] GC(1)   Other: 0.2ms
[2022-12-07T10:07:50.077+0100][gc,heap     ] GC(1) Eden regions: 16->0(49)
[2022-12-07T10:07:50.077+0100][gc,heap     ] GC(1) Survivor regions: 7->2(7)
[2022-12-07T10:07:50.077+0100][gc,heap     ] GC(1) Old regions: 1->8
[2022-12-07T10:07:50.077+0100][gc,heap     ] GC(1) Archive regions: 2->2
[2022-12-07T10:07:50.077+0100][gc,heap     ] GC(1) Humongous regions: 129->129
[2022-12-07T10:07:50.077+0100][gc,metaspace] GC(1) Metaspace: 21233K(21504K)->21233K(21504K) NonClass: 18635K(18752K)->18635K(18752K) Class: 2597K(2752K)->2597K(2752K)
[2022-12-07T10:07:50.077+0100][gc          ] GC(1) Pause Young (Concurrent Start) (Metadata GC Threshold) 152M->138M(1024M) 5.286ms
[2022-12-07T10:07:50.077+0100][gc,cpu      ] GC(1) User=0.02s Sys=0.01s Real=0.00s
[2022-12-07T10:07:50.077+0100][gc          ] GC(2) Concurrent Mark Cycle
[2022-12-07T10:07:50.077+0100][gc,marking  ] GC(2) Concurrent Clear Claimed Marks
[2022-12-07T10:07:50.077+0100][gc,marking  ] GC(2) Concurrent Clear Claimed Marks 0.015ms
[2022-12-07T10:07:50.077+0100][gc,marking  ] GC(2) Concurrent Scan Root Regions
[2022-12-07T10:07:50.079+0100][gc,marking  ] GC(2) Concurrent Scan Root Regions 2.407ms
[2022-12-07T10:07:50.080+0100][gc,marking  ] GC(2) Concurrent Mark
[2022-12-07T10:07:50.080+0100][gc,marking  ] GC(2) Concurrent Mark From Roots
[2022-12-07T10:07:50.080+0100][gc,task     ] GC(2) Using 2 workers of 2 for marking
[2022-12-07T10:07:50.082+0100][gc,marking  ] GC(2) Concurrent Mark From Roots 2.884ms
[2022-12-07T10:07:50.082+0100][gc,marking  ] GC(2) Concurrent Preclean
[2022-12-07T10:07:50.082+0100][gc,marking  ] GC(2) Concurrent Preclean 0.029ms
[2022-12-07T10:07:50.083+0100][gc,start    ] GC(2) Pause Remark
[2022-12-07T10:07:50.085+0100][gc          ] GC(2) Pause Remark 139M->139M(1024M) 2.100ms
[2022-12-07T10:07:50.085+0100][gc,cpu      ] GC(2) User=0.01s Sys=0.00s Real=0.00s
[2022-12-07T10:07:50.085+0100][gc,marking  ] GC(2) Concurrent Mark 5.353ms
[2022-12-07T10:07:50.085+0100][gc,marking  ] GC(2) Concurrent Rebuild Remembered Sets
[2022-12-07T10:07:50.087+0100][gc,marking  ] GC(2) Concurrent Rebuild Remembered Sets 2.123ms
[2022-12-07T10:07:50.087+0100][gc,start    ] GC(2) Pause Cleanup
[2022-12-07T10:07:50.087+0100][gc          ] GC(2) Pause Cleanup 139M->139M(1024M) 0.117ms
[2022-12-07T10:07:50.087+0100][gc,cpu      ] GC(2) User=0.00s Sys=0.00s Real=0.00s
[2022-12-07T10:07:50.088+0100][gc,marking  ] GC(2) Concurrent Cleanup for Next Mark
[2022-12-07T10:07:50.094+0100][gc,marking  ] GC(2) Concurrent Cleanup for Next Mark 6.078ms
[2022-12-07T10:07:50.094+0100][gc          ] GC(2) Concurrent Mark Cycle 16.674ms
[2022-12-07T10:07:50.779+0100][gc,start    ] GC(3) Pause Young (Normal) (G1 Evacuation Pause)
[2022-12-07T10:07:50.779+0100][gc,task     ] GC(3) Using 8 workers of 8 for evacuation
[2022-12-07T10:07:50.783+0100][gc,phases   ] GC(3)   Pre Evacuate Collection Set: 0.1ms
[2022-12-07T10:07:50.783+0100][gc,phases   ] GC(3)   Merge Heap Roots: 0.1ms
[2022-12-07T10:07:50.783+0100][gc,phases   ] GC(3)   Evacuate Collection Set: 2.9ms
[2022-12-07T10:07:50.783+0100][gc,phases   ] GC(3)   Post Evacuate Collection Set: 0.5ms
[2022-12-07T10:07:50.783+0100][gc,phases   ] GC(3)   Other: 0.2ms
[2022-12-07T10:07:50.783+0100][gc,heap     ] GC(3) Eden regions: 49->0(45)
[2022-12-07T10:07:50.783+0100][gc,heap     ] GC(3) Survivor regions: 2->6(7)
[2022-12-07T10:07:50.783+0100][gc,heap     ] GC(3) Old regions: 8->8
[2022-12-07T10:07:50.783+0100][gc,heap     ] GC(3) Archive regions: 2->2
[2022-12-07T10:07:50.783+0100][gc,heap     ] GC(3) Humongous regions: 129->129
[2022-12-07T10:07:50.783+0100][gc,metaspace] GC(3) Metaspace: 32528K(32768K)->32528K(32768K) NonClass: 28817K(28928K)->28817K(28928K) Class: 3710K(3840K)->3710K(3840K)
[2022-12-07T10:07:50.783+0100][gc          ] GC(3) Pause Young (Normal) (G1 Evacuation Pause) 187M->142M(1024M) 3.826ms
[2022-12-07T10:07:50.783+0100][gc,cpu      ] GC(3) User=0.02s Sys=0.00s Real=0.01s
[2022-12-07T10:10:57.324+0100][gc,start    ] GC(4) Pause Young (Concurrent Start) (Metadata GC Threshold)
[2022-12-07T10:10:57.324+0100][gc,task     ] GC(4) Using 8 workers of 8 for evacuation
[2022-12-07T10:10:57.332+0100][gc,phases   ] GC(4)   Pre Evacuate Collection Set: 0.2ms
[2022-12-07T10:10:57.333+0100][gc,phases   ] GC(4)   Merge Heap Roots: 0.1ms
[2022-12-07T10:10:57.333+0100][gc,phases   ] GC(4)   Evacuate Collection Set: 7.1ms
[2022-12-07T10:10:57.333+0100][gc,phases   ] GC(4)   Post Evacuate Collection Set: 0.5ms
[2022-12-07T10:10:57.333+0100][gc,phases   ] GC(4)   Other: 0.6ms
[2022-12-07T10:10:57.333+0100][gc,heap     ] GC(4) Eden regions: 18->0(49)
[2022-12-07T10:10:57.333+0100][gc,heap     ] GC(4) Survivor regions: 6->2(7)
[2022-12-07T10:10:57.333+0100][gc,heap     ] GC(4) Old regions: 8->13
[2022-12-07T10:10:57.333+0100][gc,heap     ] GC(4) Archive regions: 2->2
[2022-12-07T10:10:57.333+0100][gc,heap     ] GC(4) Humongous regions: 129->129
[2022-12-07T10:10:57.333+0100][gc,metaspace] GC(4) Metaspace: 35814K(36096K)->35814K(36096K) NonClass: 31584K(31744K)->31584K(31744K) Class: 4229K(4352K)->4229K(4352K)
[2022-12-07T10:10:57.333+0100][gc          ] GC(4) Pause Young (Concurrent Start) (Metadata GC Threshold) 159M->143M(1024M) 8.698ms
[2022-12-07T10:10:57.333+0100][gc,cpu      ] GC(4) User=0.03s Sys=0.01s Real=0.01s
[2022-12-07T10:10:57.333+0100][gc          ] GC(5) Concurrent Mark Cycle
[2022-12-07T10:10:57.333+0100][gc,marking  ] GC(5) Concurrent Clear Claimed Marks
[2022-12-07T10:10:57.333+0100][gc,marking  ] GC(5) Concurrent Clear Claimed Marks 0.037ms
[2022-12-07T10:10:57.333+0100][gc,marking  ] GC(5) Concurrent Scan Root Regions
[2022-12-07T10:10:57.336+0100][gc,marking  ] GC(5) Concurrent Scan Root Regions 3.580ms
[2022-12-07T10:10:57.336+0100][gc,marking  ] GC(5) Concurrent Mark
[2022-12-07T10:10:57.337+0100][gc,marking  ] GC(5) Concurrent Mark From Roots
[2022-12-07T10:10:57.337+0100][gc,task     ] GC(5) Using 2 workers of 2 for marking
[2022-12-07T10:10:57.345+0100][gc,marking  ] GC(5) Concurrent Mark From Roots 8.335ms
[2022-12-07T10:10:57.345+0100][gc,marking  ] GC(5) Concurrent Preclean
[2022-12-07T10:10:57.345+0100][gc,marking  ] GC(5) Concurrent Preclean 0.091ms
[2022-12-07T10:10:57.345+0100][gc,start    ] GC(5) Pause Remark
[2022-12-07T10:10:57.347+0100][gc          ] GC(5) Pause Remark 144M->144M(1024M) 1.647ms
[2022-12-07T10:10:57.347+0100][gc,cpu      ] GC(5) User=0.00s Sys=0.00s Real=0.00s
[2022-12-07T10:10:57.347+0100][gc,marking  ] GC(5) Concurrent Mark 10.411ms
[2022-12-07T10:10:57.347+0100][gc,marking  ] GC(5) Concurrent Rebuild Remembered Sets
[2022-12-07T10:10:57.352+0100][gc,marking  ] GC(5) Concurrent Rebuild Remembered Sets 4.892ms
[2022-12-07T10:10:57.352+0100][gc,start    ] GC(5) Pause Cleanup
[2022-12-07T10:10:57.352+0100][gc          ] GC(5) Pause Cleanup 144M->144M(1024M) 0.161ms
[2022-12-07T10:10:57.352+0100][gc,cpu      ] GC(5) User=0.00s Sys=0.00s Real=0.00s
[2022-12-07T10:10:57.352+0100][gc,marking  ] GC(5) Concurrent Cleanup for Next Mark
[2022-12-07T10:10:57.363+0100][gc,marking  ] GC(5) Concurrent Cleanup for Next Mark 10.745ms
[2022-12-07T10:10:57.363+0100][gc          ] GC(5) Concurrent Mark Cycle 30.436ms
[2022-12-07T10:43:47.559+0100][gc,start    ] GC(6) Pause Young (Prepare Mixed) (G1 Evacuation Pause)
[2022-12-07T10:43:47.560+0100][gc,task     ] GC(6) Using 8 workers of 8 for evacuation
[2022-12-07T10:43:47.596+0100][gc,mmu      ] GC(6) MMU target violated: 21.0ms (20.0ms/21.0ms)
[2022-12-07T10:43:47.596+0100][gc,phases   ] GC(6)   Pre Evacuate Collection Set: 7.1ms
[2022-12-07T10:43:47.596+0100][gc,phases   ] GC(6)   Merge Heap Roots: 5.1ms
[2022-12-07T10:43:47.596+0100][gc,phases   ] GC(6)   Evacuate Collection Set: 22.9ms
[2022-12-07T10:43:47.596+0100][gc,phases   ] GC(6)   Post Evacuate Collection Set: 0.5ms
[2022-12-07T10:43:47.596+0100][gc,phases   ] GC(6)   Other: 4.9ms
[2022-12-07T10:43:47.596+0100][gc,heap     ] GC(6) Eden regions: 49->0(48)
[2022-12-07T10:43:47.596+0100][gc,heap     ] GC(6) Survivor regions: 2->3(7)
[2022-12-07T10:43:47.596+0100][gc,heap     ] GC(6) Old regions: 13->13
[2022-12-07T10:43:47.596+0100][gc,heap     ] GC(6) Archive regions: 2->2
[2022-12-07T10:43:47.596+0100][gc,heap     ] GC(6) Humongous regions: 129->129
[2022-12-07T10:43:47.596+0100][gc,metaspace] GC(6) Metaspace: 38836K(39360K)->38836K(39360K) NonClass: 34240K(34496K)->34240K(34496K) Class: 4596K(4864K)->4596K(4864K)
[2022-12-07T10:43:47.596+0100][gc          ] GC(6) Pause Young (Prepare Mixed) (G1 Evacuation Pause) 192M->144M(1024M) 37.047ms
[2022-12-07T10:43:47.596+0100][gc,cpu      ] GC(6) User=0.02s Sys=0.10s Real=0.04s
[2022-12-07T10:53:57.558+0100][gc,start    ] GC(7) Pause Young (Mixed) (G1 Evacuation Pause)
[2022-12-07T10:53:57.559+0100][gc,task     ] GC(7) Using 8 workers of 8 for evacuation
[2022-12-07T10:53:57.588+0100][gc,mmu      ] GC(7) MMU target violated: 21.0ms (20.0ms/21.0ms)
[2022-12-07T10:53:57.588+0100][gc,phases   ] GC(7)   Pre Evacuate Collection Set: 2.7ms
[2022-12-07T10:53:57.588+0100][gc,phases   ] GC(7)   Merge Heap Roots: 0.2ms
[2022-12-07T10:53:57.588+0100][gc,phases   ] GC(7)   Evacuate Collection Set: 24.3ms
[2022-12-07T10:53:57.588+0100][gc,phases   ] GC(7)   Post Evacuate Collection Set: 1.3ms
[2022-12-07T10:53:57.588+0100][gc,phases   ] GC(7)   Other: 2.2ms
[2022-12-07T10:53:57.588+0100][gc,heap     ] GC(7) Eden regions: 48->0(48)
[2022-12-07T10:53:57.588+0100][gc,heap     ] GC(7) Survivor regions: 3->3(7)
[2022-12-07T10:53:57.588+0100][gc,heap     ] GC(7) Old regions: 13->13
[2022-12-07T10:53:57.588+0100][gc,heap     ] GC(7) Archive regions: 2->2
[2022-12-07T10:53:57.588+0100][gc,heap     ] GC(7) Humongous regions: 129->129
[2022-12-07T10:53:57.588+0100][gc,metaspace] GC(7) Metaspace: 39030K(39616K)->39030K(39616K) NonClass: 34432K(34752K)->34432K(34752K) Class: 4597K(4864K)->4597K(4864K)
[2022-12-07T10:53:57.588+0100][gc          ] GC(7) Pause Young (Mixed) (G1 Evacuation Pause) 192M->144M(1024M) 29.405ms
[2022-12-07T10:53:57.588+0100][gc,cpu      ] GC(7) User=0.02s Sys=0.08s Real=0.03s
[2022-12-07T11:03:25.315+0100][gc,start    ] GC(8) Pause Young (Normal) (G1 Evacuation Pause)
[2022-12-07T11:03:25.315+0100][gc,task     ] GC(8) Using 8 workers of 8 for evacuation
[2022-12-07T11:03:25.326+0100][gc,phases   ] GC(8)   Pre Evacuate Collection Set: 0.8ms
[2022-12-07T11:03:25.326+0100][gc,phases   ] GC(8)   Merge Heap Roots: 0.1ms
[2022-12-07T11:03:25.326+0100][gc,phases   ] GC(8)   Evacuate Collection Set: 9.4ms
[2022-12-07T11:03:25.326+0100][gc,phases   ] GC(8)   Post Evacuate Collection Set: 0.4ms
[2022-12-07T11:03:25.326+0100][gc,phases   ] GC(8)   Other: 0.4ms
[2022-12-07T11:03:25.326+0100][gc,heap     ] GC(8) Eden regions: 48->0(48)
[2022-12-07T11:03:25.326+0100][gc,heap     ] GC(8) Survivor regions: 3->3(7)
[2022-12-07T11:03:25.326+0100][gc,heap     ] GC(8) Old regions: 13->13
[2022-12-07T11:03:25.326+0100][gc,heap     ] GC(8) Archive regions: 2->2
[2022-12-07T11:03:25.326+0100][gc,heap     ] GC(8) Humongous regions: 129->129
[2022-12-07T11:03:25.326+0100][gc,metaspace] GC(8) Metaspace: 39266K(39808K)->39266K(39808K) NonClass: 34618K(34944K)->34618K(34944K) Class: 4648K(4864K)->4648K(4864K)
[2022-12-07T11:03:25.326+0100][gc          ] GC(8) Pause Young (Normal) (G1 Evacuation Pause) 192M->144M(1024M) 11.204ms
[2022-12-07T11:03:25.326+0100][gc,cpu      ] GC(8) User=0.02s Sys=0.02s Real=0.01s
[2022-12-07T11:03:26.498+0100][gc,heap,exit] Heap
[2022-12-07T11:03:26.498+0100][gc,heap,exit]  garbage-first heap   total 1048576K, used 155439K [0x00000007c0000000, 0x0000000800000000)
[2022-12-07T11:03:26.499+0100][gc,heap,exit]   region size 1024K, 10 young (10240K), 3 survivors (3072K)
[2022-12-07T11:03:26.499+0100][gc,heap,exit]  Metaspace       used 39758K, committed 40320K, reserved 1089536K
[2022-12-07T11:03:26.499+0100][gc,heap,exit]   class space    used 4763K, committed 4992K, reserved 1048576K
