[2022-12-30T20:59:03.423+0100][gc] Using G1
[2022-12-30T20:59:03.429+0100][gc,init] Version: 17+35 (release)
[2022-12-30T20:59:03.429+0100][gc,init] CPUs: 8 total, 8 available
[2022-12-30T20:59:03.429+0100][gc,init] Memory: 8192M
[2022-12-30T20:59:03.429+0100][gc,init] Large Page Support: Disabled
[2022-12-30T20:59:03.429+0100][gc,init] NUMA Support: Disabled
[2022-12-30T20:59:03.429+0100][gc,init] Compressed Oops: Enabled (Zero based)
[2022-12-30T20:59:03.429+0100][gc,init] Heap Region Size: 1M
[2022-12-30T20:59:03.429+0100][gc,init] Heap Min Capacity: 1G
[2022-12-30T20:59:03.429+0100][gc,init] Heap Initial Capacity: 1G
[2022-12-30T20:59:03.429+0100][gc,init] Heap Max Capacity: 1G
[2022-12-30T20:59:03.429+0100][gc,init] Pre-touch: Disabled
[2022-12-30T20:59:03.429+0100][gc,init] Parallel Workers: 8
[2022-12-30T20:59:03.429+0100][gc,init] Concurrent Workers: 2
[2022-12-30T20:59:03.429+0100][gc,init] Concurrent Refinement Workers: 8
[2022-12-30T20:59:03.429+0100][gc,init] Periodic GC: Disabled
[2022-12-30T20:59:03.429+0100][gc,metaspace] CDS archive(s) mapped at: [0x0000000800000000-0x0000000800bcd000-0x0000000800bcd000), size 12374016, SharedBaseAddress: 0x0000000800000000, ArchiveRelocationMode: 0.
[2022-12-30T20:59:03.429+0100][gc,metaspace] Compressed class space mapped at: 0x0000000800c00000-0x0000000840c00000, reserved size: 1073741824
[2022-12-30T20:59:03.429+0100][gc,metaspace] Narrow klass base: 0x0000000800000000, Narrow klass shift: 0, Narrow klass range: 0x100000000
[2022-12-30T20:59:05.068+0100][gc,start    ] GC(0) Pause Young (Normal) (G1 Evacuation Pause)
[2022-12-30T20:59:05.068+0100][gc,task     ] GC(0) Using 8 workers of 8 for evacuation
[2022-12-30T20:59:05.072+0100][gc,phases   ] GC(0)   Pre Evacuate Collection Set: 0.1ms
[2022-12-30T20:59:05.072+0100][gc,phases   ] GC(0)   Merge Heap Roots: 0.0ms
[2022-12-30T20:59:05.072+0100][gc,phases   ] GC(0)   Evacuate Collection Set: 3.4ms
[2022-12-30T20:59:05.072+0100][gc,phases   ] GC(0)   Post Evacuate Collection Set: 0.4ms
[2022-12-30T20:59:05.072+0100][gc,phases   ] GC(0)   Other: 0.4ms
[2022-12-30T20:59:05.072+0100][gc,heap     ] GC(0) Eden regions: 51->0(44)
[2022-12-30T20:59:05.072+0100][gc,heap     ] GC(0) Survivor regions: 0->7(7)
[2022-12-30T20:59:05.072+0100][gc,heap     ] GC(0) Old regions: 0->1
[2022-12-30T20:59:05.072+0100][gc,heap     ] GC(0) Archive regions: 2->2
[2022-12-30T20:59:05.072+0100][gc,heap     ] GC(0) Humongous regions: 0->0
[2022-12-30T20:59:05.072+0100][gc,metaspace] GC(0) Metaspace: 17636K(17792K)->17636K(17792K) NonClass: 15508K(15616K)->15508K(15616K) Class: 2128K(2176K)->2128K(2176K)
[2022-12-30T20:59:05.072+0100][gc          ] GC(0) Pause Young (Normal) (G1 Evacuation Pause) 51M->8M(1024M) 4.500ms
[2022-12-30T20:59:05.072+0100][gc,cpu      ] GC(0) User=0.02s Sys=0.01s Real=0.01s
[2022-12-30T20:59:05.489+0100][gc,start    ] GC(1) Pause Young (Concurrent Start) (Metadata GC Threshold)
[2022-12-30T20:59:05.489+0100][gc,task     ] GC(1) Using 8 workers of 8 for evacuation
[2022-12-30T20:59:05.494+0100][gc,phases   ] GC(1)   Pre Evacuate Collection Set: 0.1ms
[2022-12-30T20:59:05.494+0100][gc,phases   ] GC(1)   Merge Heap Roots: 0.1ms
[2022-12-30T20:59:05.494+0100][gc,phases   ] GC(1)   Evacuate Collection Set: 4.2ms
[2022-12-30T20:59:05.494+0100][gc,phases   ] GC(1)   Post Evacuate Collection Set: 0.3ms
[2022-12-30T20:59:05.494+0100][gc,phases   ] GC(1)   Other: 0.3ms
[2022-12-30T20:59:05.494+0100][gc,heap     ] GC(1) Eden regions: 15->0(49)
[2022-12-30T20:59:05.494+0100][gc,heap     ] GC(1) Survivor regions: 7->2(7)
[2022-12-30T20:59:05.494+0100][gc,heap     ] GC(1) Old regions: 1->7
[2022-12-30T20:59:05.494+0100][gc,heap     ] GC(1) Archive regions: 2->2
[2022-12-30T20:59:05.494+0100][gc,heap     ] GC(1) Humongous regions: 129->129
[2022-12-30T20:59:05.494+0100][gc,metaspace] GC(1) Metaspace: 21229K(21504K)->21229K(21504K) NonClass: 18632K(18752K)->18632K(18752K) Class: 2597K(2752K)->2597K(2752K)
[2022-12-30T20:59:05.494+0100][gc          ] GC(1) Pause Young (Concurrent Start) (Metadata GC Threshold) 151M->138M(1024M) 5.088ms
[2022-12-30T20:59:05.494+0100][gc,cpu      ] GC(1) User=0.02s Sys=0.00s Real=0.01s
[2022-12-30T20:59:05.494+0100][gc          ] GC(2) Concurrent Mark Cycle
[2022-12-30T20:59:05.494+0100][gc,marking  ] GC(2) Concurrent Clear Claimed Marks
[2022-12-30T20:59:05.494+0100][gc,marking  ] GC(2) Concurrent Clear Claimed Marks 0.013ms
[2022-12-30T20:59:05.494+0100][gc,marking  ] GC(2) Concurrent Scan Root Regions
[2022-12-30T20:59:05.496+0100][gc,marking  ] GC(2) Concurrent Scan Root Regions 2.224ms
[2022-12-30T20:59:05.496+0100][gc,marking  ] GC(2) Concurrent Mark
[2022-12-30T20:59:05.496+0100][gc,marking  ] GC(2) Concurrent Mark From Roots
[2022-12-30T20:59:05.496+0100][gc,task     ] GC(2) Using 2 workers of 2 for marking
[2022-12-30T20:59:05.499+0100][gc,marking  ] GC(2) Concurrent Mark From Roots 2.466ms
[2022-12-30T20:59:05.499+0100][gc,marking  ] GC(2) Concurrent Preclean
[2022-12-30T20:59:05.499+0100][gc,marking  ] GC(2) Concurrent Preclean 0.026ms
[2022-12-30T20:59:05.499+0100][gc,start    ] GC(2) Pause Remark
[2022-12-30T20:59:05.501+0100][gc          ] GC(2) Pause Remark 139M->139M(1024M) 1.379ms
[2022-12-30T20:59:05.501+0100][gc,cpu      ] GC(2) User=0.00s Sys=0.00s Real=0.01s
[2022-12-30T20:59:05.501+0100][gc,marking  ] GC(2) Concurrent Mark 4.186ms
[2022-12-30T20:59:05.501+0100][gc,marking  ] GC(2) Concurrent Rebuild Remembered Sets
[2022-12-30T20:59:05.501+0100][gc,marking  ] GC(2) Concurrent Rebuild Remembered Sets 0.007ms
[2022-12-30T20:59:05.501+0100][gc,start    ] GC(2) Pause Cleanup
[2022-12-30T20:59:05.501+0100][gc          ] GC(2) Pause Cleanup 139M->139M(1024M) 0.047ms
[2022-12-30T20:59:05.501+0100][gc,cpu      ] GC(2) User=0.00s Sys=0.00s Real=0.00s
[2022-12-30T20:59:05.501+0100][gc,marking  ] GC(2) Concurrent Cleanup for Next Mark
[2022-12-30T20:59:05.508+0100][gc,marking  ] GC(2) Concurrent Cleanup for Next Mark 6.675ms
[2022-12-30T20:59:05.508+0100][gc          ] GC(2) Concurrent Mark Cycle 13.496ms
[2022-12-30T20:59:06.163+0100][gc,start    ] GC(3) Pause Young (Normal) (G1 Evacuation Pause)
[2022-12-30T20:59:06.163+0100][gc,task     ] GC(3) Using 8 workers of 8 for evacuation
[2022-12-30T20:59:06.166+0100][gc,phases   ] GC(3)   Pre Evacuate Collection Set: 0.1ms
[2022-12-30T20:59:06.166+0100][gc,phases   ] GC(3)   Merge Heap Roots: 0.0ms
[2022-12-30T20:59:06.166+0100][gc,phases   ] GC(3)   Evacuate Collection Set: 2.3ms
[2022-12-30T20:59:06.166+0100][gc,phases   ] GC(3)   Post Evacuate Collection Set: 0.3ms
[2022-12-30T20:59:06.166+0100][gc,phases   ] GC(3)   Other: 0.1ms
[2022-12-30T20:59:06.166+0100][gc,heap     ] GC(3) Eden regions: 49->0(45)
[2022-12-30T20:59:06.166+0100][gc,heap     ] GC(3) Survivor regions: 2->6(7)
[2022-12-30T20:59:06.166+0100][gc,heap     ] GC(3) Old regions: 7->7
[2022-12-30T20:59:06.166+0100][gc,heap     ] GC(3) Archive regions: 2->2
[2022-12-30T20:59:06.166+0100][gc,heap     ] GC(3) Humongous regions: 129->129
[2022-12-30T20:59:06.166+0100][gc,metaspace] GC(3) Metaspace: 32443K(32704K)->32443K(32704K) NonClass: 28741K(28864K)->28741K(28864K) Class: 3701K(3840K)->3701K(3840K)
[2022-12-30T20:59:06.166+0100][gc          ] GC(3) Pause Young (Normal) (G1 Evacuation Pause) 187M->142M(1024M) 2.991ms
[2022-12-30T20:59:06.166+0100][gc,cpu      ] GC(3) User=0.02s Sys=0.00s Real=0.00s
[2022-12-30T20:59:26.126+0100][gc,start    ] GC(4) Pause Young (Concurrent Start) (Metadata GC Threshold)
[2022-12-30T20:59:26.126+0100][gc,task     ] GC(4) Using 8 workers of 8 for evacuation
[2022-12-30T20:59:26.132+0100][gc,phases   ] GC(4)   Pre Evacuate Collection Set: 0.1ms
[2022-12-30T20:59:26.132+0100][gc,phases   ] GC(4)   Merge Heap Roots: 0.1ms
[2022-12-30T20:59:26.132+0100][gc,phases   ] GC(4)   Evacuate Collection Set: 5.4ms
[2022-12-30T20:59:26.132+0100][gc,phases   ] GC(4)   Post Evacuate Collection Set: 0.4ms
[2022-12-30T20:59:26.132+0100][gc,phases   ] GC(4)   Other: 0.4ms
[2022-12-30T20:59:26.132+0100][gc,heap     ] GC(4) Eden regions: 16->0(49)
[2022-12-30T20:59:26.132+0100][gc,heap     ] GC(4) Survivor regions: 6->2(7)
[2022-12-30T20:59:26.132+0100][gc,heap     ] GC(4) Old regions: 7->13
[2022-12-30T20:59:26.132+0100][gc,heap     ] GC(4) Archive regions: 2->2
[2022-12-30T20:59:26.132+0100][gc,heap     ] GC(4) Humongous regions: 129->129
[2022-12-30T20:59:26.132+0100][gc,metaspace] GC(4) Metaspace: 35766K(36096K)->35766K(36096K) NonClass: 31541K(31744K)->31541K(31744K) Class: 4224K(4352K)->4224K(4352K)
[2022-12-30T20:59:26.132+0100][gc          ] GC(4) Pause Young (Concurrent Start) (Metadata GC Threshold) 158M->143M(1024M) 6.485ms
[2022-12-30T20:59:26.132+0100][gc,cpu      ] GC(4) User=0.03s Sys=0.01s Real=0.01s
[2022-12-30T20:59:26.132+0100][gc          ] GC(5) Concurrent Mark Cycle
[2022-12-30T20:59:26.132+0100][gc,marking  ] GC(5) Concurrent Clear Claimed Marks
[2022-12-30T20:59:26.132+0100][gc,marking  ] GC(5) Concurrent Clear Claimed Marks 0.022ms
[2022-12-30T20:59:26.132+0100][gc,marking  ] GC(5) Concurrent Scan Root Regions
[2022-12-30T20:59:26.136+0100][gc,marking  ] GC(5) Concurrent Scan Root Regions 3.383ms
[2022-12-30T20:59:26.136+0100][gc,marking  ] GC(5) Concurrent Mark
[2022-12-30T20:59:26.136+0100][gc,marking  ] GC(5) Concurrent Mark From Roots
[2022-12-30T20:59:26.136+0100][gc,task     ] GC(5) Using 2 workers of 2 for marking
[2022-12-30T20:59:26.142+0100][gc,marking  ] GC(5) Concurrent Mark From Roots 6.319ms
[2022-12-30T20:59:26.142+0100][gc,marking  ] GC(5) Concurrent Preclean
[2022-12-30T20:59:26.142+0100][gc,marking  ] GC(5) Concurrent Preclean 0.079ms
[2022-12-30T20:59:26.142+0100][gc,start    ] GC(5) Pause Remark
[2022-12-30T20:59:26.144+0100][gc          ] GC(5) Pause Remark 144M->144M(1024M) 1.477ms
[2022-12-30T20:59:26.144+0100][gc,cpu      ] GC(5) User=0.01s Sys=0.00s Real=0.00s
[2022-12-30T20:59:26.144+0100][gc,marking  ] GC(5) Concurrent Mark 8.139ms
[2022-12-30T20:59:26.144+0100][gc,marking  ] GC(5) Concurrent Rebuild Remembered Sets
[2022-12-30T20:59:26.149+0100][gc,marking  ] GC(5) Concurrent Rebuild Remembered Sets 5.263ms
[2022-12-30T20:59:26.149+0100][gc,start    ] GC(5) Pause Cleanup
[2022-12-30T20:59:26.149+0100][gc          ] GC(5) Pause Cleanup 145M->145M(1024M) 0.156ms
[2022-12-30T20:59:26.150+0100][gc,cpu      ] GC(5) User=0.00s Sys=0.00s Real=0.01s
[2022-12-30T20:59:26.150+0100][gc,marking  ] GC(5) Concurrent Cleanup for Next Mark
[2022-12-30T20:59:26.154+0100][gc,marking  ] GC(5) Concurrent Cleanup for Next Mark 4.909ms
[2022-12-30T20:59:26.155+0100][gc          ] GC(5) Concurrent Mark Cycle 22.237ms
[2022-12-30T21:06:59.852+0100][gc,start    ] GC(6) Pause Young (Normal) (G1 Evacuation Pause)
[2022-12-30T21:06:59.852+0100][gc,task     ] GC(6) Using 8 workers of 8 for evacuation
[2022-12-30T21:06:59.866+0100][gc,phases   ] GC(6)   Pre Evacuate Collection Set: 1.1ms
[2022-12-30T21:06:59.866+0100][gc,phases   ] GC(6)   Merge Heap Roots: 0.1ms
[2022-12-30T21:06:59.866+0100][gc,phases   ] GC(6)   Evacuate Collection Set: 12.0ms
[2022-12-30T21:06:59.866+0100][gc,phases   ] GC(6)   Post Evacuate Collection Set: 0.5ms
[2022-12-30T21:06:59.866+0100][gc,phases   ] GC(6)   Other: 0.5ms
[2022-12-30T21:06:59.866+0100][gc,heap     ] GC(6) Eden regions: 49->0(48)
[2022-12-30T21:06:59.866+0100][gc,heap     ] GC(6) Survivor regions: 2->3(7)
[2022-12-30T21:06:59.866+0100][gc,heap     ] GC(6) Old regions: 13->13
[2022-12-30T21:06:59.866+0100][gc,heap     ] GC(6) Archive regions: 2->2
[2022-12-30T21:06:59.866+0100][gc,heap     ] GC(6) Humongous regions: 129->129
[2022-12-30T21:06:59.866+0100][gc,metaspace] GC(6) Metaspace: 38303K(38848K)->38303K(38848K) NonClass: 33801K(34112K)->33801K(34112K) Class: 4502K(4736K)->4502K(4736K)
[2022-12-30T21:06:59.866+0100][gc          ] GC(6) Pause Young (Normal) (G1 Evacuation Pause) 192M->144M(1024M) 14.313ms
[2022-12-30T21:06:59.866+0100][gc,cpu      ] GC(6) User=0.02s Sys=0.06s Real=0.01s
[2022-12-30T21:16:56.203+0100][gc,start    ] GC(7) Pause Young (Normal) (G1 Evacuation Pause)
[2022-12-30T21:16:56.203+0100][gc,task     ] GC(7) Using 8 workers of 8 for evacuation
[2022-12-30T21:16:56.216+0100][gc,phases   ] GC(7)   Pre Evacuate Collection Set: 0.9ms
[2022-12-30T21:16:56.216+0100][gc,phases   ] GC(7)   Merge Heap Roots: 0.3ms
[2022-12-30T21:16:56.216+0100][gc,phases   ] GC(7)   Evacuate Collection Set: 10.5ms
[2022-12-30T21:16:56.216+0100][gc,phases   ] GC(7)   Post Evacuate Collection Set: 0.6ms
[2022-12-30T21:16:56.216+0100][gc,phases   ] GC(7)   Other: 1.1ms
[2022-12-30T21:16:56.216+0100][gc,heap     ] GC(7) Eden regions: 48->0(48)
[2022-12-30T21:16:56.216+0100][gc,heap     ] GC(7) Survivor regions: 3->3(7)
[2022-12-30T21:16:56.216+0100][gc,heap     ] GC(7) Old regions: 13->13
[2022-12-30T21:16:56.216+0100][gc,heap     ] GC(7) Archive regions: 2->2
[2022-12-30T21:16:56.216+0100][gc,heap     ] GC(7) Humongous regions: 129->129
[2022-12-30T21:16:56.216+0100][gc,metaspace] GC(7) Metaspace: 38820K(39360K)->38820K(39360K) NonClass: 34230K(34496K)->34230K(34496K) Class: 4589K(4864K)->4589K(4864K)
[2022-12-30T21:16:56.216+0100][gc          ] GC(7) Pause Young (Normal) (G1 Evacuation Pause) 192M->144M(1024M) 13.016ms
[2022-12-30T21:16:56.216+0100][gc,cpu      ] GC(7) User=0.01s Sys=0.04s Real=0.01s
[2022-12-30T21:30:21.193+0100][gc,start    ] GC(8) Pause Young (Normal) (G1 Evacuation Pause)
[2022-12-30T21:30:21.195+0100][gc,task     ] GC(8) Using 8 workers of 8 for evacuation
[2022-12-30T21:30:21.229+0100][gc,mmu      ] GC(8) MMU target violated: 21.0ms (20.0ms/21.0ms)
[2022-12-30T21:30:21.230+0100][gc,phases   ] GC(8)   Pre Evacuate Collection Set: 2.1ms
[2022-12-30T21:30:21.230+0100][gc,phases   ] GC(8)   Merge Heap Roots: 1.5ms
[2022-12-30T21:30:21.230+0100][gc,phases   ] GC(8)   Evacuate Collection Set: 24.8ms
[2022-12-30T21:30:21.230+0100][gc,phases   ] GC(8)   Post Evacuate Collection Set: 3.0ms
[2022-12-30T21:30:21.230+0100][gc,phases   ] GC(8)   Other: 8.4ms
[2022-12-30T21:30:21.230+0100][gc,heap     ] GC(8) Eden regions: 48->0(48)
[2022-12-30T21:30:21.230+0100][gc,heap     ] GC(8) Survivor regions: 3->3(7)
[2022-12-30T21:30:21.230+0100][gc,heap     ] GC(8) Old regions: 13->13
[2022-12-30T21:30:21.230+0100][gc,heap     ] GC(8) Archive regions: 2->2
[2022-12-30T21:30:21.230+0100][gc,heap     ] GC(8) Humongous regions: 129->129
[2022-12-30T21:30:21.231+0100][gc,metaspace] GC(8) Metaspace: 38914K(39488K)->38914K(39488K) NonClass: 34324K(34624K)->34324K(34624K) Class: 4589K(4864K)->4589K(4864K)
[2022-12-30T21:30:21.231+0100][gc          ] GC(8) Pause Young (Normal) (G1 Evacuation Pause) 192M->144M(1024M) 38.694ms
[2022-12-30T21:30:21.231+0100][gc,cpu      ] GC(8) User=0.02s Sys=0.10s Real=0.04s
[2022-12-30T21:36:30.643+0100][gc,start    ] GC(9) Pause Young (Normal) (G1 Evacuation Pause)
[2022-12-30T21:36:30.643+0100][gc,task     ] GC(9) Using 8 workers of 8 for evacuation
[2022-12-30T21:36:30.654+0100][gc,phases   ] GC(9)   Pre Evacuate Collection Set: 1.4ms
[2022-12-30T21:36:30.655+0100][gc,phases   ] GC(9)   Merge Heap Roots: 0.2ms
[2022-12-30T21:36:30.655+0100][gc,phases   ] GC(9)   Evacuate Collection Set: 9.1ms
[2022-12-30T21:36:30.655+0100][gc,phases   ] GC(9)   Post Evacuate Collection Set: 0.7ms
[2022-12-30T21:36:30.655+0100][gc,phases   ] GC(9)   Other: 1.2ms
[2022-12-30T21:36:30.655+0100][gc,heap     ] GC(9) Eden regions: 48->0(48)
[2022-12-30T21:36:30.655+0100][gc,heap     ] GC(9) Survivor regions: 3->3(7)
[2022-12-30T21:36:30.655+0100][gc,heap     ] GC(9) Old regions: 13->13
[2022-12-30T21:36:30.655+0100][gc,heap     ] GC(9) Archive regions: 2->2
[2022-12-30T21:36:30.655+0100][gc,heap     ] GC(9) Humongous regions: 129->129
[2022-12-30T21:36:30.655+0100][gc,metaspace] GC(9) Metaspace: 38937K(39488K)->38937K(39488K) NonClass: 34347K(34624K)->34347K(34624K) Class: 4589K(4864K)->4589K(4864K)
[2022-12-30T21:36:30.655+0100][gc          ] GC(9) Pause Young (Normal) (G1 Evacuation Pause) 192M->144M(1024M) 11.965ms
[2022-12-30T21:36:30.655+0100][gc,cpu      ] GC(9) User=0.02s Sys=0.03s Real=0.01s
[2022-12-30T21:41:25.800+0100][gc,start    ] GC(10) Pause Young (Normal) (G1 Evacuation Pause)
[2022-12-30T21:41:25.801+0100][gc,task     ] GC(10) Using 8 workers of 8 for evacuation
[2022-12-30T21:41:25.804+0100][gc,phases   ] GC(10)   Pre Evacuate Collection Set: 0.2ms
[2022-12-30T21:41:25.804+0100][gc,phases   ] GC(10)   Merge Heap Roots: 0.1ms
[2022-12-30T21:41:25.804+0100][gc,phases   ] GC(10)   Evacuate Collection Set: 2.6ms
[2022-12-30T21:41:25.804+0100][gc,phases   ] GC(10)   Post Evacuate Collection Set: 0.4ms
[2022-12-30T21:41:25.804+0100][gc,phases   ] GC(10)   Other: 0.5ms
[2022-12-30T21:41:25.804+0100][gc,heap     ] GC(10) Eden regions: 48->0(48)
[2022-12-30T21:41:25.804+0100][gc,heap     ] GC(10) Survivor regions: 3->3(7)
[2022-12-30T21:41:25.804+0100][gc,heap     ] GC(10) Old regions: 13->13
[2022-12-30T21:41:25.804+0100][gc,heap     ] GC(10) Archive regions: 2->2
[2022-12-30T21:41:25.804+0100][gc,heap     ] GC(10) Humongous regions: 129->129
[2022-12-30T21:41:25.804+0100][gc,metaspace] GC(10) Metaspace: 38971K(39552K)->38971K(39552K) NonClass: 34381K(34688K)->34381K(34688K) Class: 4589K(4864K)->4589K(4864K)
[2022-12-30T21:41:25.804+0100][gc          ] GC(10) Pause Young (Normal) (G1 Evacuation Pause) 192M->144M(1024M) 3.946ms
[2022-12-30T21:41:25.804+0100][gc,cpu      ] GC(10) User=0.01s Sys=0.00s Real=0.00s
[2022-12-30T21:46:09.725+0100][gc,start    ] GC(11) Pause Young (Normal) (G1 Evacuation Pause)
[2022-12-30T21:46:09.726+0100][gc,task     ] GC(11) Using 8 workers of 8 for evacuation
[2022-12-30T21:46:09.740+0100][gc,phases   ] GC(11)   Pre Evacuate Collection Set: 0.9ms
[2022-12-30T21:46:09.740+0100][gc,phases   ] GC(11)   Merge Heap Roots: 0.2ms
[2022-12-30T21:46:09.740+0100][gc,phases   ] GC(11)   Evacuate Collection Set: 11.7ms
[2022-12-30T21:46:09.740+0100][gc,phases   ] GC(11)   Post Evacuate Collection Set: 0.8ms
[2022-12-30T21:46:09.740+0100][gc,phases   ] GC(11)   Other: 1.0ms
[2022-12-30T21:46:09.740+0100][gc,heap     ] GC(11) Eden regions: 48->0(48)
[2022-12-30T21:46:09.740+0100][gc,heap     ] GC(11) Survivor regions: 3->3(7)
[2022-12-30T21:46:09.740+0100][gc,heap     ] GC(11) Old regions: 13->13
[2022-12-30T21:46:09.740+0100][gc,heap     ] GC(11) Archive regions: 2->2
[2022-12-30T21:46:09.740+0100][gc,heap     ] GC(11) Humongous regions: 129->129
[2022-12-30T21:46:09.740+0100][gc,metaspace] GC(11) Metaspace: 38981K(39552K)->38981K(39552K) NonClass: 34391K(34688K)->34391K(34688K) Class: 4589K(4864K)->4589K(4864K)
[2022-12-30T21:46:09.740+0100][gc          ] GC(11) Pause Young (Normal) (G1 Evacuation Pause) 192M->144M(1024M) 14.578ms
[2022-12-30T21:46:09.740+0100][gc,cpu      ] GC(11) User=0.02s Sys=0.04s Real=0.02s
[2022-12-30T21:50:58.819+0100][gc,start    ] GC(12) Pause Young (Normal) (G1 Evacuation Pause)
[2022-12-30T21:50:58.820+0100][gc,task     ] GC(12) Using 8 workers of 8 for evacuation
[2022-12-30T21:50:58.836+0100][gc,phases   ] GC(12)   Pre Evacuate Collection Set: 0.9ms
[2022-12-30T21:50:58.836+0100][gc,phases   ] GC(12)   Merge Heap Roots: 0.2ms
[2022-12-30T21:50:58.836+0100][gc,phases   ] GC(12)   Evacuate Collection Set: 13.8ms
[2022-12-30T21:50:58.836+0100][gc,phases   ] GC(12)   Post Evacuate Collection Set: 1.2ms
[2022-12-30T21:50:58.836+0100][gc,phases   ] GC(12)   Other: 0.6ms
[2022-12-30T21:50:58.836+0100][gc,heap     ] GC(12) Eden regions: 48->0(58)
[2022-12-30T21:50:58.836+0100][gc,heap     ] GC(12) Survivor regions: 3->3(7)
[2022-12-30T21:50:58.836+0100][gc,heap     ] GC(12) Old regions: 13->13
[2022-12-30T21:50:58.836+0100][gc,heap     ] GC(12) Archive regions: 2->2
[2022-12-30T21:50:58.836+0100][gc,heap     ] GC(12) Humongous regions: 129->129
[2022-12-30T21:50:58.836+0100][gc,metaspace] GC(12) Metaspace: 39076K(39616K)->39076K(39616K) NonClass: 34469K(34752K)->34469K(34752K) Class: 4606K(4864K)->4606K(4864K)
[2022-12-30T21:50:58.836+0100][gc          ] GC(12) Pause Young (Normal) (G1 Evacuation Pause) 192M->144M(1024M) 16.880ms
[2022-12-30T21:50:58.836+0100][gc,cpu      ] GC(12) User=0.02s Sys=0.06s Real=0.02s
[2022-12-30T21:56:45.899+0100][gc,start    ] GC(13) Pause Young (Normal) (G1 Evacuation Pause)
[2022-12-30T21:56:45.900+0100][gc,task     ] GC(13) Using 8 workers of 8 for evacuation
[2022-12-30T21:56:45.912+0100][gc,phases   ] GC(13)   Pre Evacuate Collection Set: 0.9ms
[2022-12-30T21:56:45.912+0100][gc,phases   ] GC(13)   Merge Heap Roots: 0.3ms
[2022-12-30T21:56:45.912+0100][gc,phases   ] GC(13)   Evacuate Collection Set: 10.1ms
[2022-12-30T21:56:45.912+0100][gc,phases   ] GC(13)   Post Evacuate Collection Set: 0.9ms
[2022-12-30T21:56:45.912+0100][gc,phases   ] GC(13)   Other: 0.7ms
[2022-12-30T21:56:45.912+0100][gc,heap     ] GC(13) Eden regions: 58->0(524)
[2022-12-30T21:56:45.912+0100][gc,heap     ] GC(13) Survivor regions: 3->3(8)
[2022-12-30T21:56:45.912+0100][gc,heap     ] GC(13) Old regions: 13->13
[2022-12-30T21:56:45.912+0100][gc,heap     ] GC(13) Archive regions: 2->2
[2022-12-30T21:56:45.912+0100][gc,heap     ] GC(13) Humongous regions: 129->129
[2022-12-30T21:56:45.912+0100][gc,metaspace] GC(13) Metaspace: 39093K(39616K)->39093K(39616K) NonClass: 34487K(34752K)->34487K(34752K) Class: 4606K(4864K)->4606K(4864K)
[2022-12-30T21:56:45.912+0100][gc          ] GC(13) Pause Young (Normal) (G1 Evacuation Pause) 202M->144M(1024M) 12.933ms
[2022-12-30T21:56:45.912+0100][gc,cpu      ] GC(13) User=0.01s Sys=0.03s Real=0.02s
[2022-12-30T23:19:49.955+0100][gc,start    ] GC(14) Pause Young (Normal) (G1 Evacuation Pause)
[2022-12-30T23:19:49.957+0100][gc,task     ] GC(14) Using 8 workers of 8 for evacuation
[2022-12-30T23:19:49.981+0100][gc,mmu      ] GC(14) MMU target violated: 21.0ms (20.0ms/21.0ms)
[2022-12-30T23:19:49.982+0100][gc,phases   ] GC(14)   Pre Evacuate Collection Set: 1.6ms
[2022-12-30T23:19:49.982+0100][gc,phases   ] GC(14)   Merge Heap Roots: 0.8ms
[2022-12-30T23:19:49.982+0100][gc,phases   ] GC(14)   Evacuate Collection Set: 13.5ms
[2022-12-30T23:19:49.982+0100][gc,phases   ] GC(14)   Post Evacuate Collection Set: 6.7ms
[2022-12-30T23:19:49.982+0100][gc,phases   ] GC(14)   Other: 7.2ms
[2022-12-30T23:19:49.983+0100][gc,heap     ] GC(14) Eden regions: 524->0(466)
[2022-12-30T23:19:49.983+0100][gc,heap     ] GC(14) Survivor regions: 3->3(66)
[2022-12-30T23:19:49.983+0100][gc,heap     ] GC(14) Old regions: 13->13
[2022-12-30T23:19:49.983+0100][gc,heap     ] GC(14) Archive regions: 2->2
[2022-12-30T23:19:49.983+0100][gc,heap     ] GC(14) Humongous regions: 129->129
[2022-12-30T23:19:49.983+0100][gc,metaspace] GC(14) Metaspace: 39229K(39808K)->39229K(39808K) NonClass: 34619K(34944K)->34619K(34944K) Class: 4609K(4864K)->4609K(4864K)
[2022-12-30T23:19:49.983+0100][gc          ] GC(14) Pause Young (Normal) (G1 Evacuation Pause) 668M->144M(1024M) 28.728ms
[2022-12-30T23:19:49.983+0100][gc,cpu      ] GC(14) User=0.02s Sys=0.04s Real=0.03s
[2022-12-31T10:00:22.965+0100][gc,start    ] GC(15) Pause Young (Normal) (G1 Evacuation Pause)
[2022-12-31T10:00:22.967+0100][gc,task     ] GC(15) Using 8 workers of 8 for evacuation
[2022-12-31T10:00:22.998+0100][gc,mmu      ] GC(15) MMU target violated: 21.0ms (20.0ms/21.0ms)
[2022-12-31T10:00:22.998+0100][gc,phases   ] GC(15)   Pre Evacuate Collection Set: 1.6ms
[2022-12-31T10:00:22.998+0100][gc,phases   ] GC(15)   Merge Heap Roots: 2.0ms
[2022-12-31T10:00:22.998+0100][gc,phases   ] GC(15)   Evacuate Collection Set: 18.8ms
[2022-12-31T10:00:22.998+0100][gc,phases   ] GC(15)   Post Evacuate Collection Set: 5.0ms
[2022-12-31T10:00:22.999+0100][gc,phases   ] GC(15)   Other: 8.9ms
[2022-12-31T10:00:22.999+0100][gc,heap     ] GC(15) Eden regions: 466->0(299)
[2022-12-31T10:00:22.999+0100][gc,heap     ] GC(15) Survivor regions: 3->3(59)
[2022-12-31T10:00:22.999+0100][gc,heap     ] GC(15) Old regions: 13->13
[2022-12-31T10:00:22.999+0100][gc,heap     ] GC(15) Archive regions: 2->2
[2022-12-31T10:00:22.999+0100][gc,heap     ] GC(15) Humongous regions: 129->129
[2022-12-31T10:00:22.999+0100][gc,metaspace] GC(15) Metaspace: 39459K(40000K)->39459K(40000K) NonClass: 34810K(35072K)->34810K(35072K) Class: 4649K(4928K)->4649K(4928K)
[2022-12-31T10:00:23.000+0100][gc          ] GC(15) Pause Young (Normal) (G1 Evacuation Pause) 610M->144M(1024M) 35.018ms
[2022-12-31T10:00:23.000+0100][gc,cpu      ] GC(15) User=0.03s Sys=0.06s Real=0.04s
[2022-12-31T10:04:54.493+0100][gc,heap,exit] Heap
[2022-12-31T10:04:54.493+0100][gc,heap,exit]  garbage-first heap   total 1048576K, used 184025K [0x00000007c0000000, 0x0000000800000000)
[2022-12-31T10:04:54.493+0100][gc,heap,exit]   region size 1024K, 38 young (38912K), 3 survivors (3072K)
[2022-12-31T10:04:54.493+0100][gc,heap,exit]  Metaspace       used 40054K, committed 40640K, reserved 1089536K
[2022-12-31T10:04:54.493+0100][gc,heap,exit]   class space    used 4793K, committed 5056K, reserved 1048576K
