[2022-12-31T10:08:04.910+0100][gc] Using G1
[2022-12-31T10:08:04.915+0100][gc,init] Version: 17+35 (release)
[2022-12-31T10:08:04.915+0100][gc,init] CPUs: 8 total, 8 available
[2022-12-31T10:08:04.915+0100][gc,init] Memory: 8192M
[2022-12-31T10:08:04.915+0100][gc,init] Large Page Support: Disabled
[2022-12-31T10:08:04.915+0100][gc,init] NUMA Support: Disabled
[2022-12-31T10:08:04.915+0100][gc,init] Compressed Oops: Enabled (Zero based)
[2022-12-31T10:08:04.915+0100][gc,init] Heap Region Size: 1M
[2022-12-31T10:08:04.915+0100][gc,init] Heap Min Capacity: 1G
[2022-12-31T10:08:04.915+0100][gc,init] Heap Initial Capacity: 1G
[2022-12-31T10:08:04.915+0100][gc,init] Heap Max Capacity: 1G
[2022-12-31T10:08:04.915+0100][gc,init] Pre-touch: Disabled
[2022-12-31T10:08:04.915+0100][gc,init] Parallel Workers: 8
[2022-12-31T10:08:04.915+0100][gc,init] Concurrent Workers: 2
[2022-12-31T10:08:04.915+0100][gc,init] Concurrent Refinement Workers: 8
[2022-12-31T10:08:04.915+0100][gc,init] Periodic GC: Disabled
[2022-12-31T10:08:04.915+0100][gc,metaspace] CDS archive(s) mapped at: [0x0000000800000000-0x0000000800bcd000-0x0000000800bcd000), size 12374016, SharedBaseAddress: 0x0000000800000000, ArchiveRelocationMode: 0.
[2022-12-31T10:08:04.915+0100][gc,metaspace] Compressed class space mapped at: 0x0000000800c00000-0x0000000840c00000, reserved size: 1073741824
[2022-12-31T10:08:04.915+0100][gc,metaspace] Narrow klass base: 0x0000000800000000, Narrow klass shift: 0, Narrow klass range: 0x100000000
[2022-12-31T10:08:06.214+0100][gc,start    ] GC(0) Pause Young (Normal) (G1 Evacuation Pause)
[2022-12-31T10:08:06.215+0100][gc,task     ] GC(0) Using 8 workers of 8 for evacuation
[2022-12-31T10:08:06.220+0100][gc,phases   ] GC(0)   Pre Evacuate Collection Set: 0.1ms
[2022-12-31T10:08:06.220+0100][gc,phases   ] GC(0)   Merge Heap Roots: 0.1ms
[2022-12-31T10:08:06.220+0100][gc,phases   ] GC(0)   Evacuate Collection Set: 4.6ms
[2022-12-31T10:08:06.220+0100][gc,phases   ] GC(0)   Post Evacuate Collection Set: 0.7ms
[2022-12-31T10:08:06.220+0100][gc,phases   ] GC(0)   Other: 0.6ms
[2022-12-31T10:08:06.220+0100][gc,heap     ] GC(0) Eden regions: 51->0(44)
[2022-12-31T10:08:06.221+0100][gc,heap     ] GC(0) Survivor regions: 0->7(7)
[2022-12-31T10:08:06.221+0100][gc,heap     ] GC(0) Old regions: 0->0
[2022-12-31T10:08:06.221+0100][gc,heap     ] GC(0) Archive regions: 2->2
[2022-12-31T10:08:06.221+0100][gc,heap     ] GC(0) Humongous regions: 0->0
[2022-12-31T10:08:06.221+0100][gc,metaspace] GC(0) Metaspace: 17557K(17728K)->17557K(17728K) NonClass: 15437K(15552K)->15437K(15552K) Class: 2119K(2176K)->2119K(2176K)
[2022-12-31T10:08:06.221+0100][gc          ] GC(0) Pause Young (Normal) (G1 Evacuation Pause) 51M->7M(1024M) 6.374ms
[2022-12-31T10:08:06.221+0100][gc,cpu      ] GC(0) User=0.02s Sys=0.01s Real=0.01s
[2022-12-31T10:08:06.484+0100][gc,start    ] GC(1) Pause Young (Concurrent Start) (Metadata GC Threshold)
[2022-12-31T10:08:06.484+0100][gc,task     ] GC(1) Using 8 workers of 8 for evacuation
[2022-12-31T10:08:06.490+0100][gc,phases   ] GC(1)   Pre Evacuate Collection Set: 0.1ms
[2022-12-31T10:08:06.490+0100][gc,phases   ] GC(1)   Merge Heap Roots: 0.0ms
[2022-12-31T10:08:06.490+0100][gc,phases   ] GC(1)   Evacuate Collection Set: 5.1ms
[2022-12-31T10:08:06.490+0100][gc,phases   ] GC(1)   Post Evacuate Collection Set: 0.4ms
[2022-12-31T10:08:06.490+0100][gc,phases   ] GC(1)   Other: 0.2ms
[2022-12-31T10:08:06.490+0100][gc,heap     ] GC(1) Eden regions: 14->0(49)
[2022-12-31T10:08:06.490+0100][gc,heap     ] GC(1) Survivor regions: 7->2(7)
[2022-12-31T10:08:06.490+0100][gc,heap     ] GC(1) Old regions: 0->7
[2022-12-31T10:08:06.490+0100][gc,heap     ] GC(1) Archive regions: 2->2
[2022-12-31T10:08:06.490+0100][gc,heap     ] GC(1) Humongous regions: 0->0
[2022-12-31T10:08:06.490+0100][gc,metaspace] GC(1) Metaspace: 21286K(21504K)->21286K(21504K) NonClass: 18669K(18752K)->18669K(18752K) Class: 2616K(2752K)->2616K(2752K)
[2022-12-31T10:08:06.490+0100][gc          ] GC(1) Pause Young (Concurrent Start) (Metadata GC Threshold) 21M->8M(1024M) 5.960ms
[2022-12-31T10:08:06.490+0100][gc,cpu      ] GC(1) User=0.02s Sys=0.01s Real=0.01s
[2022-12-31T10:08:06.490+0100][gc          ] GC(2) Concurrent Mark Cycle
[2022-12-31T10:08:06.490+0100][gc,marking  ] GC(2) Concurrent Clear Claimed Marks
[2022-12-31T10:08:06.490+0100][gc,marking  ] GC(2) Concurrent Clear Claimed Marks 0.017ms
[2022-12-31T10:08:06.490+0100][gc,marking  ] GC(2) Concurrent Scan Root Regions
[2022-12-31T10:08:06.493+0100][gc,marking  ] GC(2) Concurrent Scan Root Regions 2.486ms
[2022-12-31T10:08:06.493+0100][gc,marking  ] GC(2) Concurrent Mark
[2022-12-31T10:08:06.493+0100][gc,marking  ] GC(2) Concurrent Mark From Roots
[2022-12-31T10:08:06.493+0100][gc,task     ] GC(2) Using 2 workers of 2 for marking
[2022-12-31T10:08:06.494+0100][gc,marking  ] GC(2) Concurrent Mark From Roots 1.193ms
[2022-12-31T10:08:06.494+0100][gc,marking  ] GC(2) Concurrent Preclean
[2022-12-31T10:08:06.494+0100][gc,marking  ] GC(2) Concurrent Preclean 0.027ms
[2022-12-31T10:08:06.494+0100][gc,start    ] GC(2) Pause Remark
[2022-12-31T10:08:06.495+0100][gc          ] GC(2) Pause Remark 9M->9M(1024M) 0.990ms
[2022-12-31T10:08:06.495+0100][gc,cpu      ] GC(2) User=0.00s Sys=0.00s Real=0.00s
[2022-12-31T10:08:06.495+0100][gc,marking  ] GC(2) Concurrent Mark 2.563ms
[2022-12-31T10:08:06.495+0100][gc,marking  ] GC(2) Concurrent Rebuild Remembered Sets
[2022-12-31T10:08:06.495+0100][gc,marking  ] GC(2) Concurrent Rebuild Remembered Sets 0.009ms
[2022-12-31T10:08:06.495+0100][gc,start    ] GC(2) Pause Cleanup
[2022-12-31T10:08:06.495+0100][gc          ] GC(2) Pause Cleanup 9M->9M(1024M) 0.014ms
[2022-12-31T10:08:06.495+0100][gc,cpu      ] GC(2) User=0.00s Sys=0.00s Real=0.00s
[2022-12-31T10:08:06.495+0100][gc,marking  ] GC(2) Concurrent Cleanup for Next Mark
[2022-12-31T10:08:06.501+0100][gc,marking  ] GC(2) Concurrent Cleanup for Next Mark 5.498ms
[2022-12-31T10:08:06.501+0100][gc          ] GC(2) Concurrent Mark Cycle 11.019ms
[2022-12-31T10:08:07.194+0100][gc,start    ] GC(3) Pause Young (Normal) (G1 Evacuation Pause)
[2022-12-31T10:08:07.194+0100][gc,task     ] GC(3) Using 8 workers of 8 for evacuation
[2022-12-31T10:08:07.198+0100][gc,phases   ] GC(3)   Pre Evacuate Collection Set: 0.1ms
[2022-12-31T10:08:07.198+0100][gc,phases   ] GC(3)   Merge Heap Roots: 0.1ms
[2022-12-31T10:08:07.198+0100][gc,phases   ] GC(3)   Evacuate Collection Set: 3.0ms
[2022-12-31T10:08:07.198+0100][gc,phases   ] GC(3)   Post Evacuate Collection Set: 0.4ms
[2022-12-31T10:08:07.198+0100][gc,phases   ] GC(3)   Other: 0.1ms
[2022-12-31T10:08:07.198+0100][gc,heap     ] GC(3) Eden regions: 49->0(45)
[2022-12-31T10:08:07.198+0100][gc,heap     ] GC(3) Survivor regions: 2->6(7)
[2022-12-31T10:08:07.198+0100][gc,heap     ] GC(3) Old regions: 7->7
[2022-12-31T10:08:07.198+0100][gc,heap     ] GC(3) Archive regions: 2->2
[2022-12-31T10:08:07.198+0100][gc,heap     ] GC(3) Humongous regions: 129->129
[2022-12-31T10:08:07.198+0100][gc,metaspace] GC(3) Metaspace: 32325K(32576K)->32325K(32576K) NonClass: 28634K(28800K)->28634K(28800K) Class: 3691K(3776K)->3691K(3776K)
[2022-12-31T10:08:07.198+0100][gc          ] GC(3) Pause Young (Normal) (G1 Evacuation Pause) 186M->142M(1024M) 3.790ms
[2022-12-31T10:08:07.198+0100][gc,cpu      ] GC(3) User=0.02s Sys=0.00s Real=0.00s
[2022-12-31T10:08:07.360+0100][gc,start    ] GC(4) Pause Young (Concurrent Start) (Metadata GC Threshold)
[2022-12-31T10:08:07.360+0100][gc,task     ] GC(4) Using 8 workers of 8 for evacuation
[2022-12-31T10:08:07.365+0100][gc,phases   ] GC(4)   Pre Evacuate Collection Set: 0.1ms
[2022-12-31T10:08:07.365+0100][gc,phases   ] GC(4)   Merge Heap Roots: 0.0ms
[2022-12-31T10:08:07.365+0100][gc,phases   ] GC(4)   Evacuate Collection Set: 3.5ms
[2022-12-31T10:08:07.365+0100][gc,phases   ] GC(4)   Post Evacuate Collection Set: 0.4ms
[2022-12-31T10:08:07.365+0100][gc,phases   ] GC(4)   Other: 0.1ms
[2022-12-31T10:08:07.365+0100][gc,heap     ] GC(4) Eden regions: 16->0(49)
[2022-12-31T10:08:07.365+0100][gc,heap     ] GC(4) Survivor regions: 6->2(7)
[2022-12-31T10:08:07.365+0100][gc,heap     ] GC(4) Old regions: 7->13
[2022-12-31T10:08:07.365+0100][gc,heap     ] GC(4) Archive regions: 2->2
[2022-12-31T10:08:07.365+0100][gc,heap     ] GC(4) Humongous regions: 129->129
[2022-12-31T10:08:07.365+0100][gc,metaspace] GC(4) Metaspace: 35762K(36096K)->35762K(36096K) NonClass: 31563K(31744K)->31563K(31744K) Class: 4198K(4352K)->4198K(4352K)
[2022-12-31T10:08:07.365+0100][gc          ] GC(4) Pause Young (Concurrent Start) (Metadata GC Threshold) 158M->143M(1024M) 4.296ms
[2022-12-31T10:08:07.365+0100][gc,cpu      ] GC(4) User=0.02s Sys=0.01s Real=0.00s
[2022-12-31T10:08:07.365+0100][gc          ] GC(5) Concurrent Mark Cycle
[2022-12-31T10:08:07.365+0100][gc,marking  ] GC(5) Concurrent Clear Claimed Marks
[2022-12-31T10:08:07.365+0100][gc,marking  ] GC(5) Concurrent Clear Claimed Marks 0.028ms
[2022-12-31T10:08:07.365+0100][gc,marking  ] GC(5) Concurrent Scan Root Regions
[2022-12-31T10:08:07.368+0100][gc,marking  ] GC(5) Concurrent Scan Root Regions 3.383ms
[2022-12-31T10:08:07.368+0100][gc,marking  ] GC(5) Concurrent Mark
[2022-12-31T10:08:07.368+0100][gc,marking  ] GC(5) Concurrent Mark From Roots
[2022-12-31T10:08:07.368+0100][gc,task     ] GC(5) Using 2 workers of 2 for marking
[2022-12-31T10:08:07.375+0100][gc,marking  ] GC(5) Concurrent Mark From Roots 6.830ms
[2022-12-31T10:08:07.375+0100][gc,marking  ] GC(5) Concurrent Preclean
[2022-12-31T10:08:07.375+0100][gc,marking  ] GC(5) Concurrent Preclean 0.116ms
[2022-12-31T10:08:07.375+0100][gc,start    ] GC(5) Pause Remark
[2022-12-31T10:08:07.377+0100][gc          ] GC(5) Pause Remark 144M->144M(1024M) 1.152ms
[2022-12-31T10:08:07.377+0100][gc,cpu      ] GC(5) User=0.00s Sys=0.00s Real=0.00s
[2022-12-31T10:08:07.377+0100][gc,marking  ] GC(5) Concurrent Mark 8.416ms
[2022-12-31T10:08:07.377+0100][gc,marking  ] GC(5) Concurrent Rebuild Remembered Sets
[2022-12-31T10:08:07.382+0100][gc,marking  ] GC(5) Concurrent Rebuild Remembered Sets 4.919ms
[2022-12-31T10:08:07.404+0100][gc,start    ] GC(5) Pause Cleanup
[2022-12-31T10:08:07.404+0100][gc          ] GC(5) Pause Cleanup 144M->144M(1024M) 0.370ms
[2022-12-31T10:08:07.404+0100][gc,cpu      ] GC(5) User=0.00s Sys=0.00s Real=0.00s
[2022-12-31T10:08:07.405+0100][gc,marking  ] GC(5) Concurrent Cleanup for Next Mark
[2022-12-31T10:08:07.414+0100][gc,marking  ] GC(5) Concurrent Cleanup for Next Mark 9.000ms
[2022-12-31T10:08:07.414+0100][gc          ] GC(5) Concurrent Mark Cycle 48.904ms
[2022-12-31T10:15:24.789+0100][gc,start    ] GC(6) Pause Young (Normal) (G1 Evacuation Pause)
[2022-12-31T10:15:24.809+0100][gc,task     ] GC(6) Using 8 workers of 8 for evacuation
[2022-12-31T10:15:24.834+0100][gc,mmu      ] GC(6) MMU target violated: 21.0ms (20.0ms/21.0ms)
[2022-12-31T10:15:24.850+0100][gc,phases   ] GC(6)   Pre Evacuate Collection Set: 2.0ms
[2022-12-31T10:15:24.850+0100][gc,phases   ] GC(6)   Merge Heap Roots: 0.3ms
[2022-12-31T10:15:24.850+0100][gc,phases   ] GC(6)   Evacuate Collection Set: 21.2ms
[2022-12-31T10:15:24.850+0100][gc,phases   ] GC(6)   Post Evacuate Collection Set: 0.9ms
[2022-12-31T10:15:24.850+0100][gc,phases   ] GC(6)   Other: 36.1ms
[2022-12-31T10:15:24.850+0100][gc,heap     ] GC(6) Eden regions: 49->0(48)
[2022-12-31T10:15:24.850+0100][gc,heap     ] GC(6) Survivor regions: 2->3(7)
[2022-12-31T10:15:24.850+0100][gc,heap     ] GC(6) Old regions: 13->13
[2022-12-31T10:15:24.850+0100][gc,heap     ] GC(6) Archive regions: 2->2
[2022-12-31T10:15:24.850+0100][gc,heap     ] GC(6) Humongous regions: 129->129
[2022-12-31T10:15:24.850+0100][gc,metaspace] GC(6) Metaspace: 38584K(39168K)->38584K(39168K) NonClass: 34041K(34368K)->34041K(34368K) Class: 4543K(4800K)->4543K(4800K)
[2022-12-31T10:15:24.851+0100][gc          ] GC(6) Pause Young (Normal) (G1 Evacuation Pause) 192M->144M(1024M) 61.038ms
[2022-12-31T10:15:24.851+0100][gc,cpu      ] GC(6) User=0.02s Sys=0.08s Real=0.07s
[2022-12-31T10:22:29.884+0100][gc,start    ] GC(7) Pause Young (Normal) (G1 Evacuation Pause)
[2022-12-31T10:22:29.885+0100][gc,task     ] GC(7) Using 8 workers of 8 for evacuation
[2022-12-31T10:22:29.910+0100][gc,mmu      ] GC(7) MMU target violated: 21.0ms (20.0ms/21.0ms)
[2022-12-31T10:22:29.927+0100][gc,phases   ] GC(7)   Pre Evacuate Collection Set: 2.5ms
[2022-12-31T10:22:29.929+0100][gc,phases   ] GC(7)   Merge Heap Roots: 0.3ms
[2022-12-31T10:22:29.929+0100][gc,phases   ] GC(7)   Evacuate Collection Set: 20.7ms
[2022-12-31T10:22:29.929+0100][gc,phases   ] GC(7)   Post Evacuate Collection Set: 1.2ms
[2022-12-31T10:22:29.929+0100][gc,phases   ] GC(7)   Other: 19.2ms
[2022-12-31T10:22:29.929+0100][gc,heap     ] GC(7) Eden regions: 48->0(48)
[2022-12-31T10:22:29.929+0100][gc,heap     ] GC(7) Survivor regions: 3->3(7)
[2022-12-31T10:22:29.929+0100][gc,heap     ] GC(7) Old regions: 13->13
[2022-12-31T10:22:29.929+0100][gc,heap     ] GC(7) Archive regions: 2->2
[2022-12-31T10:22:29.929+0100][gc,heap     ] GC(7) Humongous regions: 129->129
[2022-12-31T10:22:29.929+0100][gc,metaspace] GC(7) Metaspace: 38649K(39168K)->38649K(39168K) NonClass: 34104K(34368K)->34104K(34368K) Class: 4545K(4800K)->4545K(4800K)
[2022-12-31T10:22:29.929+0100][gc          ] GC(7) Pause Young (Normal) (G1 Evacuation Pause) 192M->144M(1024M) 45.064ms
[2022-12-31T10:22:29.929+0100][gc,cpu      ] GC(7) User=0.03s Sys=0.08s Real=0.04s
[2022-12-31T10:28:06.741+0100][gc,start    ] GC(8) Pause Young (Normal) (G1 Evacuation Pause)
[2022-12-31T10:28:06.742+0100][gc,task     ] GC(8) Using 8 workers of 8 for evacuation
[2022-12-31T10:28:06.766+0100][gc,mmu      ] GC(8) MMU target violated: 21.0ms (20.0ms/21.0ms)
[2022-12-31T10:28:06.788+0100][gc,phases   ] GC(8)   Pre Evacuate Collection Set: 1.8ms
[2022-12-31T10:28:06.788+0100][gc,phases   ] GC(8)   Merge Heap Roots: 0.4ms
[2022-12-31T10:28:06.788+0100][gc,phases   ] GC(8)   Evacuate Collection Set: 21.2ms
[2022-12-31T10:28:06.788+0100][gc,phases   ] GC(8)   Post Evacuate Collection Set: 1.2ms
[2022-12-31T10:28:06.788+0100][gc,phases   ] GC(8)   Other: 22.2ms
[2022-12-31T10:28:06.789+0100][gc,heap     ] GC(8) Eden regions: 48->0(48)
[2022-12-31T10:28:06.789+0100][gc,heap     ] GC(8) Survivor regions: 3->3(7)
[2022-12-31T10:28:06.789+0100][gc,heap     ] GC(8) Old regions: 13->13
[2022-12-31T10:28:06.789+0100][gc,heap     ] GC(8) Archive regions: 2->2
[2022-12-31T10:28:06.789+0100][gc,heap     ] GC(8) Humongous regions: 129->129
[2022-12-31T10:28:06.789+0100][gc,metaspace] GC(8) Metaspace: 38706K(39232K)->38706K(39232K) NonClass: 34161K(34432K)->34161K(34432K) Class: 4545K(4800K)->4545K(4800K)
[2022-12-31T10:28:06.789+0100][gc          ] GC(8) Pause Young (Normal) (G1 Evacuation Pause) 192M->144M(1024M) 48.187ms
[2022-12-31T10:28:06.789+0100][gc,cpu      ] GC(8) User=0.03s Sys=0.08s Real=0.04s
[2022-12-31T10:31:40.540+0100][gc,heap,exit] Heap
[2022-12-31T10:31:40.540+0100][gc,heap,exit]  garbage-first heap   total 1048576K, used 184641K [0x00000007c0000000, 0x0000000800000000)
[2022-12-31T10:31:40.540+0100][gc,heap,exit]   region size 1024K, 39 young (39936K), 3 survivors (3072K)
[2022-12-31T10:31:40.540+0100][gc,heap,exit]  Metaspace       used 39377K, committed 39936K, reserved 1089536K
[2022-12-31T10:31:40.540+0100][gc,heap,exit]   class space    used 4699K, committed 4928K, reserved 1048576K
