[2022-11-30T09:53:16.896+0100][gc] Using G1
[2022-11-30T09:53:16.902+0100][gc,init] Version: 17+35 (release)
[2022-11-30T09:53:16.903+0100][gc,init] CPUs: 8 total, 8 available
[2022-11-30T09:53:16.903+0100][gc,init] Memory: 8192M
[2022-11-30T09:53:16.903+0100][gc,init] Large Page Support: Disabled
[2022-11-30T09:53:16.903+0100][gc,init] NUMA Support: Disabled
[2022-11-30T09:53:16.903+0100][gc,init] Compressed Oops: Enabled (Zero based)
[2022-11-30T09:53:16.903+0100][gc,init] Heap Region Size: 1M
[2022-11-30T09:53:16.903+0100][gc,init] Heap Min Capacity: 1G
[2022-11-30T09:53:16.903+0100][gc,init] Heap Initial Capacity: 1G
[2022-11-30T09:53:16.903+0100][gc,init] Heap Max Capacity: 1G
[2022-11-30T09:53:16.903+0100][gc,init] Pre-touch: Disabled
[2022-11-30T09:53:16.903+0100][gc,init] Parallel Workers: 8
[2022-11-30T09:53:16.903+0100][gc,init] Concurrent Workers: 2
[2022-11-30T09:53:16.903+0100][gc,init] Concurrent Refinement Workers: 8
[2022-11-30T09:53:16.903+0100][gc,init] Periodic GC: Disabled
[2022-11-30T09:53:16.903+0100][gc,metaspace] CDS archive(s) mapped at: [0x0000000800000000-0x0000000800bcd000-0x0000000800bcd000), size 12374016, SharedBaseAddress: 0x0000000800000000, ArchiveRelocationMode: 0.
[2022-11-30T09:53:16.903+0100][gc,metaspace] Compressed class space mapped at: 0x0000000800c00000-0x0000000840c00000, reserved size: 1073741824
[2022-11-30T09:53:16.903+0100][gc,metaspace] Narrow klass base: 0x0000000800000000, Narrow klass shift: 0, Narrow klass range: 0x100000000
[2022-11-30T09:53:18.090+0100][gc,start    ] GC(0) Pause Young (Normal) (G1 Evacuation Pause)
[2022-11-30T09:53:18.091+0100][gc,task     ] GC(0) Using 8 workers of 8 for evacuation
[2022-11-30T09:53:18.096+0100][gc,phases   ] GC(0)   Pre Evacuate Collection Set: 0.1ms
[2022-11-30T09:53:18.096+0100][gc,phases   ] GC(0)   Merge Heap Roots: 0.1ms
[2022-11-30T09:53:18.096+0100][gc,phases   ] GC(0)   Evacuate Collection Set: 3.8ms
[2022-11-30T09:53:18.096+0100][gc,phases   ] GC(0)   Post Evacuate Collection Set: 0.7ms
[2022-11-30T09:53:18.096+0100][gc,phases   ] GC(0)   Other: 0.8ms
[2022-11-30T09:53:18.096+0100][gc,heap     ] GC(0) Eden regions: 51->0(44)
[2022-11-30T09:53:18.096+0100][gc,heap     ] GC(0) Survivor regions: 0->7(7)
[2022-11-30T09:53:18.096+0100][gc,heap     ] GC(0) Old regions: 0->1
[2022-11-30T09:53:18.096+0100][gc,heap     ] GC(0) Archive regions: 2->2
[2022-11-30T09:53:18.096+0100][gc,heap     ] GC(0) Humongous regions: 0->0
[2022-11-30T09:53:18.096+0100][gc,metaspace] GC(0) Metaspace: 17549K(17728K)->17549K(17728K) NonClass: 15429K(15552K)->15429K(15552K) Class: 2120K(2176K)->2120K(2176K)
[2022-11-30T09:53:18.096+0100][gc          ] GC(0) Pause Young (Normal) (G1 Evacuation Pause) 51M->8M(1024M) 5.683ms
[2022-11-30T09:53:18.096+0100][gc,cpu      ] GC(0) User=0.03s Sys=0.01s Real=0.00s
[2022-11-30T09:53:18.300+0100][gc,start    ] GC(1) Pause Young (Concurrent Start) (Metadata GC Threshold)
[2022-11-30T09:53:18.300+0100][gc,task     ] GC(1) Using 8 workers of 8 for evacuation
[2022-11-30T09:53:18.306+0100][gc,phases   ] GC(1)   Pre Evacuate Collection Set: 0.1ms
[2022-11-30T09:53:18.306+0100][gc,phases   ] GC(1)   Merge Heap Roots: 0.0ms
[2022-11-30T09:53:18.306+0100][gc,phases   ] GC(1)   Evacuate Collection Set: 4.6ms
[2022-11-30T09:53:18.306+0100][gc,phases   ] GC(1)   Post Evacuate Collection Set: 0.4ms
[2022-11-30T09:53:18.306+0100][gc,phases   ] GC(1)   Other: 0.2ms
[2022-11-30T09:53:18.306+0100][gc,heap     ] GC(1) Eden regions: 14->0(49)
[2022-11-30T09:53:18.306+0100][gc,heap     ] GC(1) Survivor regions: 7->2(7)
[2022-11-30T09:53:18.306+0100][gc,heap     ] GC(1) Old regions: 1->8
[2022-11-30T09:53:18.306+0100][gc,heap     ] GC(1) Archive regions: 2->2
[2022-11-30T09:53:18.306+0100][gc,heap     ] GC(1) Humongous regions: 0->0
[2022-11-30T09:53:18.306+0100][gc,metaspace] GC(1) Metaspace: 21226K(21504K)->21226K(21504K) NonClass: 18630K(18752K)->18630K(18752K) Class: 2596K(2752K)->2596K(2752K)
[2022-11-30T09:53:18.306+0100][gc          ] GC(1) Pause Young (Concurrent Start) (Metadata GC Threshold) 21M->9M(1024M) 5.503ms
[2022-11-30T09:53:18.306+0100][gc,cpu      ] GC(1) User=0.02s Sys=0.01s Real=0.00s
[2022-11-30T09:53:18.306+0100][gc          ] GC(2) Concurrent Mark Cycle
[2022-11-30T09:53:18.306+0100][gc,marking  ] GC(2) Concurrent Clear Claimed Marks
[2022-11-30T09:53:18.306+0100][gc,marking  ] GC(2) Concurrent Clear Claimed Marks 0.015ms
[2022-11-30T09:53:18.306+0100][gc,marking  ] GC(2) Concurrent Scan Root Regions
[2022-11-30T09:53:18.308+0100][gc,marking  ] GC(2) Concurrent Scan Root Regions 2.011ms
[2022-11-30T09:53:18.308+0100][gc,marking  ] GC(2) Concurrent Mark
[2022-11-30T09:53:18.308+0100][gc,marking  ] GC(2) Concurrent Mark From Roots
[2022-11-30T09:53:18.308+0100][gc,task     ] GC(2) Using 2 workers of 2 for marking
[2022-11-30T09:53:18.309+0100][gc,marking  ] GC(2) Concurrent Mark From Roots 1.207ms
[2022-11-30T09:53:18.309+0100][gc,marking  ] GC(2) Concurrent Preclean
[2022-11-30T09:53:18.309+0100][gc,marking  ] GC(2) Concurrent Preclean 0.047ms
[2022-11-30T09:53:18.309+0100][gc,start    ] GC(2) Pause Remark
[2022-11-30T09:53:18.311+0100][gc          ] GC(2) Pause Remark 9M->9M(1024M) 1.076ms
[2022-11-30T09:53:18.311+0100][gc,cpu      ] GC(2) User=0.00s Sys=0.00s Real=0.01s
[2022-11-30T09:53:18.311+0100][gc,marking  ] GC(2) Concurrent Mark 2.651ms
[2022-11-30T09:53:18.311+0100][gc,marking  ] GC(2) Concurrent Rebuild Remembered Sets
[2022-11-30T09:53:18.313+0100][gc,marking  ] GC(2) Concurrent Rebuild Remembered Sets 2.298ms
[2022-11-30T09:53:18.313+0100][gc,start    ] GC(2) Pause Cleanup
[2022-11-30T09:53:18.313+0100][gc          ] GC(2) Pause Cleanup 9M->9M(1024M) 0.117ms
[2022-11-30T09:53:18.313+0100][gc,cpu      ] GC(2) User=0.00s Sys=0.00s Real=0.00s
[2022-11-30T09:53:18.313+0100][gc,marking  ] GC(2) Concurrent Cleanup for Next Mark
[2022-11-30T09:53:18.318+0100][gc,marking  ] GC(2) Concurrent Cleanup for Next Mark 4.791ms
[2022-11-30T09:53:18.318+0100][gc          ] GC(2) Concurrent Mark Cycle 12.375ms
[2022-11-30T09:53:19.136+0100][gc,start    ] GC(3) Pause Young (Normal) (G1 Evacuation Pause)
[2022-11-30T09:53:19.136+0100][gc,task     ] GC(3) Using 8 workers of 8 for evacuation
[2022-11-30T09:53:19.139+0100][gc,phases   ] GC(3)   Pre Evacuate Collection Set: 0.1ms
[2022-11-30T09:53:19.139+0100][gc,phases   ] GC(3)   Merge Heap Roots: 0.1ms
[2022-11-30T09:53:19.139+0100][gc,phases   ] GC(3)   Evacuate Collection Set: 2.6ms
[2022-11-30T09:53:19.139+0100][gc,phases   ] GC(3)   Post Evacuate Collection Set: 0.3ms
[2022-11-30T09:53:19.139+0100][gc,phases   ] GC(3)   Other: 0.1ms
[2022-11-30T09:53:19.139+0100][gc,heap     ] GC(3) Eden regions: 49->0(45)
[2022-11-30T09:53:19.139+0100][gc,heap     ] GC(3) Survivor regions: 2->6(7)
[2022-11-30T09:53:19.139+0100][gc,heap     ] GC(3) Old regions: 8->8
[2022-11-30T09:53:19.139+0100][gc,heap     ] GC(3) Archive regions: 2->2
[2022-11-30T09:53:19.139+0100][gc,heap     ] GC(3) Humongous regions: 129->129
[2022-11-30T09:53:19.139+0100][gc,metaspace] GC(3) Metaspace: 31313K(31552K)->31313K(31552K) NonClass: 27756K(27904K)->27756K(27904K) Class: 3556K(3648K)->3556K(3648K)
[2022-11-30T09:53:19.139+0100][gc          ] GC(3) Pause Young (Normal) (G1 Evacuation Pause) 187M->142M(1024M) 3.411ms
[2022-11-30T09:53:19.139+0100][gc,cpu      ] GC(3) User=0.01s Sys=0.00s Real=0.00s
[2022-11-30T09:53:19.309+0100][gc,start    ] GC(4) Pause Young (Concurrent Start) (Metadata GC Threshold)
[2022-11-30T09:53:19.309+0100][gc,task     ] GC(4) Using 8 workers of 8 for evacuation
[2022-11-30T09:53:19.315+0100][gc,phases   ] GC(4)   Pre Evacuate Collection Set: 0.1ms
[2022-11-30T09:53:19.315+0100][gc,phases   ] GC(4)   Merge Heap Roots: 0.0ms
[2022-11-30T09:53:19.315+0100][gc,phases   ] GC(4)   Evacuate Collection Set: 4.7ms
[2022-11-30T09:53:19.315+0100][gc,phases   ] GC(4)   Post Evacuate Collection Set: 0.3ms
[2022-11-30T09:53:19.315+0100][gc,phases   ] GC(4)   Other: 0.2ms
[2022-11-30T09:53:19.315+0100][gc,heap     ] GC(4) Eden regions: 21->0(49)
[2022-11-30T09:53:19.315+0100][gc,heap     ] GC(4) Survivor regions: 6->2(7)
[2022-11-30T09:53:19.315+0100][gc,heap     ] GC(4) Old regions: 8->13
[2022-11-30T09:53:19.315+0100][gc,heap     ] GC(4) Archive regions: 2->2
[2022-11-30T09:53:19.315+0100][gc,heap     ] GC(4) Humongous regions: 129->129
[2022-11-30T09:53:19.315+0100][gc,metaspace] GC(4) Metaspace: 35634K(35968K)->35634K(35968K) NonClass: 31484K(31680K)->31484K(31680K) Class: 4150K(4288K)->4150K(4288K)
[2022-11-30T09:53:19.315+0100][gc          ] GC(4) Pause Young (Concurrent Start) (Metadata GC Threshold) 163M->144M(1024M) 5.613ms
[2022-11-30T09:53:19.315+0100][gc,cpu      ] GC(4) User=0.03s Sys=0.00s Real=0.01s
[2022-11-30T09:53:19.315+0100][gc          ] GC(5) Concurrent Mark Cycle
[2022-11-30T09:53:19.315+0100][gc,marking  ] GC(5) Concurrent Clear Claimed Marks
[2022-11-30T09:53:19.315+0100][gc,marking  ] GC(5) Concurrent Clear Claimed Marks 0.028ms
[2022-11-30T09:53:19.315+0100][gc,marking  ] GC(5) Concurrent Scan Root Regions
[2022-11-30T09:53:19.318+0100][gc,marking  ] GC(5) Concurrent Scan Root Regions 3.060ms
[2022-11-30T09:53:19.318+0100][gc,marking  ] GC(5) Concurrent Mark
[2022-11-30T09:53:19.318+0100][gc,marking  ] GC(5) Concurrent Mark From Roots
[2022-11-30T09:53:19.318+0100][gc,task     ] GC(5) Using 2 workers of 2 for marking
[2022-11-30T09:53:19.322+0100][gc,marking  ] GC(5) Concurrent Mark From Roots 4.366ms
[2022-11-30T09:53:19.322+0100][gc,marking  ] GC(5) Concurrent Preclean
[2022-11-30T09:53:19.323+0100][gc,marking  ] GC(5) Concurrent Preclean 0.058ms
[2022-11-30T09:53:19.323+0100][gc,start    ] GC(5) Pause Remark
[2022-11-30T09:53:19.324+0100][gc          ] GC(5) Pause Remark 144M->144M(1024M) 1.285ms
[2022-11-30T09:53:19.324+0100][gc,cpu      ] GC(5) User=0.01s Sys=0.00s Real=0.00s
[2022-11-30T09:53:19.324+0100][gc,marking  ] GC(5) Concurrent Mark 6.167ms
[2022-11-30T09:53:19.324+0100][gc,marking  ] GC(5) Concurrent Rebuild Remembered Sets
[2022-11-30T09:53:19.329+0100][gc,marking  ] GC(5) Concurrent Rebuild Remembered Sets 4.783ms
[2022-11-30T09:53:19.329+0100][gc,start    ] GC(5) Pause Cleanup
[2022-11-30T09:53:19.329+0100][gc          ] GC(5) Pause Cleanup 145M->145M(1024M) 0.153ms
[2022-11-30T09:53:19.329+0100][gc,cpu      ] GC(5) User=0.00s Sys=0.00s Real=0.00s
[2022-11-30T09:53:19.329+0100][gc,marking  ] GC(5) Concurrent Cleanup for Next Mark
[2022-11-30T09:53:19.335+0100][gc,marking  ] GC(5) Concurrent Cleanup for Next Mark 5.680ms
[2022-11-30T09:53:19.335+0100][gc          ] GC(5) Concurrent Mark Cycle 20.338ms
[2022-11-30T10:38:11.810+0100][gc,start    ] GC(6) Pause Young (Normal) (G1 Evacuation Pause)
[2022-11-30T10:38:11.814+0100][gc,task     ] GC(6) Using 8 workers of 8 for evacuation
[2022-11-30T10:38:11.901+0100][gc,mmu      ] GC(6) MMU target violated: 21.0ms (20.0ms/21.0ms)
[2022-11-30T10:38:11.901+0100][gc,phases   ] GC(6)   Pre Evacuate Collection Set: 16.7ms
[2022-11-30T10:38:11.901+0100][gc,phases   ] GC(6)   Merge Heap Roots: 4.6ms
[2022-11-30T10:38:11.901+0100][gc,phases   ] GC(6)   Evacuate Collection Set: 64.1ms
[2022-11-30T10:38:11.901+0100][gc,phases   ] GC(6)   Post Evacuate Collection Set: 1.2ms
[2022-11-30T10:38:11.901+0100][gc,phases   ] GC(6)   Other: 5.7ms
[2022-11-30T10:38:11.901+0100][gc,heap     ] GC(6) Eden regions: 49->0(48)
[2022-11-30T10:38:11.901+0100][gc,heap     ] GC(6) Survivor regions: 2->3(7)
[2022-11-30T10:38:11.901+0100][gc,heap     ] GC(6) Old regions: 13->13
[2022-11-30T10:38:11.901+0100][gc,heap     ] GC(6) Archive regions: 2->2
[2022-11-30T10:38:11.901+0100][gc,heap     ] GC(6) Humongous regions: 129->129
[2022-11-30T10:38:11.901+0100][gc,metaspace] GC(6) Metaspace: 38122K(38656K)->38122K(38656K) NonClass: 33651K(33920K)->33651K(33920K) Class: 4471K(4736K)->4471K(4736K)
[2022-11-30T10:38:11.901+0100][gc          ] GC(6) Pause Young (Normal) (G1 Evacuation Pause) 193M->144M(1024M) 90.530ms
[2022-11-30T10:38:11.901+0100][gc,cpu      ] GC(6) User=0.05s Sys=0.13s Real=0.09s
[2022-11-30T11:42:35.080+0100][gc,start    ] GC(7) Pause Young (Normal) (G1 Evacuation Pause)
[2022-11-30T11:42:35.081+0100][gc,task     ] GC(7) Using 8 workers of 8 for evacuation
[2022-11-30T11:42:35.224+0100][gc,mmu      ] GC(7) MMU target violated: 21.0ms (20.0ms/21.0ms)
[2022-11-30T11:42:35.224+0100][gc,phases   ] GC(7)   Pre Evacuate Collection Set: 15.9ms
[2022-11-30T11:42:35.224+0100][gc,phases   ] GC(7)   Merge Heap Roots: 3.0ms
[2022-11-30T11:42:35.224+0100][gc,phases   ] GC(7)   Evacuate Collection Set: 119.5ms
[2022-11-30T11:42:35.224+0100][gc,phases   ] GC(7)   Post Evacuate Collection Set: 1.7ms
[2022-11-30T11:42:35.224+0100][gc,phases   ] GC(7)   Other: 4.7ms
[2022-11-30T11:42:35.224+0100][gc,heap     ] GC(7) Eden regions: 48->0(48)
[2022-11-30T11:42:35.224+0100][gc,heap     ] GC(7) Survivor regions: 3->3(7)
[2022-11-30T11:42:35.224+0100][gc,heap     ] GC(7) Old regions: 13->13
[2022-11-30T11:42:35.224+0100][gc,heap     ] GC(7) Archive regions: 2->2
[2022-11-30T11:42:35.224+0100][gc,heap     ] GC(7) Humongous regions: 129->129
[2022-11-30T11:42:35.224+0100][gc,metaspace] GC(7) Metaspace: 38264K(38848K)->38264K(38848K) NonClass: 33789K(34112K)->33789K(34112K) Class: 4475K(4736K)->4475K(4736K)
[2022-11-30T11:42:35.224+0100][gc          ] GC(7) Pause Young (Normal) (G1 Evacuation Pause) 192M->144M(1024M) 143.950ms
[2022-11-30T11:42:35.224+0100][gc,cpu      ] GC(7) User=0.10s Sys=0.11s Real=0.14s
[2022-11-30T14:08:17.408+0100][gc,start    ] GC(8) Pause Young (Normal) (G1 Evacuation Pause)
[2022-11-30T14:08:17.416+0100][gc,task     ] GC(8) Using 8 workers of 8 for evacuation
[2022-11-30T14:08:17.491+0100][gc,mmu      ] GC(8) MMU target violated: 21.0ms (20.0ms/21.0ms)
[2022-11-30T14:08:17.492+0100][gc,phases   ] GC(8)   Pre Evacuate Collection Set: 9.1ms
[2022-11-30T14:08:17.492+0100][gc,phases   ] GC(8)   Merge Heap Roots: 1.8ms
[2022-11-30T14:08:17.492+0100][gc,phases   ] GC(8)   Evacuate Collection Set: 55.7ms
[2022-11-30T14:08:17.492+0100][gc,phases   ] GC(8)   Post Evacuate Collection Set: 3.6ms
[2022-11-30T14:08:17.492+0100][gc,phases   ] GC(8)   Other: 17.6ms
[2022-11-30T14:08:17.493+0100][gc,heap     ] GC(8) Eden regions: 48->0(48)
[2022-11-30T14:08:17.493+0100][gc,heap     ] GC(8) Survivor regions: 3->3(7)
[2022-11-30T14:08:17.493+0100][gc,heap     ] GC(8) Old regions: 13->13
[2022-11-30T14:08:17.493+0100][gc,heap     ] GC(8) Archive regions: 2->2
[2022-11-30T14:08:17.493+0100][gc,heap     ] GC(8) Humongous regions: 129->129
[2022-11-30T14:08:17.493+0100][gc,metaspace] GC(8) Metaspace: 38307K(38848K)->38307K(38848K) NonClass: 33831K(34112K)->33831K(34112K) Class: 4475K(4736K)->4475K(4736K)
[2022-11-30T14:08:17.493+0100][gc          ] GC(8) Pause Young (Normal) (G1 Evacuation Pause) 192M->144M(1024M) 86.646ms
[2022-11-30T14:08:17.493+0100][gc,cpu      ] GC(8) User=0.05s Sys=0.10s Real=0.09s
[2022-11-30T15:35:21.346+0100][gc,heap,exit] Heap
[2022-11-30T15:35:21.375+0100][gc,heap,exit]  garbage-first heap   total 1048576K, used 195638K [0x00000007c0000000, 0x0000000800000000)
[2022-11-30T15:35:21.376+0100][gc,heap,exit]   region size 1024K, 50 young (51200K), 3 survivors (3072K)
[2022-11-30T15:35:21.376+0100][gc,heap,exit]  Metaspace       used 38443K, committed 38912K, reserved 1089536K
[2022-11-30T15:35:21.403+0100][gc,heap,exit]   class space    used 4504K, committed 4736K, reserved 1048576K
