[2022-11-18T22:35:26.662+0100][gc] Using G1
[2022-11-18T22:35:26.668+0100][gc,init] Version: 17+35 (release)
[2022-11-18T22:35:26.668+0100][gc,init] CPUs: 8 total, 8 available
[2022-11-18T22:35:26.668+0100][gc,init] Memory: 8192M
[2022-11-18T22:35:26.668+0100][gc,init] Large Page Support: Disabled
[2022-11-18T22:35:26.668+0100][gc,init] NUMA Support: Disabled
[2022-11-18T22:35:26.668+0100][gc,init] Compressed Oops: Enabled (Zero based)
[2022-11-18T22:35:26.668+0100][gc,init] Heap Region Size: 1M
[2022-11-18T22:35:26.668+0100][gc,init] Heap Min Capacity: 1G
[2022-11-18T22:35:26.668+0100][gc,init] Heap Initial Capacity: 1G
[2022-11-18T22:35:26.668+0100][gc,init] Heap Max Capacity: 1G
[2022-11-18T22:35:26.668+0100][gc,init] Pre-touch: Disabled
[2022-11-18T22:35:26.668+0100][gc,init] Parallel Workers: 8
[2022-11-18T22:35:26.668+0100][gc,init] Concurrent Workers: 2
[2022-11-18T22:35:26.668+0100][gc,init] Concurrent Refinement Workers: 8
[2022-11-18T22:35:26.668+0100][gc,init] Periodic GC: Disabled
[2022-11-18T22:35:26.668+0100][gc,metaspace] CDS archive(s) mapped at: [0x0000000800000000-0x0000000800bcd000-0x0000000800bcd000), size 12374016, SharedBaseAddress: 0x0000000800000000, ArchiveRelocationMode: 0.
[2022-11-18T22:35:26.668+0100][gc,metaspace] Compressed class space mapped at: 0x0000000800c00000-0x0000000840c00000, reserved size: 1073741824
[2022-11-18T22:35:26.668+0100][gc,metaspace] Narrow klass base: 0x0000000800000000, Narrow klass shift: 0, Narrow klass range: 0x100000000
[2022-11-18T22:35:28.125+0100][gc,start    ] GC(0) Pause Young (Normal) (G1 Evacuation Pause)
[2022-11-18T22:35:28.126+0100][gc,task     ] GC(0) Using 8 workers of 8 for evacuation
[2022-11-18T22:35:28.132+0100][gc,phases   ] GC(0)   Pre Evacuate Collection Set: 0.2ms
[2022-11-18T22:35:28.132+0100][gc,phases   ] GC(0)   Merge Heap Roots: 0.0ms
[2022-11-18T22:35:28.132+0100][gc,phases   ] GC(0)   Evacuate Collection Set: 5.8ms
[2022-11-18T22:35:28.132+0100][gc,phases   ] GC(0)   Post Evacuate Collection Set: 0.5ms
[2022-11-18T22:35:28.132+0100][gc,phases   ] GC(0)   Other: 0.5ms
[2022-11-18T22:35:28.132+0100][gc,heap     ] GC(0) Eden regions: 51->0(44)
[2022-11-18T22:35:28.132+0100][gc,heap     ] GC(0) Survivor regions: 0->7(7)
[2022-11-18T22:35:28.132+0100][gc,heap     ] GC(0) Old regions: 0->1
[2022-11-18T22:35:28.132+0100][gc,heap     ] GC(0) Archive regions: 2->2
[2022-11-18T22:35:28.132+0100][gc,heap     ] GC(0) Humongous regions: 0->0
[2022-11-18T22:35:28.133+0100][gc,metaspace] GC(0) Metaspace: 17687K(17856K)->17687K(17856K) NonClass: 15548K(15616K)->15548K(15616K) Class: 2139K(2240K)->2139K(2240K)
[2022-11-18T22:35:28.133+0100][gc          ] GC(0) Pause Young (Normal) (G1 Evacuation Pause) 51M->8M(1024M) 7.149ms
[2022-11-18T22:35:28.133+0100][gc,cpu      ] GC(0) User=0.02s Sys=0.01s Real=0.01s
[2022-11-18T22:35:28.450+0100][gc,start    ] GC(1) Pause Young (Concurrent Start) (Metadata GC Threshold)
[2022-11-18T22:35:28.450+0100][gc,task     ] GC(1) Using 8 workers of 8 for evacuation
[2022-11-18T22:35:28.459+0100][gc,phases   ] GC(1)   Pre Evacuate Collection Set: 0.1ms
[2022-11-18T22:35:28.460+0100][gc,phases   ] GC(1)   Merge Heap Roots: 0.1ms
[2022-11-18T22:35:28.460+0100][gc,phases   ] GC(1)   Evacuate Collection Set: 7.9ms
[2022-11-18T22:35:28.460+0100][gc,phases   ] GC(1)   Post Evacuate Collection Set: 0.4ms
[2022-11-18T22:35:28.460+0100][gc,phases   ] GC(1)   Other: 0.2ms
[2022-11-18T22:35:28.481+0100][gc,heap     ] GC(1) Eden regions: 13->0(49)
[2022-11-18T22:35:28.481+0100][gc,heap     ] GC(1) Survivor regions: 7->2(7)
[2022-11-18T22:35:28.481+0100][gc,heap     ] GC(1) Old regions: 1->7
[2022-11-18T22:35:28.481+0100][gc,heap     ] GC(1) Archive regions: 2->2
[2022-11-18T22:35:28.481+0100][gc,heap     ] GC(1) Humongous regions: 0->0
[2022-11-18T22:35:28.481+0100][gc,metaspace] GC(1) Metaspace: 21269K(21504K)->21269K(21504K) NonClass: 18665K(18752K)->18665K(18752K) Class: 2603K(2752K)->2603K(2752K)
[2022-11-18T22:35:28.481+0100][gc          ] GC(1) Pause Young (Concurrent Start) (Metadata GC Threshold) 20M->9M(1024M) 30.329ms
[2022-11-18T22:35:28.481+0100][gc,cpu      ] GC(1) User=0.02s Sys=0.01s Real=0.03s
[2022-11-18T22:35:28.481+0100][gc          ] GC(2) Concurrent Mark Cycle
[2022-11-18T22:35:28.481+0100][gc,marking  ] GC(2) Concurrent Clear Claimed Marks
[2022-11-18T22:35:28.481+0100][gc,marking  ] GC(2) Concurrent Clear Claimed Marks 0.023ms
[2022-11-18T22:35:28.481+0100][gc,marking  ] GC(2) Concurrent Scan Root Regions
[2022-11-18T22:35:28.484+0100][gc,marking  ] GC(2) Concurrent Scan Root Regions 3.087ms
[2022-11-18T22:35:28.484+0100][gc,marking  ] GC(2) Concurrent Mark
[2022-11-18T22:35:28.484+0100][gc,marking  ] GC(2) Concurrent Mark From Roots
[2022-11-18T22:35:28.484+0100][gc,task     ] GC(2) Using 2 workers of 2 for marking
[2022-11-18T22:35:28.486+0100][gc,marking  ] GC(2) Concurrent Mark From Roots 2.351ms
[2022-11-18T22:35:28.486+0100][gc,marking  ] GC(2) Concurrent Preclean
[2022-11-18T22:35:28.486+0100][gc,marking  ] GC(2) Concurrent Preclean 0.029ms
[2022-11-18T22:35:28.487+0100][gc,start    ] GC(2) Pause Remark
[2022-11-18T22:35:28.488+0100][gc          ] GC(2) Pause Remark 9M->9M(1024M) 1.263ms
[2022-11-18T22:35:28.488+0100][gc,cpu      ] GC(2) User=0.00s Sys=0.00s Real=0.00s
[2022-11-18T22:35:28.488+0100][gc,marking  ] GC(2) Concurrent Mark 4.258ms
[2022-11-18T22:35:28.488+0100][gc,marking  ] GC(2) Concurrent Rebuild Remembered Sets
[2022-11-18T22:35:28.488+0100][gc,marking  ] GC(2) Concurrent Rebuild Remembered Sets 0.007ms
[2022-11-18T22:35:28.488+0100][gc,start    ] GC(2) Pause Cleanup
[2022-11-18T22:35:28.488+0100][gc          ] GC(2) Pause Cleanup 9M->9M(1024M) 0.016ms
[2022-11-18T22:35:28.488+0100][gc,cpu      ] GC(2) User=0.00s Sys=0.00s Real=0.00s
[2022-11-18T22:35:28.488+0100][gc,marking  ] GC(2) Concurrent Cleanup for Next Mark
[2022-11-18T22:35:28.496+0100][gc,marking  ] GC(2) Concurrent Cleanup for Next Mark 7.564ms
[2022-11-18T22:35:28.496+0100][gc          ] GC(2) Concurrent Mark Cycle 15.303ms
[2022-11-18T22:35:31.127+0100][gc,start    ] GC(3) Pause Young (Normal) (G1 Evacuation Pause)
[2022-11-18T22:35:31.127+0100][gc,task     ] GC(3) Using 8 workers of 8 for evacuation
[2022-11-18T22:35:31.131+0100][gc,phases   ] GC(3)   Pre Evacuate Collection Set: 0.2ms
[2022-11-18T22:35:31.131+0100][gc,phases   ] GC(3)   Merge Heap Roots: 0.1ms
[2022-11-18T22:35:31.131+0100][gc,phases   ] GC(3)   Evacuate Collection Set: 2.9ms
[2022-11-18T22:35:31.131+0100][gc,phases   ] GC(3)   Post Evacuate Collection Set: 0.3ms
[2022-11-18T22:35:31.131+0100][gc,phases   ] GC(3)   Other: 0.1ms
[2022-11-18T22:35:31.131+0100][gc,heap     ] GC(3) Eden regions: 49->0(45)
[2022-11-18T22:35:31.131+0100][gc,heap     ] GC(3) Survivor regions: 2->6(7)
[2022-11-18T22:35:31.131+0100][gc,heap     ] GC(3) Old regions: 7->7
[2022-11-18T22:35:31.131+0100][gc,heap     ] GC(3) Archive regions: 2->2
[2022-11-18T22:35:31.131+0100][gc,heap     ] GC(3) Humongous regions: 129->129
[2022-11-18T22:35:31.131+0100][gc,metaspace] GC(3) Metaspace: 30509K(30784K)->30509K(30784K) NonClass: 26985K(27136K)->26985K(27136K) Class: 3523K(3648K)->3523K(3648K)
[2022-11-18T22:35:31.131+0100][gc          ] GC(3) Pause Young (Normal) (G1 Evacuation Pause) 187M->142M(1024M) 3.761ms
[2022-11-18T22:35:31.131+0100][gc,cpu      ] GC(3) User=0.02s Sys=0.01s Real=0.01s
[2022-11-18T22:35:31.377+0100][gc,start    ] GC(4) Pause Young (Concurrent Start) (Metadata GC Threshold)
[2022-11-18T22:35:31.388+0100][gc,task     ] GC(4) Using 8 workers of 8 for evacuation
[2022-11-18T22:35:31.394+0100][gc,phases   ] GC(4)   Pre Evacuate Collection Set: 0.2ms
[2022-11-18T22:35:31.394+0100][gc,phases   ] GC(4)   Merge Heap Roots: 0.1ms
[2022-11-18T22:35:31.394+0100][gc,phases   ] GC(4)   Evacuate Collection Set: 4.5ms
[2022-11-18T22:35:31.394+0100][gc,phases   ] GC(4)   Post Evacuate Collection Set: 0.4ms
[2022-11-18T22:35:31.394+0100][gc,phases   ] GC(4)   Other: 11.1ms
[2022-11-18T22:35:31.394+0100][gc,heap     ] GC(4) Eden regions: 23->0(49)
[2022-11-18T22:35:31.394+0100][gc,heap     ] GC(4) Survivor regions: 6->2(7)
[2022-11-18T22:35:31.394+0100][gc,heap     ] GC(4) Old regions: 7->13
[2022-11-18T22:35:31.394+0100][gc,heap     ] GC(4) Archive regions: 2->2
[2022-11-18T22:35:31.394+0100][gc,heap     ] GC(4) Humongous regions: 129->129
[2022-11-18T22:35:31.394+0100][gc,metaspace] GC(4) Metaspace: 35793K(36096K)->35793K(36096K) NonClass: 31656K(31808K)->31656K(31808K) Class: 4137K(4288K)->4137K(4288K)
[2022-11-18T22:35:31.394+0100][gc          ] GC(4) Pause Young (Concurrent Start) (Metadata GC Threshold) 165M->143M(1024M) 16.445ms
[2022-11-18T22:35:31.394+0100][gc,cpu      ] GC(4) User=0.03s Sys=0.00s Real=0.02s
[2022-11-18T22:35:31.394+0100][gc          ] GC(5) Concurrent Mark Cycle
[2022-11-18T22:35:31.394+0100][gc,marking  ] GC(5) Concurrent Clear Claimed Marks
[2022-11-18T22:35:31.394+0100][gc,marking  ] GC(5) Concurrent Clear Claimed Marks 0.023ms
[2022-11-18T22:35:31.394+0100][gc,marking  ] GC(5) Concurrent Scan Root Regions
[2022-11-18T22:35:31.397+0100][gc,marking  ] GC(5) Concurrent Scan Root Regions 3.348ms
[2022-11-18T22:35:31.397+0100][gc,marking  ] GC(5) Concurrent Mark
[2022-11-18T22:35:31.397+0100][gc,marking  ] GC(5) Concurrent Mark From Roots
[2022-11-18T22:35:31.397+0100][gc,task     ] GC(5) Using 2 workers of 2 for marking
[2022-11-18T22:35:31.404+0100][gc,marking  ] GC(5) Concurrent Mark From Roots 6.282ms
[2022-11-18T22:35:31.404+0100][gc,marking  ] GC(5) Concurrent Preclean
[2022-11-18T22:35:31.404+0100][gc,marking  ] GC(5) Concurrent Preclean 0.090ms
[2022-11-18T22:35:31.404+0100][gc,start    ] GC(5) Pause Remark
[2022-11-18T22:35:31.405+0100][gc          ] GC(5) Pause Remark 145M->145M(1024M) 1.305ms
[2022-11-18T22:35:31.405+0100][gc,cpu      ] GC(5) User=0.01s Sys=0.00s Real=0.00s
[2022-11-18T22:35:31.405+0100][gc,marking  ] GC(5) Concurrent Mark 7.991ms
[2022-11-18T22:35:31.405+0100][gc,marking  ] GC(5) Concurrent Rebuild Remembered Sets
[2022-11-18T22:35:31.410+0100][gc,marking  ] GC(5) Concurrent Rebuild Remembered Sets 4.904ms
[2022-11-18T22:35:31.411+0100][gc,start    ] GC(5) Pause Cleanup
[2022-11-18T22:35:31.411+0100][gc          ] GC(5) Pause Cleanup 145M->145M(1024M) 0.147ms
[2022-11-18T22:35:31.411+0100][gc,cpu      ] GC(5) User=0.01s Sys=0.00s Real=0.00s
[2022-11-18T22:35:31.411+0100][gc,marking  ] GC(5) Concurrent Cleanup for Next Mark
[2022-11-18T22:35:31.417+0100][gc,marking  ] GC(5) Concurrent Cleanup for Next Mark 5.807ms
[2022-11-18T22:35:31.417+0100][gc          ] GC(5) Concurrent Mark Cycle 22.789ms
[2022-11-18T22:36:15.092+0100][gc,heap,exit] Heap
[2022-11-18T22:36:15.092+0100][gc,heap,exit]  garbage-first heap   total 1048576K, used 178452K [0x00000007c0000000, 0x0000000800000000)
[2022-11-18T22:36:15.092+0100][gc,heap,exit]   region size 1024K, 27 young (27648K), 2 survivors (2048K)
[2022-11-18T22:36:15.092+0100][gc,heap,exit]  Metaspace       used 38282K, committed 38720K, reserved 1089536K
[2022-11-18T22:36:15.092+0100][gc,heap,exit]   class space    used 4605K, committed 4800K, reserved 1048576K
