[2022-12-07T13:30:10.771+0100][gc] Using G1
[2022-12-07T13:30:10.777+0100][gc,init] Version: 17+35 (release)
[2022-12-07T13:30:10.777+0100][gc,init] CPUs: 8 total, 8 available
[2022-12-07T13:30:10.777+0100][gc,init] Memory: 8192M
[2022-12-07T13:30:10.777+0100][gc,init] Large Page Support: Disabled
[2022-12-07T13:30:10.777+0100][gc,init] NUMA Support: Disabled
[2022-12-07T13:30:10.777+0100][gc,init] Compressed Oops: Enabled (Zero based)
[2022-12-07T13:30:10.777+0100][gc,init] Heap Region Size: 1M
[2022-12-07T13:30:10.777+0100][gc,init] Heap Min Capacity: 1G
[2022-12-07T13:30:10.777+0100][gc,init] Heap Initial Capacity: 1G
[2022-12-07T13:30:10.777+0100][gc,init] Heap Max Capacity: 1G
[2022-12-07T13:30:10.777+0100][gc,init] Pre-touch: Disabled
[2022-12-07T13:30:10.777+0100][gc,init] Parallel Workers: 8
[2022-12-07T13:30:10.777+0100][gc,init] Concurrent Workers: 2
[2022-12-07T13:30:10.777+0100][gc,init] Concurrent Refinement Workers: 8
[2022-12-07T13:30:10.777+0100][gc,init] Periodic GC: Disabled
[2022-12-07T13:30:10.777+0100][gc,metaspace] CDS archive(s) mapped at: [0x0000000800000000-0x0000000800bcd000-0x0000000800bcd000), size 12374016, SharedBaseAddress: 0x0000000800000000, ArchiveRelocationMode: 0.
[2022-12-07T13:30:10.777+0100][gc,metaspace] Compressed class space mapped at: 0x0000000800c00000-0x0000000840c00000, reserved size: 1073741824
[2022-12-07T13:30:10.777+0100][gc,metaspace] Narrow klass base: 0x0000000800000000, Narrow klass shift: 0, Narrow klass range: 0x100000000
[2022-12-07T13:30:11.923+0100][gc,start    ] GC(0) Pause Young (Normal) (G1 Evacuation Pause)
[2022-12-07T13:30:11.923+0100][gc,task     ] GC(0) Using 8 workers of 8 for evacuation
[2022-12-07T13:30:11.928+0100][gc,phases   ] GC(0)   Pre Evacuate Collection Set: 0.1ms
[2022-12-07T13:30:11.928+0100][gc,phases   ] GC(0)   Merge Heap Roots: 0.0ms
[2022-12-07T13:30:11.928+0100][gc,phases   ] GC(0)   Evacuate Collection Set: 4.1ms
[2022-12-07T13:30:11.928+0100][gc,phases   ] GC(0)   Post Evacuate Collection Set: 0.4ms
[2022-12-07T13:30:11.928+0100][gc,phases   ] GC(0)   Other: 0.4ms
[2022-12-07T13:30:11.928+0100][gc,heap     ] GC(0) Eden regions: 51->0(44)
[2022-12-07T13:30:11.928+0100][gc,heap     ] GC(0) Survivor regions: 0->7(7)
[2022-12-07T13:30:11.928+0100][gc,heap     ] GC(0) Old regions: 0->1
[2022-12-07T13:30:11.928+0100][gc,heap     ] GC(0) Archive regions: 2->2
[2022-12-07T13:30:11.928+0100][gc,heap     ] GC(0) Humongous regions: 0->0
[2022-12-07T13:30:11.928+0100][gc,metaspace] GC(0) Metaspace: 17595K(17728K)->17595K(17728K) NonClass: 15471K(15552K)->15471K(15552K) Class: 2123K(2176K)->2123K(2176K)
[2022-12-07T13:30:11.928+0100][gc          ] GC(0) Pause Young (Normal) (G1 Evacuation Pause) 51M->8M(1024M) 5.267ms
[2022-12-07T13:30:11.928+0100][gc,cpu      ] GC(0) User=0.02s Sys=0.01s Real=0.00s
[2022-12-07T13:30:12.161+0100][gc,start    ] GC(1) Pause Young (Concurrent Start) (Metadata GC Threshold)
[2022-12-07T13:30:12.161+0100][gc,task     ] GC(1) Using 8 workers of 8 for evacuation
[2022-12-07T13:30:12.167+0100][gc,phases   ] GC(1)   Pre Evacuate Collection Set: 0.1ms
[2022-12-07T13:30:12.167+0100][gc,phases   ] GC(1)   Merge Heap Roots: 0.0ms
[2022-12-07T13:30:12.167+0100][gc,phases   ] GC(1)   Evacuate Collection Set: 5.2ms
[2022-12-07T13:30:12.167+0100][gc,phases   ] GC(1)   Post Evacuate Collection Set: 0.4ms
[2022-12-07T13:30:12.167+0100][gc,phases   ] GC(1)   Other: 0.3ms
[2022-12-07T13:30:12.167+0100][gc,heap     ] GC(1) Eden regions: 14->0(49)
[2022-12-07T13:30:12.167+0100][gc,heap     ] GC(1) Survivor regions: 7->2(7)
[2022-12-07T13:30:12.167+0100][gc,heap     ] GC(1) Old regions: 1->7
[2022-12-07T13:30:12.167+0100][gc,heap     ] GC(1) Archive regions: 2->2
[2022-12-07T13:30:12.167+0100][gc,heap     ] GC(1) Humongous regions: 0->0
[2022-12-07T13:30:12.167+0100][gc,metaspace] GC(1) Metaspace: 21285K(21504K)->21285K(21504K) NonClass: 18669K(18752K)->18669K(18752K) Class: 2616K(2752K)->2616K(2752K)
[2022-12-07T13:30:12.167+0100][gc          ] GC(1) Pause Young (Concurrent Start) (Metadata GC Threshold) 21M->9M(1024M) 6.217ms
[2022-12-07T13:30:12.167+0100][gc,cpu      ] GC(1) User=0.02s Sys=0.01s Real=0.00s
[2022-12-07T13:30:12.167+0100][gc          ] GC(2) Concurrent Mark Cycle
[2022-12-07T13:30:12.167+0100][gc,marking  ] GC(2) Concurrent Clear Claimed Marks
[2022-12-07T13:30:12.167+0100][gc,marking  ] GC(2) Concurrent Clear Claimed Marks 0.017ms
[2022-12-07T13:30:12.167+0100][gc,marking  ] GC(2) Concurrent Scan Root Regions
[2022-12-07T13:30:12.170+0100][gc,marking  ] GC(2) Concurrent Scan Root Regions 2.920ms
[2022-12-07T13:30:12.170+0100][gc,marking  ] GC(2) Concurrent Mark
[2022-12-07T13:30:12.170+0100][gc,marking  ] GC(2) Concurrent Mark From Roots
[2022-12-07T13:30:12.170+0100][gc,task     ] GC(2) Using 2 workers of 2 for marking
[2022-12-07T13:30:12.171+0100][gc,marking  ] GC(2) Concurrent Mark From Roots 1.462ms
[2022-12-07T13:30:12.172+0100][gc,marking  ] GC(2) Concurrent Preclean
[2022-12-07T13:30:12.172+0100][gc,marking  ] GC(2) Concurrent Preclean 0.040ms
[2022-12-07T13:30:12.172+0100][gc,start    ] GC(2) Pause Remark
[2022-12-07T13:30:12.174+0100][gc          ] GC(2) Pause Remark 9M->9M(1024M) 1.333ms
[2022-12-07T13:30:12.174+0100][gc,cpu      ] GC(2) User=0.00s Sys=0.00s Real=0.00s
[2022-12-07T13:30:12.174+0100][gc,marking  ] GC(2) Concurrent Mark 3.938ms
[2022-12-07T13:30:12.174+0100][gc,marking  ] GC(2) Concurrent Rebuild Remembered Sets
[2022-12-07T13:30:12.174+0100][gc,marking  ] GC(2) Concurrent Rebuild Remembered Sets 0.015ms
[2022-12-07T13:30:12.174+0100][gc,start    ] GC(2) Pause Cleanup
[2022-12-07T13:30:12.174+0100][gc          ] GC(2) Pause Cleanup 9M->9M(1024M) 0.032ms
[2022-12-07T13:30:12.174+0100][gc,cpu      ] GC(2) User=0.00s Sys=0.00s Real=0.00s
[2022-12-07T13:30:12.174+0100][gc,marking  ] GC(2) Concurrent Cleanup for Next Mark
[2022-12-07T13:30:12.181+0100][gc,marking  ] GC(2) Concurrent Cleanup for Next Mark 7.055ms
[2022-12-07T13:30:12.181+0100][gc          ] GC(2) Concurrent Mark Cycle 14.457ms
[2022-12-07T13:30:13.088+0100][gc,start    ] GC(3) Pause Young (Normal) (G1 Evacuation Pause)
[2022-12-07T13:30:13.088+0100][gc,task     ] GC(3) Using 8 workers of 8 for evacuation
[2022-12-07T13:30:13.092+0100][gc,phases   ] GC(3)   Pre Evacuate Collection Set: 0.1ms
[2022-12-07T13:30:13.092+0100][gc,phases   ] GC(3)   Merge Heap Roots: 0.1ms
[2022-12-07T13:30:13.092+0100][gc,phases   ] GC(3)   Evacuate Collection Set: 3.3ms
[2022-12-07T13:30:13.092+0100][gc,phases   ] GC(3)   Post Evacuate Collection Set: 0.6ms
[2022-12-07T13:30:13.092+0100][gc,phases   ] GC(3)   Other: 0.1ms
[2022-12-07T13:30:13.092+0100][gc,heap     ] GC(3) Eden regions: 49->0(45)
[2022-12-07T13:30:13.092+0100][gc,heap     ] GC(3) Survivor regions: 2->6(7)
[2022-12-07T13:30:13.092+0100][gc,heap     ] GC(3) Old regions: 7->7
[2022-12-07T13:30:13.092+0100][gc,heap     ] GC(3) Archive regions: 2->2
[2022-12-07T13:30:13.092+0100][gc,heap     ] GC(3) Humongous regions: 129->129
[2022-12-07T13:30:13.092+0100][gc,metaspace] GC(3) Metaspace: 32261K(32512K)->32261K(32512K) NonClass: 28583K(28736K)->28583K(28736K) Class: 3677K(3776K)->3677K(3776K)
[2022-12-07T13:30:13.092+0100][gc          ] GC(3) Pause Young (Normal) (G1 Evacuation Pause) 187M->142M(1024M) 4.365ms
[2022-12-07T13:30:13.092+0100][gc,cpu      ] GC(3) User=0.02s Sys=0.00s Real=0.01s
[2022-12-07T13:30:13.291+0100][gc,start    ] GC(4) Pause Young (Concurrent Start) (Metadata GC Threshold)
[2022-12-07T13:30:13.291+0100][gc,task     ] GC(4) Using 8 workers of 8 for evacuation
[2022-12-07T13:30:13.295+0100][gc,phases   ] GC(4)   Pre Evacuate Collection Set: 0.1ms
[2022-12-07T13:30:13.295+0100][gc,phases   ] GC(4)   Merge Heap Roots: 0.1ms
[2022-12-07T13:30:13.295+0100][gc,phases   ] GC(4)   Evacuate Collection Set: 3.9ms
[2022-12-07T13:30:13.295+0100][gc,phases   ] GC(4)   Post Evacuate Collection Set: 0.3ms
[2022-12-07T13:30:13.295+0100][gc,phases   ] GC(4)   Other: 0.1ms
[2022-12-07T13:30:13.295+0100][gc,heap     ] GC(4) Eden regions: 16->0(49)
[2022-12-07T13:30:13.295+0100][gc,heap     ] GC(4) Survivor regions: 6->2(7)
[2022-12-07T13:30:13.295+0100][gc,heap     ] GC(4) Old regions: 7->13
[2022-12-07T13:30:13.295+0100][gc,heap     ] GC(4) Archive regions: 2->2
[2022-12-07T13:30:13.295+0100][gc,heap     ] GC(4) Humongous regions: 129->129
[2022-12-07T13:30:13.295+0100][gc,metaspace] GC(4) Metaspace: 35766K(36096K)->35766K(36096K) NonClass: 31570K(31744K)->31570K(31744K) Class: 4195K(4352K)->4195K(4352K)
[2022-12-07T13:30:13.296+0100][gc          ] GC(4) Pause Young (Concurrent Start) (Metadata GC Threshold) 158M->143M(1024M) 4.645ms
[2022-12-07T13:30:13.296+0100][gc,cpu      ] GC(4) User=0.02s Sys=0.00s Real=0.00s
[2022-12-07T13:30:13.296+0100][gc          ] GC(5) Concurrent Mark Cycle
[2022-12-07T13:30:13.296+0100][gc,marking  ] GC(5) Concurrent Clear Claimed Marks
[2022-12-07T13:30:13.296+0100][gc,marking  ] GC(5) Concurrent Clear Claimed Marks 0.022ms
[2022-12-07T13:30:13.296+0100][gc,marking  ] GC(5) Concurrent Scan Root Regions
[2022-12-07T13:30:13.299+0100][gc,marking  ] GC(5) Concurrent Scan Root Regions 3.210ms
[2022-12-07T13:30:13.299+0100][gc,marking  ] GC(5) Concurrent Mark
[2022-12-07T13:30:13.299+0100][gc,marking  ] GC(5) Concurrent Mark From Roots
[2022-12-07T13:30:13.299+0100][gc,task     ] GC(5) Using 2 workers of 2 for marking
[2022-12-07T13:30:13.305+0100][gc,marking  ] GC(5) Concurrent Mark From Roots 6.079ms
[2022-12-07T13:30:13.305+0100][gc,marking  ] GC(5) Concurrent Preclean
[2022-12-07T13:30:13.305+0100][gc,marking  ] GC(5) Concurrent Preclean 0.077ms
[2022-12-07T13:30:13.305+0100][gc,start    ] GC(5) Pause Remark
[2022-12-07T13:30:13.306+0100][gc          ] GC(5) Pause Remark 144M->144M(1024M) 1.206ms
[2022-12-07T13:30:13.307+0100][gc,cpu      ] GC(5) User=0.00s Sys=0.00s Real=0.00s
[2022-12-07T13:30:13.307+0100][gc,marking  ] GC(5) Concurrent Mark 7.804ms
[2022-12-07T13:30:13.307+0100][gc,marking  ] GC(5) Concurrent Rebuild Remembered Sets
[2022-12-07T13:30:13.311+0100][gc,marking  ] GC(5) Concurrent Rebuild Remembered Sets 3.957ms
[2022-12-07T13:30:13.329+0100][gc,start    ] GC(5) Pause Cleanup
[2022-12-07T13:30:13.329+0100][gc          ] GC(5) Pause Cleanup 144M->144M(1024M) 0.175ms
[2022-12-07T13:30:13.329+0100][gc,cpu      ] GC(5) User=0.00s Sys=0.00s Real=0.00s
[2022-12-07T13:30:13.329+0100][gc,marking  ] GC(5) Concurrent Cleanup for Next Mark
[2022-12-07T13:30:13.335+0100][gc,marking  ] GC(5) Concurrent Cleanup for Next Mark 5.910ms
[2022-12-07T13:30:13.335+0100][gc          ] GC(5) Concurrent Mark Cycle 39.761ms
[2022-12-07T13:38:34.832+0100][gc,start    ] GC(6) Pause Young (Normal) (G1 Evacuation Pause)
[2022-12-07T13:38:34.833+0100][gc,task     ] GC(6) Using 8 workers of 8 for evacuation
[2022-12-07T13:38:34.841+0100][gc,phases   ] GC(6)   Pre Evacuate Collection Set: 0.7ms
[2022-12-07T13:38:34.841+0100][gc,phases   ] GC(6)   Merge Heap Roots: 0.1ms
[2022-12-07T13:38:34.841+0100][gc,phases   ] GC(6)   Evacuate Collection Set: 7.0ms
[2022-12-07T13:38:34.841+0100][gc,phases   ] GC(6)   Post Evacuate Collection Set: 0.6ms
[2022-12-07T13:38:34.841+0100][gc,phases   ] GC(6)   Other: 1.1ms
[2022-12-07T13:38:34.841+0100][gc,heap     ] GC(6) Eden regions: 49->0(48)
[2022-12-07T13:38:34.841+0100][gc,heap     ] GC(6) Survivor regions: 2->3(7)
[2022-12-07T13:38:34.842+0100][gc,heap     ] GC(6) Old regions: 13->13
[2022-12-07T13:38:34.842+0100][gc,heap     ] GC(6) Archive regions: 2->2
[2022-12-07T13:38:34.842+0100][gc,heap     ] GC(6) Humongous regions: 129->129
[2022-12-07T13:38:34.842+0100][gc,metaspace] GC(6) Metaspace: 38210K(38656K)->38210K(38656K) NonClass: 33744K(33984K)->33744K(33984K) Class: 4465K(4672K)->4465K(4672K)
[2022-12-07T13:38:34.842+0100][gc          ] GC(6) Pause Young (Normal) (G1 Evacuation Pause) 192M->144M(1024M) 9.730ms
[2022-12-07T13:38:34.842+0100][gc,cpu      ] GC(6) User=0.02s Sys=0.02s Real=0.01s
[2022-12-07T13:47:42.254+0100][gc,start    ] GC(7) Pause Young (Normal) (G1 Evacuation Pause)
[2022-12-07T13:47:42.255+0100][gc,task     ] GC(7) Using 8 workers of 8 for evacuation
[2022-12-07T13:47:42.272+0100][gc,phases   ] GC(7)   Pre Evacuate Collection Set: 2.6ms
[2022-12-07T13:47:42.272+0100][gc,phases   ] GC(7)   Merge Heap Roots: 0.4ms
[2022-12-07T13:47:42.272+0100][gc,phases   ] GC(7)   Evacuate Collection Set: 13.4ms
[2022-12-07T13:47:42.272+0100][gc,phases   ] GC(7)   Post Evacuate Collection Set: 0.5ms
[2022-12-07T13:47:42.272+0100][gc,phases   ] GC(7)   Other: 1.4ms
[2022-12-07T13:47:42.272+0100][gc,heap     ] GC(7) Eden regions: 48->0(48)
[2022-12-07T13:47:42.272+0100][gc,heap     ] GC(7) Survivor regions: 3->3(7)
[2022-12-07T13:47:42.272+0100][gc,heap     ] GC(7) Old regions: 13->13
[2022-12-07T13:47:42.272+0100][gc,heap     ] GC(7) Archive regions: 2->2
[2022-12-07T13:47:42.272+0100][gc,heap     ] GC(7) Humongous regions: 129->129
[2022-12-07T13:47:42.272+0100][gc,metaspace] GC(7) Metaspace: 38283K(38784K)->38283K(38784K) NonClass: 33815K(34048K)->33815K(34048K) Class: 4467K(4736K)->4467K(4736K)
[2022-12-07T13:47:42.272+0100][gc          ] GC(7) Pause Young (Normal) (G1 Evacuation Pause) 192M->144M(1024M) 18.218ms
[2022-12-07T13:47:42.272+0100][gc,cpu      ] GC(7) User=0.02s Sys=0.06s Real=0.02s
[2022-12-07T13:51:30.606+0100][gc,heap,exit] Heap
[2022-12-07T13:51:30.606+0100][gc,heap,exit]  garbage-first heap   total 1048576K, used 179425K [0x00000007c0000000, 0x0000000800000000)
[2022-12-07T13:51:30.606+0100][gc,heap,exit]   region size 1024K, 34 young (34816K), 3 survivors (3072K)
[2022-12-07T13:51:30.606+0100][gc,heap,exit]  Metaspace       used 39495K, committed 40064K, reserved 1089536K
[2022-12-07T13:51:30.606+0100][gc,heap,exit]   class space    used 4721K, committed 4992K, reserved 1048576K
