[2022-12-30T17:57:21.473+0100][gc] Using G1
[2022-12-30T17:57:21.479+0100][gc,init] Version: 17+35 (release)
[2022-12-30T17:57:21.479+0100][gc,init] CPUs: 8 total, 8 available
[2022-12-30T17:57:21.479+0100][gc,init] Memory: 8192M
[2022-12-30T17:57:21.479+0100][gc,init] Large Page Support: Disabled
[2022-12-30T17:57:21.479+0100][gc,init] NUMA Support: Disabled
[2022-12-30T17:57:21.479+0100][gc,init] Compressed Oops: Enabled (Zero based)
[2022-12-30T17:57:21.479+0100][gc,init] Heap Region Size: 1M
[2022-12-30T17:57:21.479+0100][gc,init] Heap Min Capacity: 1G
[2022-12-30T17:57:21.479+0100][gc,init] Heap Initial Capacity: 1G
[2022-12-30T17:57:21.479+0100][gc,init] Heap Max Capacity: 1G
[2022-12-30T17:57:21.479+0100][gc,init] Pre-touch: Disabled
[2022-12-30T17:57:21.480+0100][gc,init] Parallel Workers: 8
[2022-12-30T17:57:21.480+0100][gc,init] Concurrent Workers: 2
[2022-12-30T17:57:21.480+0100][gc,init] Concurrent Refinement Workers: 8
[2022-12-30T17:57:21.480+0100][gc,init] Periodic GC: Disabled
[2022-12-30T17:57:21.480+0100][gc,metaspace] CDS archive(s) mapped at: [0x0000000800000000-0x0000000800bcd000-0x0000000800bcd000), size 12374016, SharedBaseAddress: 0x0000000800000000, ArchiveRelocationMode: 0.
[2022-12-30T17:57:21.480+0100][gc,metaspace] Compressed class space mapped at: 0x0000000800c00000-0x0000000840c00000, reserved size: 1073741824
[2022-12-30T17:57:21.480+0100][gc,metaspace] Narrow klass base: 0x0000000800000000, Narrow klass shift: 0, Narrow klass range: 0x100000000
[2022-12-30T17:57:22.958+0100][gc,start    ] GC(0) Pause Young (Normal) (G1 Evacuation Pause)
[2022-12-30T17:57:22.959+0100][gc,task     ] GC(0) Using 8 workers of 8 for evacuation
[2022-12-30T17:57:22.964+0100][gc,phases   ] GC(0)   Pre Evacuate Collection Set: 0.1ms
[2022-12-30T17:57:22.964+0100][gc,phases   ] GC(0)   Merge Heap Roots: 0.0ms
[2022-12-30T17:57:22.964+0100][gc,phases   ] GC(0)   Evacuate Collection Set: 4.6ms
[2022-12-30T17:57:22.964+0100][gc,phases   ] GC(0)   Post Evacuate Collection Set: 0.5ms
[2022-12-30T17:57:22.964+0100][gc,phases   ] GC(0)   Other: 0.7ms
[2022-12-30T17:57:22.964+0100][gc,heap     ] GC(0) Eden regions: 51->0(44)
[2022-12-30T17:57:22.964+0100][gc,heap     ] GC(0) Survivor regions: 0->7(7)
[2022-12-30T17:57:22.964+0100][gc,heap     ] GC(0) Old regions: 0->0
[2022-12-30T17:57:22.964+0100][gc,heap     ] GC(0) Archive regions: 2->2
[2022-12-30T17:57:22.964+0100][gc,heap     ] GC(0) Humongous regions: 0->0
[2022-12-30T17:57:22.964+0100][gc,metaspace] GC(0) Metaspace: 17643K(17856K)->17643K(17856K) NonClass: 15512K(15616K)->15512K(15616K) Class: 2130K(2240K)->2130K(2240K)
[2022-12-30T17:57:22.964+0100][gc          ] GC(0) Pause Young (Normal) (G1 Evacuation Pause) 51M->7M(1024M) 6.252ms
[2022-12-30T17:57:22.964+0100][gc,cpu      ] GC(0) User=0.02s Sys=0.01s Real=0.01s
[2022-12-30T17:57:23.423+0100][gc,start    ] GC(1) Pause Young (Concurrent Start) (Metadata GC Threshold)
[2022-12-30T17:57:23.423+0100][gc,task     ] GC(1) Using 8 workers of 8 for evacuation
[2022-12-30T17:57:23.430+0100][gc,phases   ] GC(1)   Pre Evacuate Collection Set: 0.1ms
[2022-12-30T17:57:23.430+0100][gc,phases   ] GC(1)   Merge Heap Roots: 0.0ms
[2022-12-30T17:57:23.430+0100][gc,phases   ] GC(1)   Evacuate Collection Set: 6.1ms
[2022-12-30T17:57:23.430+0100][gc,phases   ] GC(1)   Post Evacuate Collection Set: 0.4ms
[2022-12-30T17:57:23.430+0100][gc,phases   ] GC(1)   Other: 0.7ms
[2022-12-30T17:57:23.430+0100][gc,heap     ] GC(1) Eden regions: 16->0(49)
[2022-12-30T17:57:23.430+0100][gc,heap     ] GC(1) Survivor regions: 7->2(7)
[2022-12-30T17:57:23.430+0100][gc,heap     ] GC(1) Old regions: 0->7
[2022-12-30T17:57:23.430+0100][gc,heap     ] GC(1) Archive regions: 2->2
[2022-12-30T17:57:23.430+0100][gc,heap     ] GC(1) Humongous regions: 129->129
[2022-12-30T17:57:23.431+0100][gc,metaspace] GC(1) Metaspace: 21240K(21504K)->21240K(21504K) NonClass: 18641K(18752K)->18641K(18752K) Class: 2599K(2752K)->2599K(2752K)
[2022-12-30T17:57:23.431+0100][gc          ] GC(1) Pause Young (Concurrent Start) (Metadata GC Threshold) 152M->138M(1024M) 7.541ms
[2022-12-30T17:57:23.431+0100][gc,cpu      ] GC(1) User=0.02s Sys=0.01s Real=0.01s
[2022-12-30T17:57:23.431+0100][gc          ] GC(2) Concurrent Mark Cycle
[2022-12-30T17:57:23.431+0100][gc,marking  ] GC(2) Concurrent Clear Claimed Marks
[2022-12-30T17:57:23.431+0100][gc,marking  ] GC(2) Concurrent Clear Claimed Marks 0.032ms
[2022-12-30T17:57:23.431+0100][gc,marking  ] GC(2) Concurrent Scan Root Regions
[2022-12-30T17:57:23.433+0100][gc,marking  ] GC(2) Concurrent Scan Root Regions 2.309ms
[2022-12-30T17:57:23.433+0100][gc,marking  ] GC(2) Concurrent Mark
[2022-12-30T17:57:23.433+0100][gc,marking  ] GC(2) Concurrent Mark From Roots
[2022-12-30T17:57:23.433+0100][gc,task     ] GC(2) Using 2 workers of 2 for marking
[2022-12-30T17:57:23.435+0100][gc,marking  ] GC(2) Concurrent Mark From Roots 2.176ms
[2022-12-30T17:57:23.435+0100][gc,marking  ] GC(2) Concurrent Preclean
[2022-12-30T17:57:23.435+0100][gc,marking  ] GC(2) Concurrent Preclean 0.027ms
[2022-12-30T17:57:23.435+0100][gc,start    ] GC(2) Pause Remark
[2022-12-30T17:57:23.437+0100][gc          ] GC(2) Pause Remark 139M->139M(1024M) 1.397ms
[2022-12-30T17:57:23.437+0100][gc,cpu      ] GC(2) User=0.00s Sys=0.00s Real=0.00s
[2022-12-30T17:57:23.437+0100][gc,marking  ] GC(2) Concurrent Mark 3.798ms
[2022-12-30T17:57:23.437+0100][gc,marking  ] GC(2) Concurrent Rebuild Remembered Sets
[2022-12-30T17:57:23.437+0100][gc,marking  ] GC(2) Concurrent Rebuild Remembered Sets 0.009ms
[2022-12-30T17:57:23.437+0100][gc,start    ] GC(2) Pause Cleanup
[2022-12-30T17:57:23.437+0100][gc          ] GC(2) Pause Cleanup 139M->139M(1024M) 0.016ms
[2022-12-30T17:57:23.437+0100][gc,cpu      ] GC(2) User=0.00s Sys=0.00s Real=0.00s
[2022-12-30T17:57:23.437+0100][gc,marking  ] GC(2) Concurrent Cleanup for Next Mark
[2022-12-30T17:57:23.444+0100][gc,marking  ] GC(2) Concurrent Cleanup for Next Mark 6.671ms
[2022-12-30T17:57:23.444+0100][gc          ] GC(2) Concurrent Mark Cycle 13.464ms
[2022-12-30T17:57:24.112+0100][gc,start    ] GC(3) Pause Young (Normal) (G1 Evacuation Pause)
[2022-12-30T17:57:24.112+0100][gc,task     ] GC(3) Using 8 workers of 8 for evacuation
[2022-12-30T17:57:24.116+0100][gc,phases   ] GC(3)   Pre Evacuate Collection Set: 0.2ms
[2022-12-30T17:57:24.116+0100][gc,phases   ] GC(3)   Merge Heap Roots: 0.1ms
[2022-12-30T17:57:24.116+0100][gc,phases   ] GC(3)   Evacuate Collection Set: 2.6ms
[2022-12-30T17:57:24.116+0100][gc,phases   ] GC(3)   Post Evacuate Collection Set: 0.4ms
[2022-12-30T17:57:24.116+0100][gc,phases   ] GC(3)   Other: 0.1ms
[2022-12-30T17:57:24.116+0100][gc,heap     ] GC(3) Eden regions: 49->0(45)
[2022-12-30T17:57:24.116+0100][gc,heap     ] GC(3) Survivor regions: 2->6(7)
[2022-12-30T17:57:24.116+0100][gc,heap     ] GC(3) Old regions: 7->7
[2022-12-30T17:57:24.116+0100][gc,heap     ] GC(3) Archive regions: 2->2
[2022-12-30T17:57:24.116+0100][gc,heap     ] GC(3) Humongous regions: 129->129
[2022-12-30T17:57:24.116+0100][gc,metaspace] GC(3) Metaspace: 32541K(32832K)->32541K(32832K) NonClass: 28829K(28992K)->28829K(28992K) Class: 3712K(3840K)->3712K(3840K)
[2022-12-30T17:57:24.116+0100][gc          ] GC(3) Pause Young (Normal) (G1 Evacuation Pause) 187M->142M(1024M) 3.445ms
[2022-12-30T17:57:24.116+0100][gc,cpu      ] GC(3) User=0.02s Sys=0.00s Real=0.00s
[2022-12-30T17:57:45.582+0100][gc,start    ] GC(4) Pause Young (Concurrent Start) (Metadata GC Threshold)
[2022-12-30T17:57:45.583+0100][gc,task     ] GC(4) Using 8 workers of 8 for evacuation
[2022-12-30T17:57:45.587+0100][gc,phases   ] GC(4)   Pre Evacuate Collection Set: 0.1ms
[2022-12-30T17:57:45.587+0100][gc,phases   ] GC(4)   Merge Heap Roots: 0.0ms
[2022-12-30T17:57:45.587+0100][gc,phases   ] GC(4)   Evacuate Collection Set: 3.4ms
[2022-12-30T17:57:45.587+0100][gc,phases   ] GC(4)   Post Evacuate Collection Set: 0.2ms
[2022-12-30T17:57:45.587+0100][gc,phases   ] GC(4)   Other: 0.5ms
[2022-12-30T17:57:45.587+0100][gc,heap     ] GC(4) Eden regions: 16->0(49)
[2022-12-30T17:57:45.587+0100][gc,heap     ] GC(4) Survivor regions: 6->2(7)
[2022-12-30T17:57:45.587+0100][gc,heap     ] GC(4) Old regions: 7->13
[2022-12-30T17:57:45.587+0100][gc,heap     ] GC(4) Archive regions: 2->2
[2022-12-30T17:57:45.587+0100][gc,heap     ] GC(4) Humongous regions: 129->129
[2022-12-30T17:57:45.587+0100][gc,metaspace] GC(4) Metaspace: 35738K(36096K)->35738K(36096K) NonClass: 31520K(31744K)->31520K(31744K) Class: 4218K(4352K)->4218K(4352K)
[2022-12-30T17:57:45.587+0100][gc          ] GC(4) Pause Young (Concurrent Start) (Metadata GC Threshold) 158M->143M(1024M) 4.313ms
[2022-12-30T17:57:45.587+0100][gc,cpu      ] GC(4) User=0.02s Sys=0.01s Real=0.00s
[2022-12-30T17:57:45.587+0100][gc          ] GC(5) Concurrent Mark Cycle
[2022-12-30T17:57:45.587+0100][gc,marking  ] GC(5) Concurrent Clear Claimed Marks
[2022-12-30T17:57:45.587+0100][gc,marking  ] GC(5) Concurrent Clear Claimed Marks 0.018ms
[2022-12-30T17:57:45.587+0100][gc,marking  ] GC(5) Concurrent Scan Root Regions
[2022-12-30T17:57:45.590+0100][gc,marking  ] GC(5) Concurrent Scan Root Regions 2.793ms
[2022-12-30T17:57:45.590+0100][gc,marking  ] GC(5) Concurrent Mark
[2022-12-30T17:57:45.590+0100][gc,marking  ] GC(5) Concurrent Mark From Roots
[2022-12-30T17:57:45.590+0100][gc,task     ] GC(5) Using 2 workers of 2 for marking
[2022-12-30T17:57:45.595+0100][gc,marking  ] GC(5) Concurrent Mark From Roots 5.331ms
[2022-12-30T17:57:45.595+0100][gc,marking  ] GC(5) Concurrent Preclean
[2022-12-30T17:57:45.595+0100][gc,marking  ] GC(5) Concurrent Preclean 0.123ms
[2022-12-30T17:57:45.595+0100][gc,start    ] GC(5) Pause Remark
[2022-12-30T17:57:45.597+0100][gc          ] GC(5) Pause Remark 144M->144M(1024M) 1.235ms
[2022-12-30T17:57:45.597+0100][gc,cpu      ] GC(5) User=0.00s Sys=0.00s Real=0.00s
[2022-12-30T17:57:45.597+0100][gc,marking  ] GC(5) Concurrent Mark 7.188ms
[2022-12-30T17:57:45.597+0100][gc,marking  ] GC(5) Concurrent Rebuild Remembered Sets
[2022-12-30T17:57:45.601+0100][gc,marking  ] GC(5) Concurrent Rebuild Remembered Sets 4.053ms
[2022-12-30T17:57:45.601+0100][gc,start    ] GC(5) Pause Cleanup
[2022-12-30T17:57:45.601+0100][gc          ] GC(5) Pause Cleanup 144M->144M(1024M) 0.147ms
[2022-12-30T17:57:45.601+0100][gc,cpu      ] GC(5) User=0.00s Sys=0.00s Real=0.00s
[2022-12-30T17:57:45.601+0100][gc,marking  ] GC(5) Concurrent Cleanup for Next Mark
[2022-12-30T17:57:45.607+0100][gc,marking  ] GC(5) Concurrent Cleanup for Next Mark 5.954ms
[2022-12-30T17:57:45.607+0100][gc          ] GC(5) Concurrent Mark Cycle 20.598ms
[2022-12-30T18:06:32.862+0100][gc,start    ] GC(6) Pause Young (Normal) (G1 Evacuation Pause)
[2022-12-30T18:06:32.863+0100][gc,task     ] GC(6) Using 8 workers of 8 for evacuation
[2022-12-30T18:06:32.890+0100][gc,mmu      ] GC(6) MMU target violated: 21.0ms (20.0ms/21.0ms)
[2022-12-30T18:06:32.890+0100][gc,phases   ] GC(6)   Pre Evacuate Collection Set: 1.9ms
[2022-12-30T18:06:32.890+0100][gc,phases   ] GC(6)   Merge Heap Roots: 0.2ms
[2022-12-30T18:06:32.890+0100][gc,phases   ] GC(6)   Evacuate Collection Set: 24.4ms
[2022-12-30T18:06:32.890+0100][gc,phases   ] GC(6)   Post Evacuate Collection Set: 0.8ms
[2022-12-30T18:06:32.890+0100][gc,phases   ] GC(6)   Other: 1.3ms
[2022-12-30T18:06:32.890+0100][gc,heap     ] GC(6) Eden regions: 49->0(47)
[2022-12-30T18:06:32.890+0100][gc,heap     ] GC(6) Survivor regions: 2->4(7)
[2022-12-30T18:06:32.890+0100][gc,heap     ] GC(6) Old regions: 13->13
[2022-12-30T18:06:32.890+0100][gc,heap     ] GC(6) Archive regions: 2->2
[2022-12-30T18:06:32.890+0100][gc,heap     ] GC(6) Humongous regions: 129->129
[2022-12-30T18:06:32.890+0100][gc,metaspace] GC(6) Metaspace: 39060K(39616K)->39060K(39616K) NonClass: 34460K(34752K)->34460K(34752K) Class: 4600K(4864K)->4600K(4864K)
[2022-12-30T18:06:32.891+0100][gc          ] GC(6) Pause Young (Normal) (G1 Evacuation Pause) 192M->145M(1024M) 28.561ms
[2022-12-30T18:06:32.891+0100][gc,cpu      ] GC(6) User=0.03s Sys=0.08s Real=0.03s
[2022-12-30T18:09:40.889+0100][gc,start    ] GC(7) Pause Young (Normal) (G1 Evacuation Pause)
[2022-12-30T18:09:40.890+0100][gc,task     ] GC(7) Using 8 workers of 8 for evacuation
[2022-12-30T18:09:40.911+0100][gc,mmu      ] GC(7) MMU target violated: 20.4ms (20.0ms/21.0ms)
[2022-12-30T18:09:40.911+0100][gc,phases   ] GC(7)   Pre Evacuate Collection Set: 2.9ms
[2022-12-30T18:09:40.911+0100][gc,phases   ] GC(7)   Merge Heap Roots: 0.6ms
[2022-12-30T18:09:40.912+0100][gc,phases   ] GC(7)   Evacuate Collection Set: 16.7ms
[2022-12-30T18:09:40.912+0100][gc,phases   ] GC(7)   Post Evacuate Collection Set: 0.6ms
[2022-12-30T18:09:40.912+0100][gc,phases   ] GC(7)   Other: 1.7ms
[2022-12-30T18:09:40.912+0100][gc,heap     ] GC(7) Eden regions: 47->0(47)
[2022-12-30T18:09:40.912+0100][gc,heap     ] GC(7) Survivor regions: 4->4(7)
[2022-12-30T18:09:40.912+0100][gc,heap     ] GC(7) Old regions: 13->13
[2022-12-30T18:09:40.912+0100][gc,heap     ] GC(7) Archive regions: 2->2
[2022-12-30T18:09:40.912+0100][gc,heap     ] GC(7) Humongous regions: 129->129
[2022-12-30T18:09:40.912+0100][gc,metaspace] GC(7) Metaspace: 39210K(39744K)->39210K(39744K) NonClass: 34607K(34880K)->34607K(34880K) Class: 4603K(4864K)->4603K(4864K)
[2022-12-30T18:09:40.912+0100][gc          ] GC(7) Pause Young (Normal) (G1 Evacuation Pause) 192M->145M(1024M) 22.271ms
[2022-12-30T18:09:40.912+0100][gc,cpu      ] GC(7) User=0.03s Sys=0.07s Real=0.03s
[2022-12-30T18:12:28.896+0100][gc,start    ] GC(8) Pause Young (Normal) (G1 Evacuation Pause)
[2022-12-30T18:12:28.897+0100][gc,task     ] GC(8) Using 8 workers of 8 for evacuation
[2022-12-30T18:12:28.904+0100][gc,phases   ] GC(8)   Pre Evacuate Collection Set: 0.4ms
[2022-12-30T18:12:28.904+0100][gc,phases   ] GC(8)   Merge Heap Roots: 0.1ms
[2022-12-30T18:12:28.904+0100][gc,phases   ] GC(8)   Evacuate Collection Set: 5.3ms
[2022-12-30T18:12:28.904+0100][gc,phases   ] GC(8)   Post Evacuate Collection Set: 0.6ms
[2022-12-30T18:12:28.904+0100][gc,phases   ] GC(8)   Other: 1.1ms
[2022-12-30T18:12:28.904+0100][gc,heap     ] GC(8) Eden regions: 47->0(47)
[2022-12-30T18:12:28.904+0100][gc,heap     ] GC(8) Survivor regions: 4->4(7)
[2022-12-30T18:12:28.904+0100][gc,heap     ] GC(8) Old regions: 13->13
[2022-12-30T18:12:28.904+0100][gc,heap     ] GC(8) Archive regions: 2->2
[2022-12-30T18:12:28.904+0100][gc,heap     ] GC(8) Humongous regions: 129->129
[2022-12-30T18:12:28.904+0100][gc,metaspace] GC(8) Metaspace: 39251K(39808K)->39251K(39808K) NonClass: 34647K(34944K)->34647K(34944K) Class: 4604K(4864K)->4604K(4864K)
[2022-12-30T18:12:28.904+0100][gc          ] GC(8) Pause Young (Normal) (G1 Evacuation Pause) 192M->146M(1024M) 7.772ms
[2022-12-30T18:12:28.904+0100][gc,cpu      ] GC(8) User=0.03s Sys=0.00s Real=0.01s
[2022-12-30T18:15:06.959+0100][gc,start    ] GC(9) Pause Young (Normal) (G1 Evacuation Pause)
[2022-12-30T18:15:06.960+0100][gc,task     ] GC(9) Using 8 workers of 8 for evacuation
[2022-12-30T18:15:06.964+0100][gc,phases   ] GC(9)   Pre Evacuate Collection Set: 0.2ms
[2022-12-30T18:15:06.965+0100][gc,phases   ] GC(9)   Merge Heap Roots: 0.1ms
[2022-12-30T18:15:06.965+0100][gc,phases   ] GC(9)   Evacuate Collection Set: 4.2ms
[2022-12-30T18:15:06.965+0100][gc,phases   ] GC(9)   Post Evacuate Collection Set: 0.5ms
[2022-12-30T18:15:06.965+0100][gc,phases   ] GC(9)   Other: 0.5ms
[2022-12-30T18:15:06.965+0100][gc,heap     ] GC(9) Eden regions: 47->0(46)
[2022-12-30T18:15:06.965+0100][gc,heap     ] GC(9) Survivor regions: 4->5(7)
[2022-12-30T18:15:06.965+0100][gc,heap     ] GC(9) Old regions: 13->13
[2022-12-30T18:15:06.965+0100][gc,heap     ] GC(9) Archive regions: 2->2
[2022-12-30T18:15:06.965+0100][gc,heap     ] GC(9) Humongous regions: 129->129
[2022-12-30T18:15:06.965+0100][gc,metaspace] GC(9) Metaspace: 40426K(41024K)->40426K(41024K) NonClass: 35658K(35968K)->35658K(35968K) Class: 4767K(5056K)->4767K(5056K)
[2022-12-30T18:15:06.965+0100][gc          ] GC(9) Pause Young (Normal) (G1 Evacuation Pause) 193M->147M(1024M) 5.487ms
[2022-12-30T18:15:06.965+0100][gc,cpu      ] GC(9) User=0.02s Sys=0.01s Real=0.01s
[2022-12-30T18:22:38.508+0100][gc,start    ] GC(10) Pause Young (Normal) (G1 Evacuation Pause)
[2022-12-30T18:22:38.508+0100][gc,task     ] GC(10) Using 8 workers of 8 for evacuation
[2022-12-30T18:22:38.525+0100][gc,phases   ] GC(10)   Pre Evacuate Collection Set: 1.0ms
[2022-12-30T18:22:38.525+0100][gc,phases   ] GC(10)   Merge Heap Roots: 0.2ms
[2022-12-30T18:22:38.525+0100][gc,phases   ] GC(10)   Evacuate Collection Set: 14.2ms
[2022-12-30T18:22:38.525+0100][gc,phases   ] GC(10)   Post Evacuate Collection Set: 0.9ms
[2022-12-30T18:22:38.525+0100][gc,phases   ] GC(10)   Other: 0.8ms
[2022-12-30T18:22:38.525+0100][gc,heap     ] GC(10) Eden regions: 46->0(46)
[2022-12-30T18:22:38.525+0100][gc,heap     ] GC(10) Survivor regions: 5->5(7)
[2022-12-30T18:22:38.525+0100][gc,heap     ] GC(10) Old regions: 13->14
[2022-12-30T18:22:38.525+0100][gc,heap     ] GC(10) Archive regions: 2->2
[2022-12-30T18:22:38.525+0100][gc,heap     ] GC(10) Humongous regions: 129->129
[2022-12-30T18:22:38.525+0100][gc,metaspace] GC(10) Metaspace: 41070K(41664K)->41070K(41664K) NonClass: 36223K(36544K)->36223K(36544K) Class: 4846K(5120K)->4846K(5120K)
[2022-12-30T18:22:38.525+0100][gc          ] GC(10) Pause Young (Normal) (G1 Evacuation Pause) 193M->148M(1024M) 17.161ms
[2022-12-30T18:22:38.525+0100][gc,cpu      ] GC(10) User=0.03s Sys=0.06s Real=0.02s
[2022-12-30T18:31:26.792+0100][gc,start    ] GC(11) Pause Young (Normal) (G1 Evacuation Pause)
[2022-12-30T18:31:26.793+0100][gc,task     ] GC(11) Using 8 workers of 8 for evacuation
[2022-12-30T18:31:26.803+0100][gc,phases   ] GC(11)   Pre Evacuate Collection Set: 0.3ms
[2022-12-30T18:31:26.803+0100][gc,phases   ] GC(11)   Merge Heap Roots: 0.4ms
[2022-12-30T18:31:26.803+0100][gc,phases   ] GC(11)   Evacuate Collection Set: 9.0ms
[2022-12-30T18:31:26.803+0100][gc,phases   ] GC(11)   Post Evacuate Collection Set: 0.5ms
[2022-12-30T18:31:26.803+0100][gc,phases   ] GC(11)   Other: 1.0ms
[2022-12-30T18:31:26.803+0100][gc,heap     ] GC(11) Eden regions: 46->0(54)
[2022-12-30T18:31:26.803+0100][gc,heap     ] GC(11) Survivor regions: 5->4(7)
[2022-12-30T18:31:26.803+0100][gc,heap     ] GC(11) Old regions: 14->15
[2022-12-30T18:31:26.803+0100][gc,heap     ] GC(11) Archive regions: 2->2
[2022-12-30T18:31:26.804+0100][gc,heap     ] GC(11) Humongous regions: 129->129
[2022-12-30T18:31:26.804+0100][gc,metaspace] GC(11) Metaspace: 41162K(41792K)->41162K(41792K) NonClass: 36312K(36672K)->36312K(36672K) Class: 4850K(5120K)->4850K(5120K)
[2022-12-30T18:31:26.804+0100][gc          ] GC(11) Pause Young (Normal) (G1 Evacuation Pause) 194M->148M(1024M) 11.224ms
[2022-12-30T18:31:26.804+0100][gc,cpu      ] GC(11) User=0.04s Sys=0.03s Real=0.01s
[2022-12-30T18:43:15.690+0100][gc,start    ] GC(12) Pause Young (Normal) (G1 Evacuation Pause)
[2022-12-30T18:43:15.691+0100][gc,task     ] GC(12) Using 8 workers of 8 for evacuation
[2022-12-30T18:43:15.705+0100][gc,phases   ] GC(12)   Pre Evacuate Collection Set: 1.9ms
[2022-12-30T18:43:15.705+0100][gc,phases   ] GC(12)   Merge Heap Roots: 0.3ms
[2022-12-30T18:43:15.705+0100][gc,phases   ] GC(12)   Evacuate Collection Set: 10.5ms
[2022-12-30T18:43:15.705+0100][gc,phases   ] GC(12)   Post Evacuate Collection Set: 0.6ms
[2022-12-30T18:43:15.705+0100][gc,phases   ] GC(12)   Other: 1.2ms
[2022-12-30T18:43:15.705+0100][gc,heap     ] GC(12) Eden regions: 54->0(300)
[2022-12-30T18:43:15.705+0100][gc,heap     ] GC(12) Survivor regions: 4->4(8)
[2022-12-30T18:43:15.705+0100][gc,heap     ] GC(12) Old regions: 15->15
[2022-12-30T18:43:15.705+0100][gc,heap     ] GC(12) Archive regions: 2->2
[2022-12-30T18:43:15.705+0100][gc,heap     ] GC(12) Humongous regions: 129->129
[2022-12-30T18:43:15.705+0100][gc,metaspace] GC(12) Metaspace: 41231K(41792K)->41231K(41792K) NonClass: 36381K(36672K)->36381K(36672K) Class: 4850K(5120K)->4850K(5120K)
[2022-12-30T18:43:15.705+0100][gc          ] GC(12) Pause Young (Normal) (G1 Evacuation Pause) 202M->148M(1024M) 14.584ms
[2022-12-30T18:43:15.705+0100][gc,cpu      ] GC(12) User=0.03s Sys=0.05s Real=0.01s
[2022-12-30T19:51:40.759+0100][gc,start    ] GC(13) Pause Young (Normal) (G1 Evacuation Pause)
[2022-12-30T19:51:40.760+0100][gc,task     ] GC(13) Using 8 workers of 8 for evacuation
[2022-12-30T19:51:40.778+0100][gc,phases   ] GC(13)   Pre Evacuate Collection Set: 2.3ms
[2022-12-30T19:51:40.779+0100][gc,phases   ] GC(13)   Merge Heap Roots: 0.4ms
[2022-12-30T19:51:40.779+0100][gc,phases   ] GC(13)   Evacuate Collection Set: 13.7ms
[2022-12-30T19:51:40.779+0100][gc,phases   ] GC(13)   Post Evacuate Collection Set: 1.1ms
[2022-12-30T19:51:40.779+0100][gc,phases   ] GC(13)   Other: 2.2ms
[2022-12-30T19:51:40.779+0100][gc,heap     ] GC(13) Eden regions: 300->0(222)
[2022-12-30T19:51:40.779+0100][gc,heap     ] GC(13) Survivor regions: 4->5(38)
[2022-12-30T19:51:40.779+0100][gc,heap     ] GC(13) Old regions: 15->15
[2022-12-30T19:51:40.779+0100][gc,heap     ] GC(13) Archive regions: 2->2
[2022-12-30T19:51:40.779+0100][gc,heap     ] GC(13) Humongous regions: 129->129
[2022-12-30T19:51:40.779+0100][gc,metaspace] GC(13) Metaspace: 41372K(41984K)->41372K(41984K) NonClass: 36518K(36864K)->36518K(36864K) Class: 4854K(5120K)->4854K(5120K)
[2022-12-30T19:51:40.779+0100][gc          ] GC(13) Pause Young (Normal) (G1 Evacuation Pause) 448M->148M(1024M) 19.522ms
[2022-12-30T19:51:40.779+0100][gc,cpu      ] GC(13) User=0.03s Sys=0.06s Real=0.02s
[2022-12-30T20:41:26.589+0100][gc,start    ] GC(14) Pause Young (Normal) (G1 Evacuation Pause)
[2022-12-30T20:41:26.591+0100][gc,task     ] GC(14) Using 8 workers of 8 for evacuation
[2022-12-30T20:41:26.619+0100][gc,mmu      ] GC(14) MMU target violated: 21.0ms (20.0ms/21.0ms)
[2022-12-30T20:41:26.620+0100][gc,phases   ] GC(14)   Pre Evacuate Collection Set: 1.3ms
[2022-12-30T20:41:26.620+0100][gc,phases   ] GC(14)   Merge Heap Roots: 1.1ms
[2022-12-30T20:41:26.620+0100][gc,phases   ] GC(14)   Evacuate Collection Set: 19.9ms
[2022-12-30T20:41:26.620+0100][gc,phases   ] GC(14)   Post Evacuate Collection Set: 3.2ms
[2022-12-30T20:41:26.620+0100][gc,phases   ] GC(14)   Other: 7.6ms
[2022-12-30T20:41:26.620+0100][gc,heap     ] GC(14) Eden regions: 222->0(44)
[2022-12-30T20:41:26.620+0100][gc,heap     ] GC(14) Survivor regions: 5->7(29)
[2022-12-30T20:41:26.620+0100][gc,heap     ] GC(14) Old regions: 15->15
[2022-12-30T20:41:26.620+0100][gc,heap     ] GC(14) Archive regions: 2->2
[2022-12-30T20:41:26.620+0100][gc,heap     ] GC(14) Humongous regions: 129->129
[2022-12-30T20:41:26.621+0100][gc,metaspace] GC(14) Metaspace: 41460K(42048K)->41460K(42048K) NonClass: 36604K(36928K)->36604K(36928K) Class: 4856K(5120K)->4856K(5120K)
[2022-12-30T20:41:26.621+0100][gc          ] GC(14) Pause Young (Normal) (G1 Evacuation Pause) 370M->150M(1024M) 32.070ms
[2022-12-30T20:41:26.621+0100][gc,cpu      ] GC(14) User=0.03s Sys=0.09s Real=0.04s
[2022-12-30T20:51:09.904+0100][gc,start    ] GC(15) Pause Young (Normal) (G1 Evacuation Pause)
[2022-12-30T20:51:09.905+0100][gc,task     ] GC(15) Using 8 workers of 8 for evacuation
[2022-12-30T20:51:09.929+0100][gc,mmu      ] GC(15) MMU target violated: 21.0ms (20.0ms/21.0ms)
[2022-12-30T20:51:09.929+0100][gc,phases   ] GC(15)   Pre Evacuate Collection Set: 1.7ms
[2022-12-30T20:51:09.929+0100][gc,phases   ] GC(15)   Merge Heap Roots: 0.4ms
[2022-12-30T20:51:09.929+0100][gc,phases   ] GC(15)   Evacuate Collection Set: 20.2ms
[2022-12-30T20:51:09.929+0100][gc,phases   ] GC(15)   Post Evacuate Collection Set: 1.3ms
[2022-12-30T20:51:09.929+0100][gc,phases   ] GC(15)   Other: 1.9ms
[2022-12-30T20:51:09.929+0100][gc,heap     ] GC(15) Eden regions: 44->0(231)
[2022-12-30T20:51:09.929+0100][gc,heap     ] GC(15) Survivor regions: 7->4(7)
[2022-12-30T20:51:09.929+0100][gc,heap     ] GC(15) Old regions: 15->17
[2022-12-30T20:51:09.929+0100][gc,heap     ] GC(15) Archive regions: 2->2
[2022-12-30T20:51:09.929+0100][gc,heap     ] GC(15) Humongous regions: 129->129
[2022-12-30T20:51:09.929+0100][gc,metaspace] GC(15) Metaspace: 41463K(42048K)->41463K(42048K) NonClass: 36606K(36928K)->36606K(36928K) Class: 4856K(5120K)->4856K(5120K)
[2022-12-30T20:51:09.929+0100][gc          ] GC(15) Pause Young (Normal) (G1 Evacuation Pause) 194M->150M(1024M) 24.635ms
[2022-12-30T20:51:09.929+0100][gc,cpu      ] GC(15) User=0.04s Sys=0.09s Real=0.02s
[2022-12-30T20:55:43.738+0100][gc,heap,exit] Heap
[2022-12-30T20:55:43.739+0100][gc,heap,exit]  garbage-first heap   total 1048576K, used 185832K [0x00000007c0000000, 0x0000000800000000)
[2022-12-30T20:55:43.739+0100][gc,heap,exit]   region size 1024K, 35 young (35840K), 4 survivors (4096K)
[2022-12-30T20:55:43.739+0100][gc,heap,exit]  Metaspace       used 42105K, committed 42688K, reserved 1089536K
[2022-12-30T20:55:43.739+0100][gc,heap,exit]   class space    used 5014K, committed 5248K, reserved 1048576K
