[2022-11-19T00:47:53.247+0100][gc] Using G1
[2022-11-19T00:47:53.252+0100][gc,init] Version: 17+35 (release)
[2022-11-19T00:47:53.252+0100][gc,init] CPUs: 8 total, 8 available
[2022-11-19T00:47:53.252+0100][gc,init] Memory: 8192M
[2022-11-19T00:47:53.252+0100][gc,init] Large Page Support: Disabled
[2022-11-19T00:47:53.252+0100][gc,init] NUMA Support: Disabled
[2022-11-19T00:47:53.252+0100][gc,init] Compressed Oops: Enabled (Zero based)
[2022-11-19T00:47:53.252+0100][gc,init] Heap Region Size: 1M
[2022-11-19T00:47:53.252+0100][gc,init] Heap Min Capacity: 1G
[2022-11-19T00:47:53.252+0100][gc,init] Heap Initial Capacity: 1G
[2022-11-19T00:47:53.252+0100][gc,init] Heap Max Capacity: 1G
[2022-11-19T00:47:53.252+0100][gc,init] Pre-touch: Disabled
[2022-11-19T00:47:53.252+0100][gc,init] Parallel Workers: 8
[2022-11-19T00:47:53.252+0100][gc,init] Concurrent Workers: 2
[2022-11-19T00:47:53.252+0100][gc,init] Concurrent Refinement Workers: 8
[2022-11-19T00:47:53.252+0100][gc,init] Periodic GC: Disabled
[2022-11-19T00:47:53.253+0100][gc,metaspace] CDS archive(s) mapped at: [0x0000000800000000-0x0000000800bcd000-0x0000000800bcd000), size 12374016, SharedBaseAddress: 0x0000000800000000, ArchiveRelocationMode: 0.
[2022-11-19T00:47:53.253+0100][gc,metaspace] Compressed class space mapped at: 0x0000000800c00000-0x0000000840c00000, reserved size: 1073741824
[2022-11-19T00:47:53.253+0100][gc,metaspace] Narrow klass base: 0x0000000800000000, Narrow klass shift: 0, Narrow klass range: 0x100000000
[2022-11-19T00:47:54.521+0100][gc,start    ] GC(0) Pause Young (Normal) (G1 Evacuation Pause)
[2022-11-19T00:47:54.522+0100][gc,task     ] GC(0) Using 8 workers of 8 for evacuation
[2022-11-19T00:47:54.527+0100][gc,phases   ] GC(0)   Pre Evacuate Collection Set: 0.2ms
[2022-11-19T00:47:54.527+0100][gc,phases   ] GC(0)   Merge Heap Roots: 0.1ms
[2022-11-19T00:47:54.527+0100][gc,phases   ] GC(0)   Evacuate Collection Set: 4.0ms
[2022-11-19T00:47:54.527+0100][gc,phases   ] GC(0)   Post Evacuate Collection Set: 0.6ms
[2022-11-19T00:47:54.527+0100][gc,phases   ] GC(0)   Other: 0.9ms
[2022-11-19T00:47:54.527+0100][gc,heap     ] GC(0) Eden regions: 51->0(44)
[2022-11-19T00:47:54.527+0100][gc,heap     ] GC(0) Survivor regions: 0->7(7)
[2022-11-19T00:47:54.527+0100][gc,heap     ] GC(0) Old regions: 0->0
[2022-11-19T00:47:54.527+0100][gc,heap     ] GC(0) Archive regions: 2->2
[2022-11-19T00:47:54.527+0100][gc,heap     ] GC(0) Humongous regions: 0->0
[2022-11-19T00:47:54.527+0100][gc,metaspace] GC(0) Metaspace: 17665K(17856K)->17665K(17856K) NonClass: 15530K(15616K)->15530K(15616K) Class: 2134K(2240K)->2134K(2240K)
[2022-11-19T00:47:54.527+0100][gc          ] GC(0) Pause Young (Normal) (G1 Evacuation Pause) 51M->7M(1024M) 5.916ms
[2022-11-19T00:47:54.527+0100][gc,cpu      ] GC(0) User=0.03s Sys=0.01s Real=0.00s
[2022-11-19T00:47:54.716+0100][gc,start    ] GC(1) Pause Young (Concurrent Start) (Metadata GC Threshold)
[2022-11-19T00:47:54.716+0100][gc,task     ] GC(1) Using 8 workers of 8 for evacuation
[2022-11-19T00:47:54.722+0100][gc,phases   ] GC(1)   Pre Evacuate Collection Set: 0.1ms
[2022-11-19T00:47:54.722+0100][gc,phases   ] GC(1)   Merge Heap Roots: 0.1ms
[2022-11-19T00:47:54.722+0100][gc,phases   ] GC(1)   Evacuate Collection Set: 4.6ms
[2022-11-19T00:47:54.722+0100][gc,phases   ] GC(1)   Post Evacuate Collection Set: 0.4ms
[2022-11-19T00:47:54.722+0100][gc,phases   ] GC(1)   Other: 0.2ms
[2022-11-19T00:47:54.722+0100][gc,heap     ] GC(1) Eden regions: 14->0(49)
[2022-11-19T00:47:54.722+0100][gc,heap     ] GC(1) Survivor regions: 7->2(7)
[2022-11-19T00:47:54.722+0100][gc,heap     ] GC(1) Old regions: 0->8
[2022-11-19T00:47:54.722+0100][gc,heap     ] GC(1) Archive regions: 2->2
[2022-11-19T00:47:54.722+0100][gc,heap     ] GC(1) Humongous regions: 0->0
[2022-11-19T00:47:54.722+0100][gc,metaspace] GC(1) Metaspace: 21241K(21504K)->21241K(21504K) NonClass: 18643K(18752K)->18643K(18752K) Class: 2598K(2752K)->2598K(2752K)
[2022-11-19T00:47:54.722+0100][gc          ] GC(1) Pause Young (Concurrent Start) (Metadata GC Threshold) 21M->9M(1024M) 5.539ms
[2022-11-19T00:47:54.722+0100][gc,cpu      ] GC(1) User=0.02s Sys=0.01s Real=0.01s
[2022-11-19T00:47:54.722+0100][gc          ] GC(2) Concurrent Mark Cycle
[2022-11-19T00:47:54.722+0100][gc,marking  ] GC(2) Concurrent Clear Claimed Marks
[2022-11-19T00:47:54.722+0100][gc,marking  ] GC(2) Concurrent Clear Claimed Marks 0.012ms
[2022-11-19T00:47:54.722+0100][gc,marking  ] GC(2) Concurrent Scan Root Regions
[2022-11-19T00:47:54.724+0100][gc,marking  ] GC(2) Concurrent Scan Root Regions 2.133ms
[2022-11-19T00:47:54.724+0100][gc,marking  ] GC(2) Concurrent Mark
[2022-11-19T00:47:54.724+0100][gc,marking  ] GC(2) Concurrent Mark From Roots
[2022-11-19T00:47:54.724+0100][gc,task     ] GC(2) Using 2 workers of 2 for marking
[2022-11-19T00:47:54.725+0100][gc,marking  ] GC(2) Concurrent Mark From Roots 1.004ms
[2022-11-19T00:47:54.725+0100][gc,marking  ] GC(2) Concurrent Preclean
[2022-11-19T00:47:54.725+0100][gc,marking  ] GC(2) Concurrent Preclean 0.026ms
[2022-11-19T00:47:54.725+0100][gc,start    ] GC(2) Pause Remark
[2022-11-19T00:47:54.727+0100][gc          ] GC(2) Pause Remark 9M->9M(1024M) 1.340ms
[2022-11-19T00:47:54.727+0100][gc,cpu      ] GC(2) User=0.01s Sys=0.00s Real=0.00s
[2022-11-19T00:47:54.727+0100][gc,marking  ] GC(2) Concurrent Mark 2.695ms
[2022-11-19T00:47:54.727+0100][gc,marking  ] GC(2) Concurrent Rebuild Remembered Sets
[2022-11-19T00:47:54.729+0100][gc,marking  ] GC(2) Concurrent Rebuild Remembered Sets 2.302ms
[2022-11-19T00:47:54.729+0100][gc,start    ] GC(2) Pause Cleanup
[2022-11-19T00:47:54.729+0100][gc          ] GC(2) Pause Cleanup 9M->9M(1024M) 0.121ms
[2022-11-19T00:47:54.729+0100][gc,cpu      ] GC(2) User=0.00s Sys=0.00s Real=0.00s
[2022-11-19T00:47:54.730+0100][gc,marking  ] GC(2) Concurrent Cleanup for Next Mark
[2022-11-19T00:47:54.734+0100][gc,marking  ] GC(2) Concurrent Cleanup for Next Mark 4.777ms
[2022-11-19T00:47:54.734+0100][gc          ] GC(2) Concurrent Mark Cycle 12.441ms
[2022-11-19T00:47:55.513+0100][gc,start    ] GC(3) Pause Young (Normal) (G1 Evacuation Pause)
[2022-11-19T00:47:55.513+0100][gc,task     ] GC(3) Using 8 workers of 8 for evacuation
[2022-11-19T00:47:55.517+0100][gc,phases   ] GC(3)   Pre Evacuate Collection Set: 0.1ms
[2022-11-19T00:47:55.517+0100][gc,phases   ] GC(3)   Merge Heap Roots: 0.1ms
[2022-11-19T00:47:55.517+0100][gc,phases   ] GC(3)   Evacuate Collection Set: 3.0ms
[2022-11-19T00:47:55.517+0100][gc,phases   ] GC(3)   Post Evacuate Collection Set: 0.5ms
[2022-11-19T00:47:55.517+0100][gc,phases   ] GC(3)   Other: 0.1ms
[2022-11-19T00:47:55.517+0100][gc,heap     ] GC(3) Eden regions: 49->0(46)
[2022-11-19T00:47:55.517+0100][gc,heap     ] GC(3) Survivor regions: 2->5(7)
[2022-11-19T00:47:55.517+0100][gc,heap     ] GC(3) Old regions: 8->8
[2022-11-19T00:47:55.517+0100][gc,heap     ] GC(3) Archive regions: 2->2
[2022-11-19T00:47:55.517+0100][gc,heap     ] GC(3) Humongous regions: 129->0
[2022-11-19T00:47:55.517+0100][gc,metaspace] GC(3) Metaspace: 30743K(30976K)->30743K(30976K) NonClass: 27137K(27264K)->27137K(27264K) Class: 3605K(3712K)->3605K(3712K)
[2022-11-19T00:47:55.517+0100][gc          ] GC(3) Pause Young (Normal) (G1 Evacuation Pause) 187M->12M(1024M) 3.810ms
[2022-11-19T00:47:55.517+0100][gc,cpu      ] GC(3) User=0.02s Sys=0.00s Real=0.00s
[2022-11-19T00:47:56.994+0100][gc,heap,exit] Heap
[2022-11-19T00:47:56.994+0100][gc,heap,exit]  garbage-first heap   total 1048576K, used 19513K [0x00000007c0000000, 0x0000000800000000)
[2022-11-19T00:47:56.994+0100][gc,heap,exit]   region size 1024K, 12 young (12288K), 5 survivors (5120K)
[2022-11-19T00:47:56.994+0100][gc,heap,exit]  Metaspace       used 31171K, committed 31424K, reserved 1081344K
[2022-11-19T00:47:56.994+0100][gc,heap,exit]   class space    used 3681K, committed 3776K, reserved 1048576K
