[2022-12-30T17:57:08.653+0100][gc] Using G1
[2022-12-30T17:57:08.656+0100][gc,init] Version: 17+35 (release)
[2022-12-30T17:57:08.656+0100][gc,init] CPUs: 8 total, 8 available
[2022-12-30T17:57:08.656+0100][gc,init] Memory: 8192M
[2022-12-30T17:57:08.656+0100][gc,init] Large Page Support: Disabled
[2022-12-30T17:57:08.656+0100][gc,init] NUMA Support: Disabled
[2022-12-30T17:57:08.656+0100][gc,init] Compressed Oops: Enabled (Zero based)
[2022-12-30T17:57:08.656+0100][gc,init] Heap Region Size: 1M
[2022-12-30T17:57:08.656+0100][gc,init] Heap Min Capacity: 512M
[2022-12-30T17:57:08.656+0100][gc,init] Heap Initial Capacity: 512M
[2022-12-30T17:57:08.656+0100][gc,init] Heap Max Capacity: 512M
[2022-12-30T17:57:08.656+0100][gc,init] Pre-touch: Disabled
[2022-12-30T17:57:08.656+0100][gc,init] Parallel Workers: 8
[2022-12-30T17:57:08.656+0100][gc,init] Concurrent Workers: 2
[2022-12-30T17:57:08.656+0100][gc,init] Concurrent Refinement Workers: 8
[2022-12-30T17:57:08.656+0100][gc,init] Periodic GC: Disabled
[2022-12-30T17:57:08.657+0100][gc,metaspace] CDS archive(s) mapped at: [0x0000000800000000-0x0000000800bcd000-0x0000000800bcd000), size 12374016, SharedBaseAddress: 0x0000000800000000, ArchiveRelocationMode: 0.
[2022-12-30T17:57:08.657+0100][gc,metaspace] Compressed class space mapped at: 0x0000000800c00000-0x0000000840c00000, reserved size: 1073741824
[2022-12-30T17:57:08.657+0100][gc,metaspace] Narrow klass base: 0x0000000800000000, Narrow klass shift: 0, Narrow klass range: 0x100000000
[2022-12-30T17:57:22.390+0100][gc,start    ] GC(0) Pause Young (Normal) (G1 Evacuation Pause)
[2022-12-30T17:57:22.390+0100][gc,task     ] GC(0) Using 8 workers of 8 for evacuation
[2022-12-30T17:57:22.397+0100][gc,phases   ] GC(0)   Pre Evacuate Collection Set: 0.1ms
[2022-12-30T17:57:22.397+0100][gc,phases   ] GC(0)   Merge Heap Roots: 0.4ms
[2022-12-30T17:57:22.397+0100][gc,phases   ] GC(0)   Evacuate Collection Set: 4.8ms
[2022-12-30T17:57:22.397+0100][gc,phases   ] GC(0)   Post Evacuate Collection Set: 0.9ms
[2022-12-30T17:57:22.397+0100][gc,phases   ] GC(0)   Other: 1.2ms
[2022-12-30T17:57:22.397+0100][gc,heap     ] GC(0) Eden regions: 25->0(21)
[2022-12-30T17:57:22.397+0100][gc,heap     ] GC(0) Survivor regions: 0->4(4)
[2022-12-30T17:57:22.397+0100][gc,heap     ] GC(0) Old regions: 0->4
[2022-12-30T17:57:22.397+0100][gc,heap     ] GC(0) Archive regions: 2->2
[2022-12-30T17:57:22.397+0100][gc,heap     ] GC(0) Humongous regions: 0->0
[2022-12-30T17:57:22.397+0100][gc,metaspace] GC(0) Metaspace: 7772K(7936K)->7772K(7936K) NonClass: 6890K(6976K)->6890K(6976K) Class: 881K(960K)->881K(960K)
[2022-12-30T17:57:22.397+0100][gc          ] GC(0) Pause Young (Normal) (G1 Evacuation Pause) 25M->8M(512M) 7.554ms
[2022-12-30T17:57:22.397+0100][gc,cpu      ] GC(0) User=0.01s Sys=0.00s Real=0.00s
[2022-12-30T20:55:41.237+0100][gc,heap,exit] Heap
[2022-12-30T20:55:41.253+0100][gc,heap,exit]  garbage-first heap   total 524288K, used 25475K [0x00000007e0000000, 0x0000000800000000)
[2022-12-30T20:55:41.254+0100][gc,heap,exit]   region size 1024K, 21 young (21504K), 4 survivors (4096K)
[2022-12-30T20:55:41.254+0100][gc,heap,exit]  Metaspace       used 8525K, committed 8704K, reserved 1064960K
[2022-12-30T20:55:41.254+0100][gc,heap,exit]   class space    used 905K, committed 1024K, reserved 1048576K
