[2022-11-19T00:47:39.320+0100][gc] Using G1
[2022-11-19T00:47:39.323+0100][gc,init] Version: 17+35 (release)
[2022-11-19T00:47:39.323+0100][gc,init] CPUs: 8 total, 8 available
[2022-11-19T00:47:39.323+0100][gc,init] Memory: 8192M
[2022-11-19T00:47:39.323+0100][gc,init] Large Page Support: Disabled
[2022-11-19T00:47:39.323+0100][gc,init] NUMA Support: Disabled
[2022-11-19T00:47:39.323+0100][gc,init] Compressed Oops: Enabled (Zero based)
[2022-11-19T00:47:39.323+0100][gc,init] Heap Region Size: 1M
[2022-11-19T00:47:39.323+0100][gc,init] Heap Min Capacity: 512M
[2022-11-19T00:47:39.323+0100][gc,init] Heap Initial Capacity: 512M
[2022-11-19T00:47:39.323+0100][gc,init] Heap Max Capacity: 512M
[2022-11-19T00:47:39.323+0100][gc,init] Pre-touch: Disabled
[2022-11-19T00:47:39.323+0100][gc,init] Parallel Workers: 8
[2022-11-19T00:47:39.323+0100][gc,init] Concurrent Workers: 2
[2022-11-19T00:47:39.323+0100][gc,init] Concurrent Refinement Workers: 8
[2022-11-19T00:47:39.323+0100][gc,init] Periodic GC: Disabled
[2022-11-19T00:47:39.323+0100][gc,metaspace] CDS archive(s) mapped at: [0x0000000800000000-0x0000000800bcd000-0x0000000800bcd000), size 12374016, SharedBaseAddress: 0x0000000800000000, ArchiveRelocationMode: 0.
[2022-11-19T00:47:39.323+0100][gc,metaspace] Compressed class space mapped at: 0x0000000800c00000-0x0000000840c00000, reserved size: 1073741824
[2022-11-19T00:47:39.323+0100][gc,metaspace] Narrow klass base: 0x0000000800000000, Narrow klass shift: 0, Narrow klass range: 0x100000000
[2022-11-19T00:47:40.525+0100][gc,start    ] GC(0) Pause Young (Normal) (G1 Evacuation Pause)
[2022-11-19T00:47:40.525+0100][gc,task     ] GC(0) Using 8 workers of 8 for evacuation
[2022-11-19T00:47:40.530+0100][gc,phases   ] GC(0)   Pre Evacuate Collection Set: 0.1ms
[2022-11-19T00:47:40.530+0100][gc,phases   ] GC(0)   Merge Heap Roots: 0.0ms
[2022-11-19T00:47:40.530+0100][gc,phases   ] GC(0)   Evacuate Collection Set: 3.7ms
[2022-11-19T00:47:40.530+0100][gc,phases   ] GC(0)   Post Evacuate Collection Set: 0.5ms
[2022-11-19T00:47:40.530+0100][gc,phases   ] GC(0)   Other: 0.7ms
[2022-11-19T00:47:40.530+0100][gc,heap     ] GC(0) Eden regions: 25->0(21)
[2022-11-19T00:47:40.530+0100][gc,heap     ] GC(0) Survivor regions: 0->4(4)
[2022-11-19T00:47:40.530+0100][gc,heap     ] GC(0) Old regions: 0->4
[2022-11-19T00:47:40.530+0100][gc,heap     ] GC(0) Archive regions: 2->2
[2022-11-19T00:47:40.530+0100][gc,heap     ] GC(0) Humongous regions: 0->0
[2022-11-19T00:47:40.530+0100][gc,metaspace] GC(0) Metaspace: 7801K(8000K)->7801K(8000K) NonClass: 6917K(7040K)->6917K(7040K) Class: 883K(960K)->883K(960K)
[2022-11-19T00:47:40.530+0100][gc          ] GC(0) Pause Young (Normal) (G1 Evacuation Pause) 25M->8M(512M) 5.162ms
[2022-11-19T00:47:40.530+0100][gc,cpu      ] GC(0) User=0.02s Sys=0.01s Real=0.01s
[2022-11-19T00:49:38.148+0100][gc,heap,exit] Heap
[2022-11-19T00:49:38.149+0100][gc,heap,exit]  garbage-first heap   total 524288K, used 13437K [0x00000007e0000000, 0x0000000800000000)
[2022-11-19T00:49:38.149+0100][gc,heap,exit]   region size 1024K, 10 young (10240K), 4 survivors (4096K)
[2022-11-19T00:49:38.149+0100][gc,heap,exit]  Metaspace       used 8173K, committed 8384K, reserved 1056768K
[2022-11-19T00:49:38.149+0100][gc,heap,exit]   class space    used 905K, committed 1024K, reserved 1048576K
